Component: Arm Compiler for Embedded 6.24 Tool: armlink [5f371500]

==============================================================================

Section Cross References

    startup_stm32f40_41xxx.o(STACK) refers (Special) to heapauxi.o(.text) for __use_two_region_memory
    startup_stm32f40_41xxx.o(HEAP) refers (Special) to heapauxi.o(.text) for __use_two_region_memory
    startup_stm32f40_41xxx.o(RESET) refers (Special) to heapauxi.o(.text) for __use_two_region_memory
    startup_stm32f40_41xxx.o(RESET) refers to startup_stm32f40_41xxx.o(STACK) for __initial_sp
    startup_stm32f40_41xxx.o(RESET) refers to startup_stm32f40_41xxx.o(.text) for Reset_Handler
    startup_stm32f40_41xxx.o(RESET) refers to stm32f4xx_it.o(.text.NMI_Handler) for NMI_Handler
    startup_stm32f40_41xxx.o(RESET) refers to stm32f4xx_it.o(.text.HardFault_Handler) for HardFault_Handler
    startup_stm32f40_41xxx.o(RESET) refers to stm32f4xx_it.o(.text.MemManage_Handler) for MemManage_Handler
    startup_stm32f40_41xxx.o(RESET) refers to stm32f4xx_it.o(.text.BusFault_Handler) for BusFault_Handler
    startup_stm32f40_41xxx.o(RESET) refers to stm32f4xx_it.o(.text.UsageFault_Handler) for UsageFault_Handler
    startup_stm32f40_41xxx.o(RESET) refers to stm32f4xx_it.o(.text.DebugMon_Handler) for DebugMon_Handler
    startup_stm32f40_41xxx.o(RESET) refers to stm32f4xx_it.o(.text.EXTI0_IRQHandler) for EXTI0_IRQHandler
    startup_stm32f40_41xxx.o(RESET) refers to stm32f4xx_it.o(.text.EXTI2_IRQHandler) for EXTI2_IRQHandler
    startup_stm32f40_41xxx.o(RESET) refers to stm32f4xx_it.o(.text.EXTI3_IRQHandler) for EXTI3_IRQHandler
    startup_stm32f40_41xxx.o(RESET) refers to stm32f4xx_it.o(.text.CAN1_RX0_IRQHandler) for CAN1_RX0_IRQHandler
    startup_stm32f40_41xxx.o(RESET) refers to stm32f4xx_it.o(.text.EXTI9_5_IRQHandler) for EXTI9_5_IRQHandler
    startup_stm32f40_41xxx.o(RESET) refers to stm32f4xx_it.o(.text.TIM1_UP_TIM10_IRQHandler) for TIM1_UP_TIM10_IRQHandler
    startup_stm32f40_41xxx.o(.text) refers (Special) to heapauxi.o(.text) for __use_two_region_memory
    startup_stm32f40_41xxx.o(.text) refers to system_stm32f4xx.o(.text.SystemInit) for SystemInit
    startup_stm32f40_41xxx.o(.text) refers to __main.o(!!!main) for __main
    startup_stm32f40_41xxx.o(.text) refers to startup_stm32f40_41xxx.o(HEAP) for Heap_Mem
    startup_stm32f40_41xxx.o(.text) refers to startup_stm32f40_41xxx.o(STACK) for Stack_Mem
    system_stm32f4xx.o(.text.SystemInit) refers to system_stm32f4xx.o(.text.SetSysClock) for SetSysClock
    system_stm32f4xx.o(.ARM.exidx.text.SystemInit) refers to system_stm32f4xx.o(.text.SystemInit) for [Anonymous Symbol]
    system_stm32f4xx.o(.ARM.exidx.text.SetSysClock) refers to system_stm32f4xx.o(.text.SetSysClock) for [Anonymous Symbol]
    system_stm32f4xx.o(.text.SystemCoreClockUpdate) refers to system_stm32f4xx.o(.data.SystemCoreClock) for SystemCoreClock
    system_stm32f4xx.o(.text.SystemCoreClockUpdate) refers to system_stm32f4xx.o(.rodata.AHBPrescTable) for AHBPrescTable
    system_stm32f4xx.o(.ARM.exidx.text.SystemCoreClockUpdate) refers to system_stm32f4xx.o(.text.SystemCoreClockUpdate) for [Anonymous Symbol]
    stm32f4xx_it.o(.ARM.exidx.text.NMI_Handler) refers to stm32f4xx_it.o(.text.NMI_Handler) for [Anonymous Symbol]
    stm32f4xx_it.o(.ARM.exidx.text.HardFault_Handler) refers to stm32f4xx_it.o(.text.HardFault_Handler) for [Anonymous Symbol]
    stm32f4xx_it.o(.ARM.exidx.text.MemManage_Handler) refers to stm32f4xx_it.o(.text.MemManage_Handler) for [Anonymous Symbol]
    stm32f4xx_it.o(.ARM.exidx.text.BusFault_Handler) refers to stm32f4xx_it.o(.text.BusFault_Handler) for [Anonymous Symbol]
    stm32f4xx_it.o(.ARM.exidx.text.UsageFault_Handler) refers to stm32f4xx_it.o(.text.UsageFault_Handler) for [Anonymous Symbol]
    stm32f4xx_it.o(.ARM.exidx.text.DebugMon_Handler) refers to stm32f4xx_it.o(.text.DebugMon_Handler) for [Anonymous Symbol]
    stm32f4xx_it.o(.text.EXTI2_IRQHandler) refers to remote.o(.text.Remote_EXTI2_IRQHandler) for Remote_EXTI2_IRQHandler
    stm32f4xx_it.o(.ARM.exidx.text.EXTI2_IRQHandler) refers to stm32f4xx_it.o(.text.EXTI2_IRQHandler) for [Anonymous Symbol]
    stm32f4xx_it.o(.text.EXTI0_IRQHandler) refers to remote.o(.text.Remote_EXTI0_IRQHandler) for Remote_EXTI0_IRQHandler
    stm32f4xx_it.o(.ARM.exidx.text.EXTI0_IRQHandler) refers to stm32f4xx_it.o(.text.EXTI0_IRQHandler) for [Anonymous Symbol]
    stm32f4xx_it.o(.text.EXTI3_IRQHandler) refers to remote.o(.text.Remote_EXTI3_IRQHandler) for Remote_EXTI3_IRQHandler
    stm32f4xx_it.o(.ARM.exidx.text.EXTI3_IRQHandler) refers to stm32f4xx_it.o(.text.EXTI3_IRQHandler) for [Anonymous Symbol]
    stm32f4xx_it.o(.text.EXTI9_5_IRQHandler) refers to remote.o(.text.Remote_EXTI9_5_IRQHandler) for Remote_EXTI9_5_IRQHandler
    stm32f4xx_it.o(.ARM.exidx.text.EXTI9_5_IRQHandler) refers to stm32f4xx_it.o(.text.EXTI9_5_IRQHandler) for [Anonymous Symbol]
[...]
    SDIO_IRQHandler                          0x0800032b   Thumb Code     0  startup_stm32f40_41xxx.o(.text)
    SPI1_IRQHandler                          0x0800032b   Thumb Code     0  startup_stm32f40_41xxx.o(.text)
    SPI2_IRQHandler                          0x0800032b   Thumb Code     0  startup_stm32f40_41xxx.o(.text)
    SPI3_IRQHandler                          0x0800032b   Thumb Code     0  startup_stm32f40_41xxx.o(.text)
    TAMP_STAMP_IRQHandler                    0x0800032b   Thumb Code     0  startup_stm32f40_41xxx.o(.text)
    TIM1_BRK_TIM9_IRQHandler                 0x0800032b   Thumb Code     0  startup_stm32f40_41xxx.o(.text)
    TIM1_CC_IRQHandler                       0x0800032b   Thumb Code     0  startup_stm32f40_41xxx.o(.text)
    TIM1_TRG_COM_TIM11_IRQHandler            0x0800032b   Thumb Code     0  startup_stm32f40_41xxx.o(.text)
    TIM2_IRQHandler                          0x0800032b   Thumb Code     0  startup_stm32f40_41xxx.o(.text)
    TIM3_IRQHandler                          0x0800032b   Thumb Code     0  startup_stm32f40_41xxx.o(.text)
    TIM4_IRQHandler                          0x0800032b   Thumb Code     0  startup_stm32f40_41xxx.o(.text)
    TIM5_IRQHandler                          0x0800032b   Thumb Code     0  startup_stm32f40_41xxx.o(.text)
    TIM6_DAC_IRQHandler                      0x0800032b   Thumb Code     0  startup_stm32f40_41xxx.o(.text)
    TIM7_IRQHandler                          0x0800032b   Thumb Code     0  startup_stm32f40_41xxx.o(.text)
    TIM8_BRK_TIM12_IRQHandler                0x0800032b   Thumb Code     0  startup_stm32f40_41xxx.o(.text)
    TIM8_CC_IRQHandler                       0x0800032b   Thumb Code     0  startup_stm32f40_41xxx.o(.text)
    TIM8_TRG_COM_TIM14_IRQHandler            0x0800032b   Thumb Code     0  startup_stm32f40_41xxx.o(.text)
    TIM8_UP_TIM13_IRQHandler                 0x0800032b   Thumb Code     0  startup_stm32f40_41xxx.o(.text)
    UART4_IRQHandler                         0x0800032b   Thumb Code     0  startup_stm32f40_41xxx.o(.text)
    UART5_IRQHandler                         0x0800032b   Thumb Code     0  startup_stm32f40_41xxx.o(.text)
    USART1_IRQHandler                        0x0800032b   Thumb Code     0  startup_stm32f40_41xxx.o(.text)
    USART2_IRQHandler                        0x0800032b   Thumb Code     0  startup_stm32f40_41xxx.o(.text)
    USART3_IRQHandler                        0x0800032b   Thumb Code     0  startup_stm32f40_41xxx.o(.text)
    USART6_IRQHandler                        0x0800032b   Thumb Code     0  startup_stm32f40_41xxx.o(.text)
    WWDG_IRQHandler                          0x0800032b   Thumb Code     0  startup_stm32f40_41xxx.o(.text)
    __user_initial_stackheap                 0x0800032d   Thumb Code     0  startup_stm32f40_41xxx.o(.text)
    printf                                   0x08000351   Thumb Code    20  printf.o(.text)
    __use_two_region_memory                  0x08000369   Thumb Code     2  heapauxi.o(.text)
    __rt_heap_escrow                         0x0800036b   Thumb Code     2  heapauxi.o(.text)
    __rt_heap_expand                         0x0800036d   Thumb Code     2  heapauxi.o(.text)
    _printf_pre_padding                      0x0800036f   Thumb Code    44  _printf_pad.o(.text)
    _printf_post_padding                     0x0800039b   Thumb Code    34  _printf_pad.o(.text)
    _printf_truncate_signed                  0x080003bd   Thumb Code    18  _printf_truncate.o(.text)
    _printf_truncate_unsigned                0x080003cf   Thumb Code    18  _printf_truncate.o(.text)
    _printf_str                              0x080003e1   Thumb Code    82  _printf_str.o(.text)
    _printf_int_dec                          0x08000435   Thumb Code   104  _printf_dec.o(.text)
    _printf_charcount                        0x080004ad   Thumb Code    40  _printf_charcount.o(.text)
    _printf_char_file                        0x080004d5   Thumb Code    32  _printf_char_file.o(.text)
    _printf_wctomb                           0x080004f9   Thumb Code   182  _printf_wctomb.o(.text)
    _printf_longlong_dec                     0x080005b5   Thumb Code   108  _printf_longlong_dec.o(.text)
    _printf_longlong_oct                     0x08000631   Thumb Code    68  _printf_oct_int_ll.o(.text)
    _printf_int_oct                          0x08000675   Thumb Code    24  _printf_oct_int_ll.o(.text)
    _printf_ll_oct                           0x0800068d   Thumb Code    12  _printf_oct_int_ll.o(.text)
    _printf_longlong_hex                     0x080006a1   Thumb Code    86  _printf_hex_int_ll_ptr.o(.text)
    _printf_int_hex                          0x080006f7   Thumb Code    28  _printf_hex_int_ll_ptr.o(.text)
    _printf_ll_hex                           0x08000713   Thumb Code    12  _printf_hex_int_ll_ptr.o(.text)
    _printf_hex_ptr                          0x0800071f   Thumb Code    18  _printf_hex_int_ll_ptr.o(.text)
    __printf                                 0x08000735   Thumb Code   388  __printf_flags_ss_wp.o(.text)
    _ll_udiv10                               0x080008bd   Thumb Code   138  lludiv10.o(.text)
    _printf_int_common                       0x08000947   Thumb Code   178  _printf_intcommon.o(.text)
    _printf_fp_dec_real                      0x08000ba9   Thumb Code   620  _printf_fp_dec.o(.text)
    _printf_fp_hex_real                      0x08000e15   Thumb Code   756  _printf_fp_hex.o(.text)
    _printf_char_common                      0x0800111b   Thumb Code    32  _printf_char_common.o(.text)
    _printf_cs_common                        0x08001141   Thumb Code    20  _printf_char.o(.text)
    _printf_char                             0x08001155   Thumb Code    16  _printf_char.o(.text)
    _printf_string                           0x08001165   Thumb Code     8  _printf_char.o(.text)
    _printf_lcs_common                       0x0800116d   Thumb Code    20  _printf_wchar.o(.text)
    _printf_wchar                            0x08001181   Thumb Code    16  _printf_wchar.o(.text)
    _printf_wstring                          0x08001191   Thumb Code     8  _printf_wchar.o(.text)
    ferror                                   0x08001199   Thumb Code     8  ferror.o(.text)
    _initio                                  0x080011a1   Thumb Code   210  initio.o(.text)
    _terminateio                             0x08001273   Thumb Code    56  initio.o(.text)
    _c16rtomb                                0x080012d9   Thumb Code    72  _c16rtomb.o(.text)
    _wcrtomb                                 0x080012d9   Thumb Code     0  _c16rtomb.o(.text)
    __user_setup_stackheap                   0x08001321   Thumb Code    74  sys_stackheap_outer.o(.text)
    __rt_ctype_table                         0x0800136d   Thumb Code    16  rt_ctype_table.o(.text)
    __rt_locale                              0x0800137d   Thumb Code     8  rt_locale_intlibspace.o(.text)
    free                                     0x08001385   Thumb Code    78  h1_free.o(.text)
    _printf_fp_infnan                        0x080013d5   Thumb Code   112  _printf_fp_infnan.o(.text)
    _btod_etento                             0x08001455   Thumb Code   224  bigflt0.o(.text)
    setvbuf                                  0x08001539   Thumb Code    70  setvbuf.o(.text)
    freopen                                  0x08001581   Thumb Code   160  fopen.o(.text)
    fopen                                    0x08001621   Thumb Code    74  fopen.o(.text)
    _fclose_internal                         0x08001671   Thumb Code    76  fclose.o(.text)
    fclose                                   0x08001671   Thumb Code     0  fclose.o(.text)
    exit                                     0x080016bd   Thumb Code    18  exit.o(.text)
    __rt_SIGRTRED                            0x080016cf   Thumb Code    14  defsig_rtred_outer.o(.text)
    __aeabi_memclr4                          0x080016dd   Thumb Code     0  rt_memclr_w.o(.text)
    __aeabi_memclr8                          0x080016dd   Thumb Code     0  rt_memclr_w.o(.text)
    __rt_memclr_w                            0x080016dd   Thumb Code     0  rt_memclr_w.o(.text)
    _memset_w                                0x080016e1   Thumb Code    74  rt_memclr_w.o(.text)
    _sys_open                                0x0800172b   Thumb Code    20  sys_io.o(.text)
    _sys_close                               0x0800173f   Thumb Code    12  sys_io.o(.text)
    _sys_write                               0x0800174b   Thumb Code    16  sys_io.o(.text)
    _sys_read                                0x0800175b   Thumb Code    14  sys_io.o(.text)
    _sys_istty                               0x08001769   Thumb Code    12  sys_io.o(.text)
    _sys_seek                                0x08001775   Thumb Code    14  sys_io.o(.text)
    _sys_ensure                              0x08001783   Thumb Code     2  sys_io.o(.text)
    _sys_flen                                0x08001785   Thumb Code    12  sys_io.o(.text)
    __user_libspace                          0x08001791   Thumb Code     8  libspace.o(.text)
    __user_perproc_libspace                  0x08001791   Thumb Code     0  libspace.o(.text)
    __user_perthread_libspace                0x08001791   Thumb Code     0  libspace.o(.text)
    __rt_heap_descriptor                     0x08001799   Thumb Code     8  rt_heap_descriptor_intlibspace.o(.text)
    __use_no_heap                            0x080017a1   Thumb Code     2  hguard.o(.text)
    __heap$guard                             0x080017a3   Thumb Code     2  hguard.o(.text)
    _terminate_user_alloc                    0x080017a5   Thumb Code     2  init_alloc.o(.text)
    _init_user_alloc                         0x080017a7   Thumb Code     2  init_alloc.o(.text)
    __Heap_Full                              0x080017a9   Thumb Code    34  init_alloc.o(.text)
    __Heap_Broken                            0x080017cb   Thumb Code     6  init_alloc.o(.text)
    _init_alloc                              0x080017d1   Thumb Code    94  init_alloc.o(.text)
    malloc                                   0x0800182f   Thumb Code    94  h1_alloc.o(.text)
    _fseek                                   0x0800188d   Thumb Code   242  fseek.o(.text)
    fseek                                    0x0800188d   Thumb Code     0  fseek.o(.text)
    _seterr                                  0x08001985   Thumb Code    20  stdio.o(.text)
    _writebuf                                0x08001999   Thumb Code   108  stdio.o(.text)
    _fflush                                  0x08001a05   Thumb Code    70  stdio.o(.text)
    _deferredlazyseek                        0x08001a4b   Thumb Code    60  stdio.o(.text)
    __sig_exit                               0x08001a8d   Thumb Code    10  defsig_exit.o(.text)
    __rt_SIGRTRED_inner                      0x08001a99   Thumb Code    14  defsig_rtred_inner.o(.text)
    strcmp                                   0x08001ad1   Thumb Code   124  strcmpv7em.o(.text)
    _sys_exit                                0x08001b4d   Thumb Code     8  sys_exit.o(.text)
    __I$use$semihosting                      0x08001b59   Thumb Code     0  use_no_semi.o(.text)
    __use_no_semihosting_swi                 0x08001b59   Thumb Code     2  use_no_semi.o(.text)
    __Heap_Initialize                        0x08001b5b   Thumb Code     8  h1_init.o(.text)
    __semihosting_library_function           0x08001b5b   Thumb Code     0  indicate_semi.o(.text)
    _maybe_terminate_alloc                   0x08001b5b   Thumb Code     0  maybetermalloc1.o(.text)
    __Heap_DescSize                          0x08001b63   Thumb Code     4  h1_init.o(.text)
    __Heap_ProvideMemory                     0x08001b67   Thumb Code    52  h1_extend.o(.text)
    _ftell_internal                          0x08001b9b   Thumb Code    66  ftell.o(.text)
    ftell                                    0x08001b9b   Thumb Code     0  ftell.o(.text)
    __default_signal_display                 0x08001bdd   Thumb Code    50  defsig_general.o(.text)
    __rt_SIGRTMEM                            0x08001c0f   Thumb Code    14  defsig_rtmem_outer.o(.text)
    strlen                                   0x08001c1d   Thumb Code    62  strlen.o(.text)
    _ttywrch                                 0x08001c5b   Thumb Code    14  sys_wrch.o(.text)
    __aeabi_errno_addr                       0x08001c69   Thumb Code     8  rt_errno_addr_intlibspace.o(.text)
    __errno$intlibspace                      0x08001c69   Thumb Code     0  rt_errno_addr_intlibspace.o(.text)
    __rt_errno_addr$intlibspace              0x08001c69   Thumb Code     0  rt_errno_addr_intlibspace.o(.text)
    __rt_SIGRTMEM_inner                      0x08001c71   Thumb Code    22  defsig_rtmem_inner.o(.text)
    ADC_Cmd                                  0x08001cc1   Thumb Code    44  stm32f4xx_adc.o(.text.ADC_Cmd)
    ADC_CommonInit                           0x08001ced   Thumb Code    68  stm32f4xx_adc.o(.text.ADC_CommonInit)
    ADC_CommonStructInit                     0x08001d31   Thumb Code    26  stm32f4xx_adc.o(.text.ADC_CommonStructInit)
    ADC_GetConversionValue                   0x08001d4d   Thumb Code    14  stm32f4xx_adc.o(.text.ADC_GetConversionValue)
    ADC_GetFlagStatus                        0x08001d5d   Thumb Code    52  stm32f4xx_adc.o(.text.ADC_GetFlagStatus)
    ADC_Init                                 0x08001d91   Thumb Code   158  stm32f4xx_adc.o(.text.ADC_Init)
    ADC_RegularChannelConfig                 0x08001e31   Thumb Code   380  stm32f4xx_adc.o(.text.ADC_RegularChannelConfig)
    ADC_SoftwareStartConv                    0x08001fad   Thumb Code    18  stm32f4xx_adc.o(.text.ADC_SoftwareStartConv)
    ADC_StructInit                           0x08001fc1   Thumb Code    40  stm32f4xx_adc.o(.text.ADC_StructInit)
    Actuator_Init                            0x0800203d   Thumb Code    20  actuator.o(.text.Actuator_Init)
    Actuator_Task                            0x08002051   Thumb Code   290  actuator.o(.text.Actuator_Task)
    Actuator_UpdateFromRC                    0x08002175   Thumb Code  1122  actuator.o(.text.Actuator_UpdateFromRC)
    BusFault_Handler                         0x080025d9   Thumb Code     4  stm32f4xx_it.o(.text.BusFault_Handler)
    CAN1_RX0_IRQHandler                      0x080025dd   Thumb Code     8  stm32f4xx_it.o(.text.CAN1_RX0_IRQHandler)
    CAN_ClearITPendingBit                    0x080025e5   Thumb Code   238  stm32f4xx_can.o(.text.CAN_ClearITPendingBit)
    CAN_DeInit                               0x080026d5   Thumb Code    70  stm32f4xx_can.o(.text.CAN_DeInit)
    CAN_FilterInit                           0x0800271d   Thumb Code   346  stm32f4xx_can.o(.text.CAN_FilterInit)
    CAN_GetITStatus                          0x08002879   Thumb Code   412  stm32f4xx_can.o(.text.CAN_GetITStatus)
    CAN_ITConfig                             0x08002a15   Thumb Code    46  stm32f4xx_can.o(.text.CAN_ITConfig)
    CAN_Init                                 0x08002a45   Thumb Code   446  stm32f4xx_can.o(.text.CAN_Init)
    CAN_MessagePending                       0x08002c05   Thumb Code    78  stm32f4xx_can.o(.text.CAN_MessagePending)
    CAN_Receive                              0x08002c55   Thumb Code   340  stm32f4xx_can.o(.text.CAN_Receive)
    CAN_StructInit                           0x08002da9   Thumb Code    60  stm32f4xx_can.o(.text.CAN_StructInit)
    CAN_Transmit                             0x08002de5   Thumb Code   322  stm32f4xx_can.o(.text.CAN_Transmit)
    CAN_TransmitStatus                       0x08002f29   Thumb Code   248  stm32f4xx_can.o(.text.CAN_TransmitStatus)
    DebugMon_Handler                         0x08003051   Thumb Code     2  stm32f4xx_it.o(.text.DebugMon_Handler)
    EXTI0_IRQHandler                         0x080031a9   Thumb Code     8  stm32f4xx_it.o(.text.EXTI0_IRQHandler)
    EXTI2_IRQHandler                         0x080031b1   Thumb Code     8  stm32f4xx_it.o(.text.EXTI2_IRQHandler)
    EXTI3_IRQHandler                         0x080031b9   Thumb Code     8  stm32f4xx_it.o(.text.EXTI3_IRQHandler)
    EXTI9_5_IRQHandler                       0x080031c1   Thumb Code     8  stm32f4xx_it.o(.text.EXTI9_5_IRQHandler)
    EXTI_ClearITPendingBit                   0x080031c9   Thumb Code    20  stm32f4xx_exti.o(.text.EXTI_ClearITPendingBit)
    EXTI_GetITStatus                         0x080031dd   Thumb Code    52  stm32f4xx_exti.o(.text.EXTI_GetITStatus)
    EXTI_Init                                0x08003211   Thumb Code   234  stm32f4xx_exti.o(.text.EXTI_Init)
    GPIO_Init                                0x08003811   Thumb Code   246  stm32f4xx_gpio.o(.text.GPIO_Init)
    GPIO_PinAFConfig                         0x08003909   Thumb Code   114  stm32f4xx_gpio.o(.text.GPIO_PinAFConfig)
    GPIO_ReadInputDataBit                    0x0800397d   Thumb Code    52  stm32f4xx_gpio.o(.text.GPIO_ReadInputDataBit)
    GPIO_ResetBits                           0x080039b1   Thumb Code    20  stm32f4xx_gpio.o(.text.GPIO_ResetBits)
    GPIO_SetBits                             0x080039c5   Thumb Code    20  stm32f4xx_gpio.o(.text.GPIO_SetBits)
    HardFault_Handler                        0x080039d9   Thumb Code     4  stm32f4xx_it.o(.text.HardFault_Handler)
    LineFollow_Init                          0x08003b9d   Thumb Code     8  line_follow.o(.text.LineFollow_Init)
    LineFollow_IsEnabled                     0x08003ba5   Thumb Code    12  line_follow.o(.text.LineFollow_IsEnabled)
    LineFollow_SetEnabled                    0x08003fe1   Thumb Code    74  line_follow.o(.text.LineFollow_SetEnabled)
    LineFollow_Task                          0x0800404d   Thumb Code   696  line_follow.o(.text.LineFollow_Task)
    MemManage_Handler                        0x08004305   Thumb Code     4  stm32f4xx_it.o(.text.MemManage_Handler)
    NMI_Handler                              0x08004309   Thumb Code     2  stm32f4xx_it.o(.text.NMI_Handler)
    NVIC_Init                                0x0800430d   Thumb Code   202  misc.o(.text.NVIC_Init)
    NVIC_PriorityGroupConfig                 0x080043d9   Thumb Code    28  misc.o(.text.NVIC_PriorityGroupConfig)
    RCC_AHB1PeriphClockCmd                   0x080043f5   Thumb Code    56  stm32f4xx_rcc.o(.text.RCC_AHB1PeriphClockCmd)
    RCC_APB1PeriphClockCmd                   0x0800442d   Thumb Code    56  stm32f4xx_rcc.o(.text.RCC_APB1PeriphClockCmd)
    RCC_APB1PeriphResetCmd                   0x08004465   Thumb Code    56  stm32f4xx_rcc.o(.text.RCC_APB1PeriphResetCmd)
    RCC_APB2PeriphClockCmd                   0x0800449d   Thumb Code    56  stm32f4xx_rcc.o(.text.RCC_APB2PeriphClockCmd)
    RCC_GetClocksFreq                        0x080044d5   Thumb Code   354  stm32f4xx_rcc.o(.text.RCC_GetClocksFreq)
    Remote_EXTI0_IRQHandler                  0x08004869   Thumb Code    10  remote.o(.text.Remote_EXTI0_IRQHandler)
    Remote_EXTI2_IRQHandler                  0x08004875   Thumb Code    10  remote.o(.text.Remote_EXTI2_IRQHandler)
    Remote_EXTI3_IRQHandler                  0x08004881   Thumb Code    10  remote.o(.text.Remote_EXTI3_IRQHandler)
    Remote_EXTI9_5_IRQHandler                0x0800488d   Thumb Code    22  remote.o(.text.Remote_EXTI9_5_IRQHandler)
    Remote_GetUs                             0x080049c1   Thumb Code    76  remote.o(.text.Remote_GetUs)
    Remote_Init                              0x08004b51   Thumb Code    16  remote.o(.text.Remote_Init)
    Remote_TIM10_IRQHandler                  0x08004c29   Thumb Code    54  remote.o(.text.Remote_TIM10_IRQHandler)
    SYSCFG_EXTILineConfig                    0x08004cfd   Thumb Code    86  stm32f4xx_syscfg.o(.text.SYSCFG_EXTILineConfig)
    SystemCoreClockUpdate                    0x08004f3d   Thumb Code   302  system_stm32f4xx.o(.text.SystemCoreClockUpdate)
    SystemInit                               0x0800506d   Thumb Code   116  system_stm32f4xx.o(.text.SystemInit)
    TIM1_UP_TIM10_IRQHandler                 0x080050e1   Thumb Code     8  stm32f4xx_it.o(.text.TIM1_UP_TIM10_IRQHandler)
    TIM_ARRPreloadConfig                     0x080050e9   Thumb Code    44  stm32f4xx_tim.o(.text.TIM_ARRPreloadConfig)
    TIM_ClearFlag                            0x08005115   Thumb Code    22  stm32f4xx_tim.o(.text.TIM_ClearFlag)
    TIM_ClearITPendingBit                    0x0800512d   Thumb Code    22  stm32f4xx_tim.o(.text.TIM_ClearITPendingBit)
    TIM_Cmd                                  0x08005145   Thumb Code    44  stm32f4xx_tim.o(.text.TIM_Cmd)
    TIM_GetITStatus                          0x08005171   Thumb Code    90  stm32f4xx_tim.o(.text.TIM_GetITStatus)
    TIM_ITConfig                             0x080051cd   Thumb Code    52  stm32f4xx_tim.o(.text.TIM_ITConfig)
    TIM_OC1Init                              0x08005201   Thumb Code   304  stm32f4xx_tim.o(.text.TIM_OC1Init)
    TIM_OC1PreloadConfig                     0x08005331   Thumb Code    60  stm32f4xx_tim.o(.text.TIM_OC1PreloadConfig)
    TIM_TimeBaseInit                         0x0800536d   Thumb Code   270  stm32f4xx_tim.o(.text.TIM_TimeBaseInit)
    TIM_TimeBaseStructInit                   0x0800547d   Thumb Code    34  stm32f4xx_tim.o(.text.TIM_TimeBaseStructInit)
    USART_Cmd                                0x080054a1   Thumb Code    44  stm32f4xx_usart.o(.text.USART_Cmd)
    USART_GetFlagStatus                      0x080054cd   Thumb Code    68  stm32f4xx_usart.o(.text.USART_GetFlagStatus)
    USART_Init                               0x08005511   Thumb Code   354  stm32f4xx_usart.o(.text.USART_Init)
    USART_SendData                           0x08005675   Thumb Code    24  stm32f4xx_usart.o(.text.USART_SendData)
    UsageFault_Handler                       0x0800568d   Thumb Code     4  stm32f4xx_it.o(.text.UsageFault_Handler)
    VescCan_DebugPoll                        0x08005691   Thumb Code     8  vesc_can.o(.text.VescCan_DebugPoll)
    VescCan_Init                             0x0800572d   Thumb Code   132  vesc_can.o(.text.VescCan_Init)
    VescCan_RX0_IRQHandler                   0x080057d5   Thumb Code   308  vesc_can.o(.text.VescCan_RX0_IRQHandler)
    VescCan_SetBrakeCurrent                  0x08005a29   Thumb Code    28  vesc_can.o(.text.VescCan_SetBrakeCurrent)
    VescCan_SetRpm                           0x08005a45   Thumb Code    78  vesc_can.o(.text.VescCan_SetRpm)
    fputc                                    0x08005b2d   Thumb Code    52  main.o(.text.fputc)
    main                                     0x08005b61   Thumb Code   454  main.o(.text.main)
    _btod_d2e                                0x08005d27   Thumb Code    62  btod.o(CL$$btod_d2e)
    _d2e_denorm_low                          0x08005d65   Thumb Code    70  btod.o(CL$$btod_d2e_denorm_low)
    _d2e_norm_op1                            0x08005dab   Thumb Code    96  btod.o(CL$$btod_d2e_norm_op1)
    __btod_div_common                        0x08005e0d   Thumb Code   696  btod.o(CL$$btod_div_common)
    _e2e                                     0x08006145   Thumb Code   220  btod.o(CL$$btod_e2e)
    _btod_ediv                               0x08006221   Thumb Code    42  btod.o(CL$$btod_ediv)
    _btod_emul                               0x0800624b   Thumb Code    42  btod.o(CL$$btod_emul)
    __btod_mult_common                       0x08006275   Thumb Code   580  btod.o(CL$$btod_mult_common)
    __ARM_fpclassify                         0x080064b9   Thumb Code    48  fpclassify.o(i.__ARM_fpclassify)
    _is_digit                                0x080064e9   Thumb Code    14  __printf_wp.o(i._is_digit)
    _get_lc_numeric                          0x080064f9   Thumb Code    44  lc_numeric_c.o(locale$$code)
    _get_lc_ctype                            0x08006525   Thumb Code    44  lc_ctype_c.o(locale$$code)
    _fp_init                                 0x08006551   Thumb Code    26  fpinit.o(x$fpl$fpinit)
    __fplib_config_fpu_vfp                   0x08006569   Thumb Code     0  fpinit.o(x$fpl$fpinit)
    __fplib_config_pureend_doubles           0x08006569   Thumb Code     0  fpinit.o(x$fpl$fpinit)
    _printf_fp_dec                           0x0800656b   Thumb Code     4  printf1.o(x$fpl$printf1)
    _printf_fp_hex                           0x0800656f   Thumb Code     4  printf2.o(x$fpl$printf2)
    __I$use$fp                               0x08006572   Number         0  usenofp.o(x$fpl$usenofp)
    __stdin_name                             0x080065db   Data           4  sys_io_names.o(.constdata)
    __stdout_name                            0x080065df   Data           4  sys_io_names.o(.constdata)
    __stderr_name                            0x080065e3   Data           4  sys_io_names.o(.constdata)
    AHBPrescTable                            0x0800667c   Data          16  system_stm32f4xx.o(.rodata.AHBPrescTable)
    Region$$Table$$Base                      0x08006714   Number         0  anon$$obj.o(Region$$Table)
    Region$$Table$$Limit                     0x08006734   Number         0  anon$$obj.o(Region$$Table)
    __ctype                                  0x0800675d   Data           0  lc_ctype_c.o(locale$$data)
    __aeabi_stdin                            0x20000000   Data           4  stdio_streams.o(.data)
    __aeabi_stdout                           0x20000004   Data           4  stdio_streams.o(.data)
    __aeabi_stderr                           0x20000008   Data           4  stdio_streams.o(.data)
    Act_GripperMode                          0x2000000c   Data           1  actuator.o(.data.Act_GripperMode)
    Act_GripperPulse                         0x2000000e   Data           2  actuator.o(.data.Act_GripperPulse)
    Act_LiftPulseCount                       0x20000010   Data           2  actuator.o(.data.Act_LiftPulseCount)
    Act_VescEnable                           0x20000012   Data           1  actuator.o(.data.Act_VescEnable)
    LineFollow_Center                        0x20000014   Data           2  line_follow.o(.data.LineFollow_Center)
    LineFollow_Lost                          0x20000016   Data           1  line_follow.o(.data.LineFollow_Lost)
    SystemCoreClock                          0x20000018   Data           4  system_stm32f4xx.o(.data.SystemCoreClock)
    VescCan_LastMailbox                      0x2000001c   Data           1  vesc_can.o(.data.VescCan_LastMailbox)
    VescCan_LastTxStatus                     0x2000001d   Data           1  vesc_can.o(.data.VescCan_LastTxStatus)
    __stdin                                  0x20000028   Data          84  stdio_streams.o(.bss)
    __stdout                                 0x2000007c   Data          84  stdio_streams.o(.bss)
    __stderr                                 0x200000d0   Data          84  stdio_streams.o(.bss)
    __libspace_start                         0x20000124   Data          96  libspace.o(.bss)
    Act_LeftMotor                            0x20000184   Data           2  actuator.o(.bss.Act_LeftMotor)
    __temporary_stack_top$libspace           0x20000184   Data           0  libspace.o(.bss)
    Act_LiftMode                             0x20000186   Data           1  actuator.o(.bss.Act_LiftMode)
    Act_LiftSpeed                            0x20000188   Data           2  actuator.o(.bss.Act_LiftSpeed)
    Act_LiftTargetPulse                      0x2000018c   Data           4  actuator.o(.bss.Act_LiftTargetPulse)
    Act_LiftTriggerCount                     0x20000190   Data           4  actuator.o(.bss.Act_LiftTriggerCount)
    Act_MoveCmd                              0x20000194   Data           2  actuator.o(.bss.Act_MoveCmd)
    Act_RightMotor                           0x20000196   Data           2  actuator.o(.bss.Act_RightMotor)
    Act_SpeedScale                           0x20000198   Data           2  actuator.o(.bss.Act_SpeedScale)
    Act_TurnCmd                              0x2000019a   Data           2  actuator.o(.bss.Act_TurnCmd)
    DEBUG_AliveCount                         0x2000019c   Data           4  main.o(.bss.DEBUG_AliveCount)
    DEBUG_BootCFGR                           0x200001a0   Data           4  main.o(.bss.DEBUG_BootCFGR)
    DEBUG_BootCR                             0x200001a4   Data           4  main.o(.bss.DEBUG_BootCR)
    DEBUG_BootSystemCoreClock                0x200001a8   Data           4  main.o(.bss.DEBUG_BootSystemCoreClock)
    DEBUG_DWT_Alive                          0x200001ac   Data           1  main.o(.bss.DEBUG_DWT_Alive)
    DEBUG_DWT_TestDelta                      0x200001b0   Data           4  main.o(.bss.DEBUG_DWT_TestDelta)
    DEBUG_HSERdy                             0x200001b4   Data           1  main.o(.bss.DEBUG_HSERdy)
    DEBUG_LineFollowEndUs                    0x200001b8   Data           4  main.o(.bss.DEBUG_LineFollowEndUs)
    DEBUG_LineFollowState                    0x200001bc   Data           1  main.o(.bss.DEBUG_LineFollowState)
    DEBUG_PA2_Level                          0x200001bd   Data           1  main.o(.bss.DEBUG_PA2_Level)
    DEBUG_PLLRdy                             0x200001be   Data           1  main.o(.bss.DEBUG_PLLRdy)
    DEBUG_SysclkSource                       0x200001bf   Data           1  main.o(.bss.DEBUG_SysclkSource)
    LineFollow_Cross                         0x200001c0   Data           1  line_follow.o(.bss.LineFollow_Cross)
    LineFollow_CrossCount                    0x200001c4   Data           4  line_follow.o(.bss.LineFollow_CrossCount)
    LineFollow_Enabled                       0x200001c8   Data           1  line_follow.o(.bss.LineFollow_Enabled)
    LineFollow_FrameCount                    0x200001cc   Data           4  line_follow.o(.bss.LineFollow_FrameCount)
    LineFollow_KeyToggleCount                0x200001d0   Data           4  line_follow.o(.bss.LineFollow_KeyToggleCount)
    LineFollow_LeftCmdErpm                   0x200001d4   Data           2  line_follow.o(.bss.LineFollow_LeftCmdErpm)
    LineFollow_Position                      0x200001d6   Data           2  line_follow.o(.bss.LineFollow_Position)
    LineFollow_Reverse                       0x200001d8   Data           1  line_follow.o(.bss.LineFollow_Reverse)
    LineFollow_RightCmdErpm                  0x200001da   Data           2  line_follow.o(.bss.LineFollow_RightCmdErpm)
    LineFollow_Threshold                     0x200001dc   Data           2  line_follow.o(.bss.LineFollow_Threshold)
    LineFollow_Width                         0x200001de   Data           2  line_follow.o(.bss.LineFollow_Width)
    RC_CH                                    0x200001e0   Data          12  remote.o(.bss.RC_CH)
    RC_CH1_EdgeCount                         0x200001ec   Data           4  remote.o(.bss.RC_CH1_EdgeCount)
    RC_CH1_FallCount                         0x200001f0   Data           4  remote.o(.bss.RC_CH1_FallCount)
    RC_CH1_Level                             0x200001f4   Data           1  remote.o(.bss.RC_CH1_Level)
    RC_CH1_Pulse                             0x200001f6   Data           2  remote.o(.bss.RC_CH1_Pulse)
    RC_CH1_RiseCount                         0x200001f8   Data           4  remote.o(.bss.RC_CH1_RiseCount)
    RC_CH1_Updated                           0x200001fc   Data           1  remote.o(.bss.RC_CH1_Updated)
    RC_CH_EdgeCount                          0x20000200   Data          24  remote.o(.bss.RC_CH_EdgeCount)
    RC_CH_FallCount                          0x20000218   Data          24  remote.o(.bss.RC_CH_FallCount)
    RC_CH_Level                              0x20000230   Data           6  remote.o(.bss.RC_CH_Level)
    RC_CH_RiseCount                          0x20000238   Data          24  remote.o(.bss.RC_CH_RiseCount)
    RC_CH_Updated                            0x20000250   Data           6  remote.o(.bss.RC_CH_Updated)
    VescCan_BusOff                           0x20000256   Data           1  vesc_can.o(.bss.VescCan_BusOff)
    VescCan_ErrorPassive                     0x20000257   Data           1  vesc_can.o(.bss.VescCan_ErrorPassive)
    VescCan_ErrorWarning                     0x20000258   Data           1  vesc_can.o(.bss.VescCan_ErrorWarning)
    VescCan_InitOk                           0x20000259   Data           1  vesc_can.o(.bss.VescCan_InitOk)
    VescCan_LastESR                          0x2000025c   Data           4  vesc_can.o(.bss.VescCan_LastESR)
    VescCan_LastErrorCode                    0x20000260   Data           1  vesc_can.o(.bss.VescCan_LastErrorCode)
    VescCan_LastMSR                          0x20000264   Data           4  vesc_can.o(.bss.VescCan_LastMSR)
    VescCan_LastStatusId                     0x20000268   Data           1  vesc_can.o(.bss.VescCan_LastStatusId)
    VescCan_LastTSR                          0x2000026c   Data           4  vesc_can.o(.bss.VescCan_LastTSR)
    VescCan_LeftLastErpm                     0x20000270   Data           4  vesc_can.o(.bss.VescCan_LeftLastErpm)
    VescCan_LeftStatusCurrent_dA             0x20000274   Data           2  vesc_can.o(.bss.VescCan_LeftStatusCurrent_dA)
    VescCan_LeftStatusDuty_milli             0x20000276   Data           2  vesc_can.o(.bss.VescCan_LeftStatusDuty_milli)
    VescCan_LeftStatusErpm                   0x20000278   Data           4  vesc_can.o(.bss.VescCan_LeftStatusErpm)
    VescCan_LeftStatusSeen                   0x2000027c   Data           1  vesc_can.o(.bss.VescCan_LeftStatusSeen)
    VescCan_RightLastErpm                    0x20000280   Data           4  vesc_can.o(.bss.VescCan_RightLastErpm)
    VescCan_RightStatusCurrent_dA            0x20000284   Data           2  vesc_can.o(.bss.VescCan_RightStatusCurrent_dA)
    VescCan_RightStatusDuty_milli            0x20000286   Data           2  vesc_can.o(.bss.VescCan_RightStatusDuty_milli)
    VescCan_RightStatusErpm                  0x20000288   Data           4  vesc_can.o(.bss.VescCan_RightStatusErpm)
    VescCan_RightStatusSeen                  0x2000028c   Data           1  vesc_can.o(.bss.VescCan_RightStatusSeen)
    VescCan_RxCount                          0x20000290   Data           4  vesc_can.o(.bss.VescCan_RxCount)
    VescCan_RxFifo0Pending                   0x20000294   Data           1  vesc_can.o(.bss.VescCan_RxFifo0Pending)
    VescCan_TxCount                          0x20000298   Data           4  vesc_can.o(.bss.VescCan_TxCount)
    VescCan_TxFailCount                      0x2000029c   Data           4  vesc_can.o(.bss.VescCan_TxFailCount)
    VescCan_TxNoMailboxCount                 0x200002a0   Data           4  vesc_can.o(.bss.VescCan_TxNoMailboxCount)
    VescCan_TxOkCount                        0x200002a4   Data           4  vesc_can.o(.bss.VescCan_TxOkCount)



==============================================================================

Memory Map of the image

  Image Entry point : 0x08000189

  Load Region LR_IROM1 (Base: 0x08000000, Size: 0x00006888, Max: 0x00080000, ABSOLUTE)

    Execution Region ER_IROM1 (Exec base: 0x08000000, Load base: 0x08000000, Size: 0x00006860, Max: 0x00080000, ABSOLUTE)

    Exec Addr    Load Addr    Size         Type   Attr      Idx    E Section Name        Object

    0x08000000   0x08000000   0x00000188   Data   RO            3    RESET               startup_stm32f40_41xxx.o
    0x08000188   0x08000188   0x00000008   Code   RO          910  * !!!main             c_w.l(__main.o)
    0x08000190   0x08000190   0x0000005c   Code   RO         1404    !!!scatter          c_w.l(__scatter.o)
    0x080001ec   0x080001ec   0x0000001a   Code   RO         1408    !!handler_copy      c_w.l(__scatter_copy.o)
    0x08000206   0x08000206   0x00000002   PAD
    0x08000208   0x08000208   0x00000002   Code   RO         1405    !!handler_null      c_w.l(__scatter.o)
    0x0800020a   0x0800020a   0x00000002   PAD
    0x0800020c   0x0800020c   0x0000001c   Code   RO         1410    !!handler_zi        c_w.l(__scatter_zi.o)
    0x08000228   0x08000228   0x00000000   Code   RO          992    .ARM.Collect$$_printf_percent$$00000000  c_w.l(_printf_percent.o)
    0x08000228   0x08000228   0x00000006   Code   RO          981    .ARM.Collect$$_printf_percent$$00000001  c_w.l(_printf_n.o)
    0x0800022e   0x0800022e   0x00000006   Code   RO          983    .ARM.Collect$$_printf_percent$$00000002  c_w.l(_printf_p.o)
    0x08000234   0x08000234   0x00000006   Code   RO          988    .ARM.Collect$$_printf_percent$$00000003  c_w.l(_printf_f.o)
    0x0800023a   0x0800023a   0x00000006   Code   RO          989    .ARM.Collect$$_printf_percent$$00000004  c_w.l(_printf_e.o)
    0x08000240   0x08000240   0x00000006   Code   RO          990    .ARM.Collect$$_printf_percent$$00000005  c_w.l(_printf_g.o)
    0x08000246   0x08000246   0x00000006   Code   RO          991    .ARM.Collect$$_printf_percent$$00000006  c_w.l(_printf_a.o)
    0x0800024c   0x0800024c   0x0000000a   Code   RO          996    .ARM.Collect$$_printf_percent$$00000007  c_w.l(_printf_ll.o)
    0x08000256   0x08000256   0x00000006   Code   RO          985    .ARM.Collect$$_printf_percent$$00000008  c_w.l(_printf_i.o)
    0x0800025c   0x0800025c   0x00000006   Code   RO          986    .ARM.Collect$$_printf_percent$$00000009  c_w.l(_printf_d.o)
    0x08000262   0x08000262   0x00000006   Code   RO          987    .ARM.Collect$$_printf_percent$$0000000A  c_w.l(_printf_u.o)
    0x08000268   0x08000268   0x00000006   Code   RO          984    .ARM.Collect$$_printf_percent$$0000000B  c_w.l(_printf_o.o)
    0x0800026e   0x0800026e   0x00000006   Code   RO          982    .ARM.Collect$$_printf_percent$$0000000C  c_w.l(_printf_x.o)
    0x08000274   0x08000274   0x00000006   Code   RO          993    .ARM.Collect$$_printf_percent$$0000000D  c_w.l(_printf_lli.o)
    0x0800027a   0x0800027a   0x00000006   Code   RO          994    .ARM.Collect$$_printf_percent$$0000000E  c_w.l(_printf_lld.o)
    0x08000280   0x08000280   0x00000006   Code   RO          995    .ARM.Collect$$_printf_percent$$0000000F  c_w.l(_printf_llu.o)
    0x08000286   0x08000286   0x00000006   Code   RO         1000    .ARM.Collect$$_printf_percent$$00000010  c_w.l(_printf_llo.o)
    0x0800028c   0x0800028c   0x00000006   Code   RO         1001    .ARM.Collect$$_printf_percent$$00000011  c_w.l(_printf_llx.o)
    0x08000292   0x08000292   0x0000000a   Code   RO          997    .ARM.Collect$$_printf_percent$$00000012  c_w.l(_printf_l.o)
    0x0800029c   0x0800029c   0x00000006   Code   RO          979    .ARM.Collect$$_printf_percent$$00000013  c_w.l(_printf_c.o)
    0x080002a2   0x080002a2   0x00000006   Code   RO          980    .ARM.Collect$$_printf_percent$$00000014  c_w.l(_printf_s.o)
    0x080002a8   0x080002a8   0x00000006   Code   RO          998    .ARM.Collect$$_printf_percent$$00000015  c_w.l(_printf_lc.o)
    0x080002ae   0x080002ae   0x00000006   Code   RO          999    .ARM.Collect$$_printf_percent$$00000016  c_w.l(_printf_ls.o)
    0x080002b4   0x080002b4   0x00000004   Code   RO         1048    .ARM.Collect$$_printf_percent$$00000017  c_w.l(_printf_percent_end.o)
    0x080002b8   0x080002b8   0x00000002   Code   RO         1187    .ARM.Collect$$libinit$$00000000  c_w.l(libinit.o)
    0x080002ba   0x080002ba   0x00000004   Code   RO         1188    .ARM.Collect$$libinit$$00000001  c_w.l(libinit2.o)
    0x080002be   0x080002be   0x00000000   Code   RO         1191    .ARM.Collect$$libinit$$00000004  c_w.l(libinit2.o)
    0x080002be   0x080002be   0x00000000   Code   RO         1193    .ARM.Collect$$libinit$$00000006  c_w.l(libinit2.o)
    0x080002be   0x080002be   0x00000008   Code   RO         1194    .ARM.Collect$$libinit$$00000007  c_w.l(libinit2.o)
    0x080002c6   0x080002c6   0x00000000   Code   RO         1196    .ARM.Collect$$libinit$$0000000C  c_w.l(libinit2.o)
    0x080002c6   0x080002c6   0x00000000   Code   RO         1198    .ARM.Collect$$libinit$$0000000E  c_w.l(libinit2.o)
    0x080002c6   0x080002c6   0x00000000   Code   RO         1200    .ARM.Collect$$libinit$$00000010  c_w.l(libinit2.o)
    0x080002c6   0x080002c6   0x00000006   Code   RO         1201    .ARM.Collect$$libinit$$00000011  c_w.l(libinit2.o)
    0x080002cc   0x080002cc   0x00000000   Code   RO         1203    .ARM.Collect$$libinit$$00000013  c_w.l(libinit2.o)
    0x080002cc   0x080002cc   0x0000000c   Code   RO         1204    .ARM.Collect$$libinit$$00000014  c_w.l(libinit2.o)
    0x080002d8   0x080002d8   0x00000000   Code   RO         1205    .ARM.Collect$$libinit$$00000015  c_w.l(libinit2.o)
    0x080002d8   0x080002d8   0x00000000   Code   RO         1207    .ARM.Collect$$libinit$$00000017  c_w.l(libinit2.o)
    0x080002d8   0x080002d8   0x0000000a   Code   RO         1208    .ARM.Collect$$libinit$$00000018  c_w.l(libinit2.o)
    0x080002e2   0x080002e2   0x00000000   Code   RO         1209    .ARM.Collect$$libinit$$00000019  c_w.l(libinit2.o)
    0x080002e2   0x080002e2   0x00000000   Code   RO         1211    .ARM.Collect$$libinit$$0000001B  c_w.l(libinit2.o)
    0x080002e2   0x080002e2   0x00000000   Code   RO         1213    .ARM.Collect$$libinit$$0000001D  c_w.l(libinit2.o)
    0x080002e2   0x080002e2   0x00000000   Code   RO         1215    .ARM.Collect$$libinit$$0000001F  c_w.l(libinit2.o)
    0x080002e2   0x080002e2   0x00000000   Code   RO         1217    .ARM.Collect$$libinit$$00000021  c_w.l(libinit2.o)
    0x080002e2   0x080002e2   0x00000000   Code   RO         1219    .ARM.Collect$$libinit$$00000023  c_w.l(libinit2.o)
    0x080002e2   0x080002e2   0x00000000   Code   RO         1221    .ARM.Collect$$libinit$$00000025  c_w.l(libinit2.o)
    0x080002e2   0x080002e2   0x00000004   Code   RO         1222    .ARM.Collect$$libinit$$00000026  c_w.l(libinit2.o)
    0x080002e6   0x080002e6   0x00000000   Code   RO         1223    .ARM.Collect$$libinit$$00000027  c_w.l(libinit2.o)
    0x080002e6   0x080002e6   0x00000000   Code   RO         1227    .ARM.Collect$$libinit$$0000002E  c_w.l(libinit2.o)
    0x080002e6   0x080002e6   0x00000000   Code   RO         1229    .ARM.Collect$$libinit$$00000030  c_w.l(libinit2.o)
    0x080002e6   0x080002e6   0x00000000   Code   RO         1231    .ARM.Collect$$libinit$$00000032  c_w.l(libinit2.o)
    0x080002e6   0x080002e6   0x00000000   Code   RO         1233    .ARM.Collect$$libinit$$00000034  c_w.l(libinit2.o)
    0x080002e6   0x080002e6   0x00000002   Code   RO         1234    .ARM.Collect$$libinit$$00000035  c_w.l(libinit2.o)
    0x080002e8   0x080002e8   0x00000002   Code   RO         1383    .ARM.Collect$$libshutdown$$00000000  c_w.l(libshutdown.o)
    0x080002ea   0x080002ea   0x00000000   Code   RO         1236    .ARM.Collect$$libshutdown$$00000002  c_w.l(libshutdown2.o)
    0x080002ea   0x080002ea   0x00000004   Code   RO         1237    .ARM.Collect$$libshutdown$$00000003  c_w.l(libshutdown2.o)
    0x080002ee   0x080002ee   0x00000000   Code   RO         1238    .ARM.Collect$$libshutdown$$00000004  c_w.l(libshutdown2.o)
    0x080002ee   0x080002ee   0x00000000   Code   RO         1241    .ARM.Collect$$libshutdown$$00000007  c_w.l(libshutdown2.o)
    0x080002ee   0x080002ee   0x00000000   Code   RO         1244    .ARM.Collect$$libshutdown$$0000000A  c_w.l(libshutdown2.o)
    0x080002ee   0x080002ee   0x00000000   Code   RO         1246    .ARM.Collect$$libshutdown$$0000000C  c_w.l(libshutdown2.o)
    0x080002ee   0x080002ee   0x00000000   Code   RO         1249    .ARM.Collect$$libshutdown$$0000000F  c_w.l(libshutdown2.o)
    0x080002ee   0x080002ee   0x00000002   Code   RO         1250    .ARM.Collect$$libshutdown$$00000010  c_w.l(libshutdown2.o)
    0x080002f0   0x080002f0   0x00000000   Code   RO          912    .ARM.Collect$$rtentry$$00000000  c_w.l(__rtentry.o)
    0x080002f0   0x080002f0   0x00000000   Code   RO         1017    .ARM.Collect$$rtentry$$00000002  c_w.l(__rtentry2.o)
    0x080002f0   0x080002f0   0x00000006   Code   RO         1029    .ARM.Collect$$rtentry$$00000004  c_w.l(__rtentry4.o)
    0x080002f6   0x080002f6   0x00000000   Code   RO         1019    .ARM.Collect$$rtentry$$00000009  c_w.l(__rtentry2.o)
    0x080002f6   0x080002f6   0x00000004   Code   RO         1020    .ARM.Collect$$rtentry$$0000000A  c_w.l(__rtentry2.o)
    0x080002fa   0x080002fa   0x00000000   Code   RO         1022    .ARM.Collect$$rtentry$$0000000C  c_w.l(__rtentry2.o)
    0x080002fa   0x080002fa   0x00000008   Code   RO         1023    .ARM.Collect$$rtentry$$0000000D  c_w.l(__rtentry2.o)
    0x08000302   0x08000302   0x00000002   Code   RO         1263    .ARM.Collect$$rtexit$$00000000  c_w.l(rtexit.o)
    0x08000304   0x08000304   0x00000000   Code   RO         1321    .ARM.Collect$$rtexit$$00000002  c_w.l(rtexit2.o)
    0x08000304   0x08000304   0x00000004   Code   RO         1322    .ARM.Collect$$rtexit$$00000003  c_w.l(rtexit2.o)
    0x08000308   0x08000308   0x00000006   Code   RO         1323    .ARM.Collect$$rtexit$$00000004  c_w.l(rtexit2.o)
    0x0800030e   0x0800030e   0x00000002   PAD
    0x08000310   0x08000310   0x00000040   Code   RO            4    .text               startup_stm32f40_41xxx.o
    0x08000350   0x08000350   0x00000018   Code   RO          906    .text               c_w.l(printf.o)
    0x08000368   0x08000368   0x00000006   Code   RO          908    .text               c_w.l(heapauxi.o)
    0x0800036e   0x0800036e   0x0000004e   Code   RO          915    .text               c_w.l(_printf_pad.o)
    0x080003bc   0x080003bc   0x00000024   Code   RO          917    .text               c_w.l(_printf_truncate.o)
    0x080003e0   0x080003e0   0x00000052   Code   RO          919    .text               c_w.l(_printf_str.o)
    0x08000432   0x08000432   0x00000002   PAD
    0x08000434   0x08000434   0x00000078   Code   RO          921    .text               c_w.l(_printf_dec.o)
    0x080004ac   0x080004ac   0x00000028   Code   RO          923    .text               c_w.l(_printf_charcount.o)
    0x080004d4   0x080004d4   0x00000024   Code   RO          925    .text               c_w.l(_printf_char_file.o)
    0x080004f8   0x080004f8   0x000000bc   Code   RO          927    .text               c_w.l(_printf_wctomb.o)
    0x080005b4   0x080005b4   0x0000007c   Code   RO          930    .text               c_w.l(_printf_longlong_dec.o)
    0x08000630   0x08000630   0x00000070   Code   RO          936    .text               c_w.l(_printf_oct_int_ll.o)
    0x080006a0   0x080006a0   0x00000094   Code   RO          956    .text               c_w.l(_printf_hex_int_ll_ptr.o)
    0x08000734   0x08000734   0x00000188   Code   RO          976    .text               c_w.l(__printf_flags_ss_wp.o)
    0x080008bc   0x080008bc   0x0000008a   Code   RO         1031    .text               c_w.l(lludiv10.o)
    0x08000946   0x08000946   0x000000b2   Code   RO         1033    .text               c_w.l(_printf_intcommon.o)
    0x080009f8   0x080009f8   0x0000041c   Code   RO         1035    .text               c_w.l(_printf_fp_dec.o)
    0x08000e14   0x08000e14   0x000002fc   Code   RO         1039    .text               c_w.l(_printf_fp_hex.o)
    0x08001110   0x08001110   0x00000030   Code   RO         1042    .text               c_w.l(_printf_char_common.o)
    0x08001140   0x08001140   0x0000002c   Code   RO         1044    .text               c_w.l(_printf_char.o)
    0x0800116c   0x0800116c   0x0000002c   Code   RO         1046    .text               c_w.l(_printf_wchar.o)
    0x08001198   0x08001198   0x00000008   Code   RO         1049    .text               c_w.l(ferror.o)
    0x080011a0   0x080011a0   0x00000138   Code   RO         1051    .text               c_w.l(initio.o)
    0x080012d8   0x080012d8   0x00000048   Code   RO         1057    .text               c_w.l(_c16rtomb.o)
    0x08001320   0x08001320   0x0000004a   Code   RO         1064    .text               c_w.l(sys_stackheap_outer.o)
    0x0800136a   0x0800136a   0x00000002   PAD
    0x0800136c   0x0800136c   0x00000010   Code   RO         1066    .text               c_w.l(rt_ctype_table.o)
    0x0800137c   0x0800137c   0x00000008   Code   RO         1071    .text               c_w.l(rt_locale_intlibspace.o)
    0x08001384   0x08001384   0x0000004e   Code   RO         1075    .text               c_w.l(h1_free.o)
    0x080013d2   0x080013d2   0x00000002   PAD
    0x080013d4   0x080013d4   0x00000080   Code   RO         1129    .text               c_w.l(_printf_fp_infnan.o)
    0x08001454   0x08001454   0x000000e4   Code   RO         1133    .text               c_w.l(bigflt0.o)
    0x08001538   0x08001538   0x00000046   Code   RO         1160    .text               c_w.l(setvbuf.o)
    0x0800157e   0x0800157e   0x00000002   PAD
    0x08001580   0x08001580   0x000000f0   Code   RO         1163    .text               c_w.l(fopen.o)
    0x08001670   0x08001670   0x0000004c   Code   RO         1165    .text               c_w.l(fclose.o)
    0x080016bc   0x080016bc   0x00000012   Code   RO         1174    .text               c_w.l(exit.o)
    0x080016ce   0x080016ce   0x0000000e   Code   RO         1176    .text               c_w.l(defsig_rtred_outer.o)
    0x080016dc   0x080016dc   0x0000004e   Code   RO         1180    .text               c_w.l(rt_memclr_w.o)
    0x0800172a   0x0800172a   0x00000066   Code   RO         1256    .text               c_w.l(sys_io.o)
    0x08001790   0x08001790   0x00000008   Code   RO         1260    .text               c_w.l(libspace.o)
    0x08001798   0x08001798   0x00000008   Code   RO         1270    .text               c_w.l(rt_heap_descriptor_intlibspace.o)
    0x080017a0   0x080017a0   0x00000004   Code   RO         1272    .text               c_w.l(hguard.o)
    0x080017a4   0x080017a4   0x0000008a   Code   RO         1274    .text               c_w.l(init_alloc.o)
    0x0800182e   0x0800182e   0x0000005e   Code   RO         1280    .text               c_w.l(h1_alloc.o)
    0x0800188c   0x0800188c   0x000000f8   Code   RO         1294    .text               c_w.l(fseek.o)
    0x08001984   0x08001984   0x00000108   Code   RO         1296    .text               c_w.l(stdio.o)
    0x08001a8c   0x08001a8c   0x0000000a   Code   RO         1301    .text               c_w.l(defsig_exit.o)
    0x08001a96   0x08001a96   0x00000002   PAD
    0x08001a98   0x08001a98   0x00000034   Code   RO         1303    .text               c_w.l(defsig_rtred_inner.o)
    0x08001acc   0x08001acc   0x00000004   PAD
    0x08001ad0   0x08001ad0   0x0000007c   Code   RO         1307    .text               c_w.l(strcmpv7em.o)
    0x08001b4c   0x08001b4c   0x0000000c   Code   RO         1313    .text               c_w.l(sys_exit.o)
    0x08001b58   0x08001b58   0x00000002   Code   RO         1317    .text               c_w.l(use_no_semi.o)
    0x08001b5a   0x08001b5a   0x00000000   Code   RO         1319    .text               c_w.l(indicate_semi.o)
    0x08001b5a   0x08001b5a   0x00000000   Code   RO         1327    .text               c_w.l(maybetermalloc1.o)
    0x08001b5a   0x08001b5a   0x0000000c   Code   RO         1329    .text               c_w.l(h1_init.o)
    0x08001b66   0x08001b66   0x00000034   Code   RO         1331    .text               c_w.l(h1_extend.o)
    0x08001b9a   0x08001b9a   0x00000042   Code   RO         1339    .text               c_w.l(ftell.o)
    0x08001bdc   0x08001bdc   0x00000032   Code   RO         1343    .text               c_w.l(defsig_general.o)
    0x08001c0e   0x08001c0e   0x0000000e   Code   RO         1345    .text               c_w.l(defsig_rtmem_outer.o)
    0x08001c1c   0x08001c1c   0x0000003e   Code   RO         1349    .text               c_w.l(strlen.o)
    0x08001c5a   0x08001c5a   0x0000000e   Code   RO         1360    .text               c_w.l(sys_wrch.o)
    0x08001c68   0x08001c68   0x00000008   Code   RO         1371    .text               c_w.l(rt_errno_addr_intlibspace.o)
    0x08001c70   0x08001c70   0x00000050   Code   RO         1377    .text               c_w.l(defsig_rtmem_inner.o)
    0x08001cc0   0x08001cc0   0x0000002c   Code   RO          832    .text.ADC_Cmd       stm32f4xx_adc.o
    0x08001cec   0x08001cec   0x00000044   Code   RO          828    .text.ADC_CommonInit  stm32f4xx_adc.o
    0x08001d30   0x08001d30   0x0000001a   Code   RO          830    .text.ADC_CommonStructInit  stm32f4xx_adc.o
    0x08001d4a   0x08001d4a   0x00000002   PAD
    0x08001d4c   0x08001d4c   0x0000000e   Code   RO          858    .text.ADC_GetConversionValue  stm32f4xx_adc.o
    0x08001d5a   0x08001d5a   0x00000002   PAD
    0x08001d5c   0x08001d5c   0x00000034   Code   RO          890    .text.ADC_GetFlagStatus  stm32f4xx_adc.o
    0x08001d90   0x08001d90   0x0000009e   Code   RO          824    .text.ADC_Init      stm32f4xx_adc.o
    0x08001e2e   0x08001e2e   0x00000002   PAD
    0x08001e30   0x08001e30   0x0000017c   Code   RO          844    .text.ADC_RegularChannelConfig  stm32f4xx_adc.o
    0x08001fac   0x08001fac   0x00000012   Code   RO          846    .text.ADC_SoftwareStartConv  stm32f4xx_adc.o
    0x08001fbe   0x08001fbe   0x00000002   PAD
    0x08001fc0   0x08001fc0   0x00000028   Code   RO          826    .text.ADC_StructInit  stm32f4xx_adc.o
    0x08001fe8   0x08001fe8   0x00000024   Code   RO          445    .text.Actuator_ClampLiftTarget  actuator.o
    0x0800200c   0x0800200c   0x0000002e   Code   RO          437    .text.Actuator_DelayMs  actuator.o
    0x0800203a   0x0800203a   0x00000002   PAD
    0x0800203c   0x0800203c   0x00000014   Code   RO          413    .text.Actuator_Init  actuator.o
    0x08002050   0x08002050   0x00000122   Code   RO          435    .text.Actuator_Task  actuator.o
    0x08002172   0x08002172   0x00000002   PAD
    0x08002174   0x08002174   0x00000462   Code   RO          419    .text.Actuator_UpdateFromRC  actuator.o
    0x080025d6   0x080025d6   0x00000002   PAD
    0x080025d8   0x080025d8   0x00000004   Code   RO           32    .text.BusFault_Handler  stm32f4xx_it.o
    0x080025dc   0x080025dc   0x00000008   Code   RO           46    .text.CAN1_RX0_IRQHandler  stm32f4xx_it.o
    0x080025e4   0x080025e4   0x000000ee   Code   RO          813    .text.CAN_ClearITPendingBit  stm32f4xx_can.o
    0x080026d2   0x080026d2   0x00000002   PAD
    0x080026d4   0x080026d4   0x00000046   Code   RO          765    .text.CAN_DeInit    stm32f4xx_can.o
    0x0800271a   0x0800271a   0x00000002   PAD
    0x0800271c   0x0800271c   0x0000015a   Code   RO          769    .text.CAN_FilterInit  stm32f4xx_can.o
    0x08002876   0x08002876   0x00000002   PAD
    0x08002878   0x08002878   0x0000019c   Code   RO          809    .text.CAN_GetITStatus  stm32f4xx_can.o
    0x08002a14   0x08002a14   0x0000002e   Code   RO          803    .text.CAN_ITConfig  stm32f4xx_can.o
    0x08002a42   0x08002a42   0x00000002   PAD
    0x08002a44   0x08002a44   0x000001be   Code   RO          767    .text.CAN_Init      stm32f4xx_can.o
    0x08002c02   0x08002c02   0x00000002   PAD
    0x08002c04   0x08002c04   0x0000004e   Code   RO          789    .text.CAN_MessagePending  stm32f4xx_can.o
    0x08002c52   0x08002c52   0x00000002   PAD
    0x08002c54   0x08002c54   0x00000154   Code   RO          785    .text.CAN_Receive   stm32f4xx_can.o
    0x08002da8   0x08002da8   0x0000003c   Code   RO          771    .text.CAN_StructInit  stm32f4xx_can.o
    0x08002de4   0x08002de4   0x00000142   Code   RO          779    .text.CAN_Transmit  stm32f4xx_can.o
    0x08002f26   0x08002f26   0x00000002   PAD
    0x08002f28   0x08002f28   0x000000f8   Code   RO          781    .text.CAN_TransmitStatus  stm32f4xx_can.o
    0x08003020   0x08003020   0x0000002e   Code   RO          811    .text.CheckITStatus  stm32f4xx_can.o
    0x0800304e   0x0800304e   0x00000002   PAD
    0x08003050   0x08003050   0x00000002   Code   RO           36    .text.DebugMon_Handler  stm32f4xx_it.o
    0x08003052   0x08003052   0x00000002   PAD
    0x08003054   0x08003054   0x000000c0   Code   RO           63    .text.Debug_CaptureBootState  main.o
    0x08003114   0x08003114   0x00000092   Code   RO           61    .text.Debug_USART1_Init  main.o
    0x080031a6   0x080031a6   0x00000002   PAD
    0x080031a8   0x080031a8   0x00000008   Code   RO           40    .text.EXTI0_IRQHandler  stm32f4xx_it.o
    0x080031b0   0x080031b0   0x00000008   Code   RO           38    .text.EXTI2_IRQHandler  stm32f4xx_it.o
    0x080031b8   0x080031b8   0x00000008   Code   RO           42    .text.EXTI3_IRQHandler  stm32f4xx_it.o
    0x080031c0   0x080031c0   0x00000008   Code   RO           44    .text.EXTI9_5_IRQHandler  stm32f4xx_it.o
    0x080031c8   0x080031c8   0x00000014   Code   RO          339    .text.EXTI_ClearITPendingBit  stm32f4xx_exti.o
    0x080031dc   0x080031dc   0x00000034   Code   RO          337    .text.EXTI_GetITStatus  stm32f4xx_exti.o
    0x08003210   0x08003210   0x000000ea   Code   RO          327    .text.EXTI_Init     stm32f4xx_exti.o
    0x080032fa   0x080032fa   0x00000002   PAD
    0x080032fc   0x080032fc   0x0000004a   Code   RO          433    .text.Emm5_Enable   actuator.o
    0x08003346   0x08003346   0x00000002   PAD
    0x08003348   0x08003348   0x00000046   Code   RO          417    .text.Emm5_Init     actuator.o
    0x0800338e   0x0800338e   0x00000002   PAD
    0x08003390   0x08003390   0x000000b4   Code   RO          431    .text.Emm5_MoveAbsolute  actuator.o
    0x08003444   0x08003444   0x00000074   Code   RO          447    .text.Emm5_PosControl  actuator.o
    0x080034b8   0x080034b8   0x00000028   Code   RO          439    .text.Emm5_ResetZero  actuator.o
    0x080034e0   0x080034e0   0x00000190   Code   RO          441    .text.Emm5_SendCmdExt  actuator.o
    0x08003670   0x08003670   0x0000019e   Code   RO          443    .text.Emm5_SendFrame  actuator.o
    0x0800380e   0x0800380e   0x00000002   PAD
    0x08003810   0x08003810   0x000000f6   Code   RO          157    .text.GPIO_Init     stm32f4xx_gpio.o
    0x08003906   0x08003906   0x00000002   PAD
    0x08003908   0x08003908   0x00000072   Code   RO          181    .text.GPIO_PinAFConfig  stm32f4xx_gpio.o
    0x0800397a   0x0800397a   0x00000002   PAD
    0x0800397c   0x0800397c   0x00000034   Code   RO          163    .text.GPIO_ReadInputDataBit  stm32f4xx_gpio.o
    0x080039b0   0x080039b0   0x00000014   Code   RO          173    .text.GPIO_ResetBits  stm32f4xx_gpio.o
    0x080039c4   0x080039c4   0x00000014   Code   RO          171    .text.GPIO_SetBits  stm32f4xx_gpio.o
    0x080039d8   0x080039d8   0x00000004   Code   RO           28    .text.HardFault_Handler  stm32f4xx_it.o
    0x080039dc   0x080039dc   0x00000110   Code   RO          724    .text.LineFollow_CCD_Init  line_follow.o
    0x08003aec   0x08003aec   0x000000ae   Code   RO          732    .text.LineFollow_CaptureFrame  line_follow.o
    0x08003b9a   0x08003b9a   0x00000002   PAD
    0x08003b9c   0x08003b9c   0x00000008   Code   RO          722    .text.LineFollow_Init  line_follow.o
    0x08003ba4   0x08003ba4   0x0000000c   Code   RO          726    .text.LineFollow_IsEnabled  line_follow.o
    0x08003bb0   0x08003bb0   0x000003ea   Code   RO          734    .text.LineFollow_ProcessFrame  line_follow.o
    0x08003f9a   0x08003f9a   0x00000002   PAD
    0x08003f9c   0x08003f9c   0x00000044   Code   RO          738    .text.LineFollow_ReadAdc  line_follow.o
    0x08003fe0   0x08003fe0   0x0000004a   Code   RO          728    .text.LineFollow_SetEnabled  line_follow.o
    0x0800402a   0x0800402a   0x00000002   PAD
    0x0800402c   0x0800402c   0x00000020   Code   RO          736    .text.LineFollow_SmallDelay  line_follow.o
    0x0800404c   0x0800404c   0x000002b8   Code   RO          730    .text.LineFollow_Task  line_follow.o
    0x08004304   0x08004304   0x00000004   Code   RO           30    .text.MemManage_Handler  stm32f4xx_it.o
    0x08004308   0x08004308   0x00000002   Code   RO           26    .text.NMI_Handler   stm32f4xx_it.o
    0x0800430a   0x0800430a   0x00000002   PAD
    0x0800430c   0x0800430c   0x000000ca   Code   RO          140    .text.NVIC_Init     misc.o
    0x080043d6   0x080043d6   0x00000002   PAD
    0x080043d8   0x080043d8   0x0000001c   Code   RO          138    .text.NVIC_PriorityGroupConfig  misc.o
    0x080043f4   0x080043f4   0x00000038   Code   RO          256    .text.RCC_AHB1PeriphClockCmd  stm32f4xx_rcc.o
    0x0800442c   0x0800442c   0x00000038   Code   RO          262    .text.RCC_APB1PeriphClockCmd  stm32f4xx_rcc.o
    0x08004464   0x08004464   0x00000038   Code   RO          272    .text.RCC_APB1PeriphResetCmd  stm32f4xx_rcc.o
    0x0800449c   0x0800449c   0x00000038   Code   RO          264    .text.RCC_APB2PeriphClockCmd  stm32f4xx_rcc.o
    0x080044d4   0x080044d4   0x00000162   Code   RO          234    .text.RCC_GetClocksFreq  stm32f4xx_rcc.o
    0x08004636   0x08004636   0x00000002   PAD
    0x08004638   0x08004638   0x00000064   Code   RO          423    .text.RC_IsNearCenter  actuator.o
    0x0800469c   0x0800469c   0x0000009e   Code   RO          421    .text.RC_ToCenteredSigned  actuator.o
    0x0800473a   0x0800473a   0x00000002   PAD
    0x0800473c   0x0800473c   0x00000046   Code   RO          429    .text.RC_ToServoPulse  actuator.o
    0x08004782   0x08004782   0x00000002   PAD
    0x08004784   0x08004784   0x00000080   Code   RO          425    .text.RC_ToSpeedScale  actuator.o
    0x08004804   0x08004804   0x00000064   Code   RO          427    .text.RC_ToThreePosition  actuator.o
    0x08004868   0x08004868   0x0000000a   Code   RO           98    .text.Remote_EXTI0_IRQHandler  remote.o
    0x08004872   0x08004872   0x00000002   PAD
    0x08004874   0x08004874   0x0000000a   Code   RO          102    .text.Remote_EXTI2_IRQHandler  remote.o
    0x0800487e   0x0800487e   0x00000002   PAD
    0x08004880   0x08004880   0x0000000a   Code   RO          104    .text.Remote_EXTI3_IRQHandler  remote.o
    0x0800488a   0x0800488a   0x00000002   PAD
    0x0800488c   0x0800488c   0x00000016   Code   RO          106    .text.Remote_EXTI9_5_IRQHandler  remote.o
    0x080048a2   0x080048a2   0x00000002   PAD
    0x080048a4   0x080048a4   0x000000c0   Code   RO           92    .text.Remote_GPIO_EXTI_Init  remote.o
    0x08004964   0x08004964   0x0000005a   Code   RO          112    .text.Remote_GetAPB2TimerClock  remote.o
    0x080049be   0x080049be   0x00000002   PAD
    0x080049c0   0x080049c0   0x0000004c   Code   RO           86    .text.Remote_GetUs  remote.o
    0x08004a0c   0x08004a0c   0x00000142   Code   RO          100    .text.Remote_HandleChannel  remote.o
    0x08004b4e   0x08004b4e   0x00000002   PAD
    0x08004b50   0x08004b50   0x00000010   Code   RO           88    .text.Remote_Init   remote.o
    0x08004b60   0x08004b60   0x0000004a   Code   RO           94    .text.Remote_NVIC_Init  remote.o
    0x08004baa   0x08004baa   0x00000002   PAD
    0x08004bac   0x08004bac   0x0000007a   Code   RO          114    .text.Remote_SyncCH1Debug  remote.o
    0x08004c26   0x08004c26   0x00000002   PAD
    0x08004c28   0x08004c28   0x00000036   Code   RO          108    .text.Remote_TIM10_IRQHandler  remote.o
    0x08004c5e   0x08004c5e   0x00000002   PAD
    0x08004c60   0x08004c60   0x0000009c   Code   RO           90    .text.Remote_Timebase_Init  remote.o
    0x08004cfc   0x08004cfc   0x00000056   Code   RO          310    .text.SYSCFG_EXTILineConfig  stm32f4xx_syscfg.o
    0x08004d52   0x08004d52   0x00000002   PAD
    0x08004d54   0x08004d54   0x000000b4   Code   RO          415    .text.Servo_PWM_Init  actuator.o
    0x08004e08   0x08004e08   0x00000134   Code   RO           13    .text.SetSysClock   system_stm32f4xx.o
    0x08004f3c   0x08004f3c   0x0000012e   Code   RO           15    .text.SystemCoreClockUpdate  system_stm32f4xx.o
    0x0800506a   0x0800506a   0x00000002   PAD
    0x0800506c   0x0800506c   0x00000074   Code   RO           11    .text.SystemInit    system_stm32f4xx.o
    0x080050e0   0x080050e0   0x00000008   Code   RO           48    .text.TIM1_UP_TIM10_IRQHandler  stm32f4xx_it.o
    0x080050e8   0x080050e8   0x0000002c   Code   RO          499    .text.TIM_ARRPreloadConfig  stm32f4xx_tim.o
    0x08005114   0x08005114   0x00000016   Code   RO          623    .text.TIM_ClearFlag  stm32f4xx_tim.o
    0x0800512a   0x0800512a   0x00000002   PAD
    0x0800512c   0x0800512c   0x00000016   Code   RO          627    .text.TIM_ClearITPendingBit  stm32f4xx_tim.o
    0x08005142   0x08005142   0x00000002   PAD
    0x08005144   0x08005144   0x0000002c   Code   RO          505    .text.TIM_Cmd       stm32f4xx_tim.o
    0x08005170   0x08005170   0x0000005a   Code   RO          625    .text.TIM_GetITStatus  stm32f4xx_tim.o
    0x080051ca   0x080051ca   0x00000002   PAD
    0x080051cc   0x080051cc   0x00000034   Code   RO          617    .text.TIM_ITConfig  stm32f4xx_tim.o
    0x08005200   0x08005200   0x00000130   Code   RO          507    .text.TIM_OC1Init   stm32f4xx_tim.o
    0x08005330   0x08005330   0x0000003c   Code   RO          535    .text.TIM_OC1PreloadConfig  stm32f4xx_tim.o
    0x0800536c   0x0800536c   0x0000010e   Code   RO          479    .text.TIM_TimeBaseInit  stm32f4xx_tim.o
    0x0800547a   0x0800547a   0x00000002   PAD
    0x0800547c   0x0800547c   0x00000022   Code   RO          481    .text.TIM_TimeBaseStructInit  stm32f4xx_tim.o
    0x0800549e   0x0800549e   0x00000002   PAD
    0x080054a0   0x080054a0   0x0000002c   Code   RO          358    .text.USART_Cmd     stm32f4xx_usart.o
    0x080054cc   0x080054cc   0x00000044   Code   RO          398    .text.USART_GetFlagStatus  stm32f4xx_usart.o
    0x08005510   0x08005510   0x00000162   Code   RO          350    .text.USART_Init    stm32f4xx_usart.o
    0x08005672   0x08005672   0x00000002   PAD
    0x08005674   0x08005674   0x00000018   Code   RO          366    .text.USART_SendData  stm32f4xx_usart.o
    0x0800568c   0x0800568c   0x00000004   Code   RO           34    .text.UsageFault_Handler  stm32f4xx_it.o
    0x08005690   0x08005690   0x00000008   Code   RO          686    .text.VescCan_DebugPoll  vesc_can.o
    0x08005698   0x08005698   0x00000038   Code   RO          674    .text.VescCan_Filter_Init  vesc_can.o
    0x080056d0   0x080056d0   0x0000005c   Code   RO          670    .text.VescCan_GPIO_Init  vesc_can.o
    0x0800572c   0x0800572c   0x00000084   Code   RO          668    .text.VescCan_Init  vesc_can.o
    0x080057b0   0x080057b0   0x00000024   Code   RO          672    .text.VescCan_NVIC_Init  vesc_can.o
    0x080057d4   0x080057d4   0x00000134   Code   RO          684    .text.VescCan_RX0_IRQHandler  vesc_can.o
    0x08005908   0x08005908   0x00000120   Code   RO          680    .text.VescCan_SendInt32Packet  vesc_can.o
    0x08005a28   0x08005a28   0x0000001c   Code   RO          682    .text.VescCan_SetBrakeCurrent  vesc_can.o
    0x08005a44   0x08005a44   0x0000004e   Code   RO          678    .text.VescCan_SetRpm  vesc_can.o
    0x08005a92   0x08005a92   0x00000002   PAD
    0x08005a94   0x08005a94   0x00000098   Code   RO          676    .text.VescCan_UpdateRegs  vesc_can.o
    0x08005b2c   0x08005b2c   0x00000034   Code   RO           57    .text.fputc         main.o
    0x08005b60   0x08005b60   0x000001c6   Code   RO           59    .text.main          main.o
    0x08005d26   0x08005d26   0x0000003e   Code   RO         1136    CL$$btod_d2e        c_w.l(btod.o)
    0x08005d64   0x08005d64   0x00000046   Code   RO         1138    CL$$btod_d2e_denorm_low  c_w.l(btod.o)
    0x08005daa   0x08005daa   0x00000060   Code   RO         1137    CL$$btod_d2e_norm_op1  c_w.l(btod.o)
    0x08005e0a   0x08005e0a   0x00000002   PAD
    0x08005e0c   0x08005e0c   0x00000338   Code   RO         1146    CL$$btod_div_common  c_w.l(btod.o)
    0x08006144   0x08006144   0x000000dc   Code   RO         1143    CL$$btod_e2e        c_w.l(btod.o)
    0x08006220   0x08006220   0x0000002a   Code   RO         1140    CL$$btod_ediv       c_w.l(btod.o)
    0x0800624a   0x0800624a   0x0000002a   Code   RO         1139    CL$$btod_emul       c_w.l(btod.o)
    0x08006274   0x08006274   0x00000244   Code   RO         1145    CL$$btod_mult_common  c_w.l(btod.o)
    0x080064b8   0x080064b8   0x00000030   Code   RO         1254    i.__ARM_fpclassify  m_wm.l(fpclassify.o)
    0x080064e8   0x080064e8   0x0000000e   Code   RO          969    i._is_digit         c_w.l(__printf_wp.o)
    0x080064f6   0x080064f6   0x00000002   PAD
    0x080064f8   0x080064f8   0x0000002c   Code   RO         1172    locale$$code        c_w.l(lc_numeric_c.o)
    0x08006524   0x08006524   0x0000002c   Code   RO         1299    locale$$code        c_w.l(lc_ctype_c.o)
    0x08006550   0x08006550   0x0000001a   Code   RO         1311    x$fpl$fpinit        fz_wm.l(fpinit.o)
    0x0800656a   0x0800656a   0x00000004   Code   RO         1008    x$fpl$printf1       fz_wm.l(printf1.o)
    0x0800656e   0x0800656e   0x00000004   Code   RO         1010    x$fpl$printf2       fz_wm.l(printf2.o)
    0x08006572   0x08006572   0x00000000   Code   RO         1253    x$fpl$usenofp       fz_wm.l(usenofp.o)
    0x08006572   0x08006572   0x00000002   PAD
    0x08006574   0x08006574   0x00000008   Data   RO          928    .constdata          c_w.l(_printf_wctomb.o)
    0x0800657c   0x0800657c   0x00000028   Data   RO          957    .constdata          c_w.l(_printf_hex_int_ll_ptr.o)
    0x080065a4   0x080065a4   0x00000011   Data   RO          977    .constdata          c_w.l(__printf_flags_ss_wp.o)
    0x080065b5   0x080065b5   0x00000026   Data   RO         1040    .constdata          c_w.l(_printf_fp_hex.o)
    0x080065db   0x080065db   0x00000004   Data   RO         1059    .constdata          c_w.l(sys_io_names.o)
    0x080065df   0x080065df   0x00000004   Data   RO         1060    .constdata          c_w.l(sys_io_names.o)
    0x080065e3   0x080065e3   0x00000004   Data   RO         1061    .constdata          c_w.l(sys_io_names.o)
    0x080065e7   0x080065e7   0x00000001   PAD
    0x080065e8   0x080065e8   0x00000094   Data   RO         1134    .constdata          c_w.l(bigflt0.o)
    0x0800667c   0x0800667c   0x00000010   Data   RO           18    .rodata.AHBPrescTable  system_stm32f4xx.o
    0x0800668c   0x0800668c   0x00000010   Data   RO          296    .rodata.APBAHBPrescTable  stm32f4xx_rcc.o
    0x0800669c   0x0800669c   0x00000048   Data   RO          129    .rodata.rc_inputs   remote.o
    0x080066e4   0x080066e4   0x0000002d   Data   RO           77    .rodata.str1.1      main.o
    0x08006711   0x08006711   0x00000003   PAD
    0x08006714   0x08006714   0x00000020   Data   RO         1403    Region$$Table       anon$$obj.o
    0x08006734   0x08006734   0x0000001c   Data   RO         1171    locale$$data        c_w.l(lc_numeric_c.o)
    0x08006750   0x08006750   0x00000110   Data   RO         1298    locale$$data        c_w.l(lc_ctype_c.o)


    Execution Region RW_IRAM1 (Exec base: 0x20000000, Load base: 0x08006860, Size: 0x00000ae0, Max: 0x00020000, ABSOLUTE)

    Exec Addr    Load Addr    Size         Type   Attr      Idx    E Section Name        Object

    0x20000000   0x08006860   0x00000004   Data   RW         1005    .data               c_w.l(stdio_streams.o)
    0x20000004   0x08006864   0x00000004   Data   RW         1006    .data               c_w.l(stdio_streams.o)
    0x20000008   0x08006868   0x00000004   Data   RW         1007    .data               c_w.l(stdio_streams.o)
    0x2000000c   0x0800686c   0x00000001   Data   RW          456    .data.Act_GripperMode  actuator.o
    0x2000000d   0x0800686d   0x00000001   PAD
    0x2000000e   0x0800686e   0x00000002   Data   RW          454    .data.Act_GripperPulse  actuator.o
    0x20000010   0x08006870   0x00000002   Data   RW          458    .data.Act_LiftPulseCount  actuator.o
    0x20000012   0x08006872   0x00000001   Data   RW          460    .data.Act_VescEnable  actuator.o
    0x20000013   0x08006873   0x00000001   PAD
    0x20000014   0x08006874   0x00000002   Data   RW          741    .data.LineFollow_Center  line_follow.o
    0x20000016   0x08006876   0x00000001   Data   RW          746    .data.LineFollow_Lost  line_follow.o
    0x20000017   0x08006877   0x00000001   PAD
    0x20000018   0x08006878   0x00000004   Data   RW           17    .data.SystemCoreClock  system_stm32f4xx.o
    0x2000001c   0x0800687c   0x00000001   Data   RW          694    .data.VescCan_LastMailbox  vesc_can.o
    0x2000001d   0x0800687d   0x00000001   Data   RW          695    .data.VescCan_LastTxStatus  vesc_can.o
    0x2000001e   0x0800687e   0x00000001   Data   RW          462    .data.drive_stop_latched  actuator.o
    0x2000001f   0x0800687f   0x00000001   Data   RW          464    .data.lift_last_pos  actuator.o
    0x20000020   0x08006880   0x00000001   Data   RW          465    .data.lift_trim_last_pos  actuator.o
    0x20000021   0x08006881   0x00000007   PAD
    0x20000028        -       0x00000054   Zero   RW         1002    .bss                c_w.l(stdio_streams.o)
    0x2000007c        -       0x00000054   Zero   RW         1003    .bss                c_w.l(stdio_streams.o)
    0x200000d0        -       0x00000054   Zero   RW         1004    .bss                c_w.l(stdio_streams.o)
    0x20000124        -       0x00000060   Zero   RW         1261    .bss                c_w.l(libspace.o)
    0x20000184        -       0x00000002   Zero   RW          449    .bss.Act_LeftMotor  actuator.o
    0x20000186        -       0x00000001   Zero   RW          457    .bss.Act_LiftMode   actuator.o
    0x20000187   0x08006881   0x00000001   PAD
    0x20000188        -       0x00000002   Zero   RW          451    .bss.Act_LiftSpeed  actuator.o
    0x2000018a   0x08006881   0x00000002   PAD
    0x2000018c        -       0x00000004   Zero   RW          461    .bss.Act_LiftTargetPulse  actuator.o
    0x20000190        -       0x00000004   Zero   RW          459    .bss.Act_LiftTriggerCount  actuator.o
    0x20000194        -       0x00000002   Zero   RW          452    .bss.Act_MoveCmd    actuator.o
    0x20000196        -       0x00000002   Zero   RW          450    .bss.Act_RightMotor  actuator.o
    0x20000198        -       0x00000002   Zero   RW          455    .bss.Act_SpeedScale  actuator.o
    0x2000019a        -       0x00000002   Zero   RW          453    .bss.Act_TurnCmd    actuator.o
    0x2000019c        -       0x00000004   Zero   RW           65    .bss.DEBUG_AliveCount  main.o
    0x200001a0        -       0x00000004   Zero   RW           67    .bss.DEBUG_BootCFGR  main.o
    0x200001a4        -       0x00000004   Zero   RW           68    .bss.DEBUG_BootCR   main.o
    0x200001a8        -       0x00000004   Zero   RW           69    .bss.DEBUG_BootSystemCoreClock  main.o
    0x200001ac        -       0x00000001   Zero   RW           73    .bss.DEBUG_DWT_Alive  main.o
    0x200001ad   0x08006881   0x00000003   PAD
    0x200001b0        -       0x00000004   Zero   RW           74    .bss.DEBUG_DWT_TestDelta  main.o
    0x200001b4        -       0x00000001   Zero   RW           71    .bss.DEBUG_HSERdy   main.o
    0x200001b5   0x08006881   0x00000003   PAD
    0x200001b8        -       0x00000004   Zero   RW           76    .bss.DEBUG_LineFollowEndUs  main.o
    0x200001bc        -       0x00000001   Zero   RW           75    .bss.DEBUG_LineFollowState  main.o
    0x200001bd        -       0x00000001   Zero   RW           66    .bss.DEBUG_PA2_Level  main.o
    0x200001be        -       0x00000001   Zero   RW           72    .bss.DEBUG_PLLRdy   main.o
    0x200001bf        -       0x00000001   Zero   RW           70    .bss.DEBUG_SysclkSource  main.o
    0x200001c0        -       0x00000001   Zero   RW          745    .bss.LineFollow_Cross  line_follow.o
    0x200001c1   0x08006881   0x00000003   PAD
    0x200001c4        -       0x00000004   Zero   RW          750    .bss.LineFollow_CrossCount  line_follow.o
    0x200001c8        -       0x00000001   Zero   RW          740    .bss.LineFollow_Enabled  line_follow.o
    0x200001c9   0x08006881   0x00000003   PAD
    0x200001cc        -       0x00000004   Zero   RW          749    .bss.LineFollow_FrameCount  line_follow.o
    0x200001d0        -       0x00000004   Zero   RW          751    .bss.LineFollow_KeyToggleCount  line_follow.o
    0x200001d4        -       0x00000002   Zero   RW          747    .bss.LineFollow_LeftCmdErpm  line_follow.o
    0x200001d6        -       0x00000002   Zero   RW          744    .bss.LineFollow_Position  line_follow.o
    0x200001d8        -       0x00000001   Zero   RW          752    .bss.LineFollow_Reverse  line_follow.o
    0x200001d9   0x08006881   0x00000001   PAD
    0x200001da        -       0x00000002   Zero   RW          748    .bss.LineFollow_RightCmdErpm  line_follow.o
    0x200001dc        -       0x00000002   Zero   RW          742    .bss.LineFollow_Threshold  line_follow.o
    0x200001de        -       0x00000002   Zero   RW          743    .bss.LineFollow_Width  line_follow.o
    0x200001e0        -       0x0000000c   Zero   RW          116    .bss.RC_CH          remote.o
    0x200001ec        -       0x00000004   Zero   RW          125    .bss.RC_CH1_EdgeCount  remote.o
    0x200001f0        -       0x00000004   Zero   RW          127    .bss.RC_CH1_FallCount  remote.o
    0x200001f4        -       0x00000001   Zero   RW          124    .bss.RC_CH1_Level   remote.o
    0x200001f5   0x08006881   0x00000001   PAD
    0x200001f6        -       0x00000002   Zero   RW          122    .bss.RC_CH1_Pulse   remote.o
    0x200001f8        -       0x00000004   Zero   RW          126    .bss.RC_CH1_RiseCount  remote.o
    0x200001fc        -       0x00000001   Zero   RW          123    .bss.RC_CH1_Updated  remote.o
    0x200001fd   0x08006881   0x00000003   PAD
    0x20000200        -       0x00000018   Zero   RW          119    .bss.RC_CH_EdgeCount  remote.o
    0x20000218        -       0x00000018   Zero   RW          121    .bss.RC_CH_FallCount  remote.o
    0x20000230        -       0x00000006   Zero   RW          118    .bss.RC_CH_Level    remote.o
    0x20000236   0x08006881   0x00000002   PAD
    0x20000238        -       0x00000018   Zero   RW          120    .bss.RC_CH_RiseCount  remote.o
    0x20000250        -       0x00000006   Zero   RW          117    .bss.RC_CH_Updated  remote.o
    0x20000256        -       0x00000001   Zero   RW          700    .bss.VescCan_BusOff  vesc_can.o
    0x20000257        -       0x00000001   Zero   RW          701    .bss.VescCan_ErrorPassive  vesc_can.o
    0x20000258        -       0x00000001   Zero   RW          702    .bss.VescCan_ErrorWarning  vesc_can.o
    0x20000259        -       0x00000001   Zero   RW          688    .bss.VescCan_InitOk  vesc_can.o
    0x2000025a   0x08006881   0x00000002   PAD
    0x2000025c        -       0x00000004   Zero   RW          697    .bss.VescCan_LastESR  vesc_can.o
    0x20000260        -       0x00000001   Zero   RW          699    .bss.VescCan_LastErrorCode  vesc_can.o
    0x20000261   0x08006881   0x00000003   PAD
    0x20000264        -       0x00000004   Zero   RW          698    .bss.VescCan_LastMSR  vesc_can.o
    0x20000268        -       0x00000001   Zero   RW          706    .bss.VescCan_LastStatusId  vesc_can.o
    0x20000269   0x08006881   0x00000003   PAD
    0x2000026c        -       0x00000004   Zero   RW          696    .bss.VescCan_LastTSR  vesc_can.o
    0x20000270        -       0x00000004   Zero   RW          704    .bss.VescCan_LeftLastErpm  vesc_can.o
    0x20000274        -       0x00000002   Zero   RW          709    .bss.VescCan_LeftStatusCurrent_dA  vesc_can.o
    0x20000276        -       0x00000002   Zero   RW          711    .bss.VescCan_LeftStatusDuty_milli  vesc_can.o
    0x20000278        -       0x00000004   Zero   RW          707    .bss.VescCan_LeftStatusErpm  vesc_can.o
    0x2000027c        -       0x00000001   Zero   RW          713    .bss.VescCan_LeftStatusSeen  vesc_can.o
    0x2000027d   0x08006881   0x00000003   PAD
    0x20000280        -       0x00000004   Zero   RW          705    .bss.VescCan_RightLastErpm  vesc_can.o
    0x20000284        -       0x00000002   Zero   RW          710    .bss.VescCan_RightStatusCurrent_dA  vesc_can.o
    0x20000286        -       0x00000002   Zero   RW          712    .bss.VescCan_RightStatusDuty_milli  vesc_can.o
    0x20000288        -       0x00000004   Zero   RW          708    .bss.VescCan_RightStatusErpm  vesc_can.o
    0x2000028c        -       0x00000001   Zero   RW          714    .bss.VescCan_RightStatusSeen  vesc_can.o
    0x2000028d   0x08006881   0x00000003   PAD
    0x20000290        -       0x00000004   Zero   RW          690    .bss.VescCan_RxCount  vesc_can.o
    0x20000294        -       0x00000001   Zero   RW          703    .bss.VescCan_RxFifo0Pending  vesc_can.o
    0x20000295   0x08006881   0x00000003   PAD
    0x20000298        -       0x00000004   Zero   RW          689    .bss.VescCan_TxCount  vesc_can.o
    0x2000029c        -       0x00000004   Zero   RW          692    .bss.VescCan_TxFailCount  vesc_can.o
    0x200002a0        -       0x00000004   Zero   RW          693    .bss.VescCan_TxNoMailboxCount  vesc_can.o
    0x200002a4        -       0x00000004   Zero   RW          691    .bss.VescCan_TxOkCount  vesc_can.o
    0x200002a8        -       0x00000100   Zero   RW          754    .bss.ccd_pixels     line_follow.o
    0x200003a8        -       0x00000100   Zero   RW          755    .bss.ccd_pixels_flipped  line_follow.o
    0x200004a8        -       0x00000004   Zero   RW          468    .bss.drive_idle_start_us  actuator.o
    0x200004ac        -       0x00000001   Zero   RW          469    .bss.emm5_enabled   actuator.o
    0x200004ad   0x08006881   0x00000003   PAD
    0x200004b0        -       0x00000004   Zero   RW          753    .bss.last_capture_us  line_follow.o
    0x200004b4        -       0x00000004   Zero   RW          756    .bss.last_cross_us  line_follow.o
    0x200004b8        -       0x00000002   Zero   RW          757    .bss.last_position  line_follow.o
    0x200004ba        -       0x00000001   Zero   RW          463    .bss.lift_switch_ready  actuator.o
    0x200004bb   0x08006881   0x00000001   PAD
    0x200004bc        -       0x00000004   Zero   RW          466    .bss.lift_trim_last_us  actuator.o
    0x200004c0        -       0x00000018   Zero   RW          130    .bss.rc_rise_us     remote.o
    0x200004d8        -       0x00000004   Zero   RW          128    .bss.remote_timebase_us_high  remote.o
    0x200004dc        -       0x00000004   Zero   RW          467    .bss.vesc_last_tx_us  actuator.o
    0x200004e0        -       0x00000200   Zero   RW            2    HEAP                startup_stm32f40_41xxx.o
    0x200006e0        -       0x00000400   Zero   RW            1    STACK               startup_stm32f40_41xxx.o


==============================================================================

Image component sizes


      Code (inc. data)   RO Data    RW Data    ZI Data      Debug   Object Name

      3544          0          0          9         35      10073   actuator.o
      2338          0          0          3        547       6142   line_follow.o
       844          0         45          0         30       4727   main.o
       230          0          0          0          0       2907   misc.o
      1154          0         72          0        140       8982   remote.o
        64         26        392          0       1536        840   startup_stm32f40_41xxx.o
       800          0          0          0          0       9069   stm32f4xx_adc.o
      2652          0          0          0          0       9635   stm32f4xx_can.o
       306          0          0          0          0       2612   stm32f4xx_exti.o
       452          0          0          0          0       4470   stm32f4xx_gpio.o
        68          0          0          0          0       1279   stm32f4xx_it.o
       578          0         16          0          0      10579   stm32f4xx_rcc.o
        86          0          0          0          0       2019   stm32f4xx_syscfg.o
       942          0          0          0          0      19748   stm32f4xx_tim.o
       490          0          0          0          0       7207   stm32f4xx_usart.o
       726          0         16          4          0       3170   system_stm32f4xx.o
      1178          0          0          2         65       8993   vesc_can.o

    ----------------------------------------------------------------------
     16550         26        576         24       2400     112452   Object Totals
         0          0         32          0          0          0   (incl. Generated)
        98          0          3          6         47          0   (incl. Padding)

    ----------------------------------------------------------------------

      Code (inc. data)   RO Data    RW Data    ZI Data      Debug   Library Member Name

         8          0          0          0          0         68   __main.o
       392          4         17          0          0         92   __printf_flags_ss_wp.o
        14          0          0          0          0         68   __printf_wp.o
         0          0          0          0          0          0   __rtentry.o
        12          0          0          0          0          0   __rtentry2.o
         6          0          0          0          0          0   __rtentry4.o
        94          8          0          0          0          0   __scatter.o
        26          0          0          0          0          0   __scatter_copy.o
        28          0          0          0          0          0   __scatter_zi.o
        72          0          0          0          0         96   _c16rtomb.o
         6          0          0          0          0          0   _printf_a.o
         6          0          0          0          0          0   _printf_c.o
        44          0          0          0          0        108   _printf_char.o
        48          6          0          0          0         96   _printf_char_common.o
        36          4          0          0          0         80   _printf_char_file.o
        40          0          0          0          0         68   _printf_charcount.o
         6          0          0          0          0          0   _printf_d.o
       120         16          0          0          0         92   _printf_dec.o
         6          0          0          0          0          0   _printf_e.o
         6          0          0          0          0          0   _printf_f.o
      1052          0          0          0          0        148   _printf_fp_dec.o
       764          8         38          0          0        100   _printf_fp_hex.o
       128         16          0          0          0         84   _printf_fp_infnan.o
         6          0          0          0          0          0   _printf_g.o
       148          4         40          0          0        160   _printf_hex_int_ll_ptr.o
         6          0          0          0          0          0   _printf_i.o
       178          0          0          0          0         88   _printf_intcommon.o
        10          0          0          0          0          0   _printf_l.o
         6          0          0          0          0          0   _printf_lc.o
        10          0          0          0          0          0   _printf_ll.o
         6          0          0          0          0          0   _printf_lld.o
         6          0          0          0          0          0   _printf_lli.o
         6          0          0          0          0          0   _printf_llo.o
         6          0          0          0          0          0   _printf_llu.o
         6          0          0          0          0          0   _printf_llx.o
       124         16          0          0          0         92   _printf_longlong_dec.o
         6          0          0          0          0          0   _printf_ls.o
         6          0          0          0          0          0   _printf_n.o
         6          0          0          0          0          0   _printf_o.o
       112          8          0          0          0        124   _printf_oct_int_ll.o
         6          0          0          0          0          0   _printf_p.o
        78          0          0          0          0        108   _printf_pad.o
         0          0          0          0          0          0   _printf_percent.o
         4          0          0          0          0          0   _printf_percent_end.o
         6          0          0          0          0          0   _printf_s.o
        82          0          0          0          0         80   _printf_str.o
        36          0          0          0          0         84   _printf_truncate.o
         6          0          0          0          0          0   _printf_u.o
        44          0          0          0          0        108   _printf_wchar.o
       188          6          8          0          0         92   _printf_wctomb.o
         6          0          0          0          0          0   _printf_x.o
       228          4        148          0          0         96   bigflt0.o
      1936        128          0          0          0        668   btod.o
        10          0          0          0          0         68   defsig_exit.o
        50          0          0          0          0         88   defsig_general.o
        80         58          0          0          0         76   defsig_rtmem_inner.o
        14          0          0          0          0         80   defsig_rtmem_outer.o
        52         38          0          0          0         76   defsig_rtred_inner.o
        14          0          0          0          0         80   defsig_rtred_outer.o
        18          0          0          0          0         80   exit.o
        76          0          0          0          0         88   fclose.o
         8          0          0          0          0         68   ferror.o
       240          6          0          0          0        128   fopen.o
       248          6          0          0          0         84   fseek.o
        66          0          0          0          0         76   ftell.o
        94          0          0          0          0         80   h1_alloc.o
        52          0          0          0          0         68   h1_extend.o
        78          0          0          0          0         80   h1_free.o
        12          0          0          0          0         84   h1_init.o
         6          0          0          0          0        152   heapauxi.o
         4          0          0          0          0        136   hguard.o
         0          0          0          0          0          0   indicate_semi.o
       138          0          0          0          0        168   init_alloc.o
       312         46          0          0          0        112   initio.o
        44         10        272          0          0         76   lc_ctype_c.o
        44         10         28          0          0         76   lc_numeric_c.o
         2          0          0          0          0          0   libinit.o
        46          0          0          0          0          0   libinit2.o
         2          0          0          0          0          0   libshutdown.o
         6          0          0          0          0          0   libshutdown2.o
         8          4          0          0         96         68   libspace.o
       138          0          0          0          0         80   lludiv10.o
         0          0          0          0          0          0   maybetermalloc1.o
        24          4          0          0          0         84   printf.o
        16          4          0          0          0         76   rt_ctype_table.o
         8          4          0          0          0         68   rt_errno_addr_intlibspace.o
         8          4          0          0          0         68   rt_heap_descriptor_intlibspace.o
         8          4          0          0          0         68   rt_locale_intlibspace.o
        78          0          0          0          0         80   rt_memclr_w.o
         2          0          0          0          0          0   rtexit.o
        10          0          0          0          0          0   rtexit2.o
        70          0          0          0          0         80   setvbuf.o
       264          6          0          0          0        160   stdio.o
         0          0          0         12        252          0   stdio_streams.o
       124          0          0          0          0         88   strcmpv7em.o
        62          0          0          0          0         76   strlen.o
        12          4          0          0          0         68   sys_exit.o
       102          0          0          0          0        240   sys_io.o
         0          0         12          0          0          0   sys_io_names.o
        74          0          0          0          0         80   sys_stackheap_outer.o
        14          0          0          0          0         76   sys_wrch.o
         2          0          0          0          0         68   use_no_semi.o
        26          0          0          0          0        116   fpinit.o
         4          0          0          0          0        116   printf1.o
         4          0          0          0          0        116   printf2.o
         0          0          0          0          0          0   usenofp.o
        48          0          0          0          0        124   fpclassify.o

    ----------------------------------------------------------------------
      9030        440        564         12        348       6824   Library Totals
        26          4          1          0          0          0   (incl. Padding)

    ----------------------------------------------------------------------

      Code (inc. data)   RO Data    RW Data    ZI Data      Debug   Library Name

      8922        436        563         12        348       6352   c_w.l
        34          0          0          0          0        348   fz_wm.l
        48          0          0          0          0        124   m_wm.l

    ----------------------------------------------------------------------
      9030        440        564         12        348       6824   Library Totals

    ----------------------------------------------------------------------

==============================================================================


      Code (inc. data)   RO Data    RW Data    ZI Data      Debug   

     25580        466       1140         36       2748     115412   Grand Totals
     25580        466       1140         36       2748     115412   ELF Image Totals
     25580        466       1140         36          0          0   ROM Totals

==============================================================================

    Total RO  Size (Code + RO Data)                26720 (  26.09kB)
    Total RW  Size (RW Data + ZI Data)              2784 (   2.72kB)
    Total ROM Size (Code + RO Data + RW Data)      26756 (  26.13kB)

==============================================================================

