Component: Arm Compiler for Embedded 6.24 Tool: armlink [5f371500]

==============================================================================

Section Cross References

    startup_stm32f40_41xxx.o(STACK) refers (Special) to heapauxi.o(.text) for __use_two_region_memory
    startup_stm32f40_41xxx.o(HEAP) refers (Special) to heapauxi.o(.text) for __use_two_region_memory
    startup_stm32f40_41xxx.o(RESET) refers (Special) to heapauxi.o(.text) for __use_two_region_memory
    startup_stm32f40_41xxx.o(RESET) refers to startup_stm32f40_41xxx.o(STACK) for __initial_sp
    startup_stm32f40_41xxx.o(RESET) refers to startup_stm32f40_41xxx.o(.text) for Reset_Handler
    startup_stm32f40_41xxx.o(RESET) refers to stm32f4xx_it.o(.text.NMI_Handler) for NMI_Handler
    startup_stm32f40_41xxx.o(RESET) refers to stm32f4xx_it.o(.text.HardFault_Handler) for HardFault_Handler
    startup_stm32f40_41xxx.o(RESET) refers to stm32f4xx_it.o(.text.MemManage_Handler) for MemManage_Handler
    startup_stm32f40_41xxx.o(RESET) refers to stm32f4xx_it.o(.text.BusFault_Handler) for BusFault_Handler
    startup_stm32f40_41xxx.o(RESET) refers to stm32f4xx_it.o(.text.UsageFault_Handler) for UsageFault_Handler
    startup_stm32f40_41xxx.o(RESET) refers to stm32f4xx_it.o(.text.DebugMon_Handler) for DebugMon_Handler
    startup_stm32f40_41xxx.o(RESET) refers to stm32f4xx_it.o(.text.EXTI0_IRQHandler) for EXTI0_IRQHandler
    startup_stm32f40_41xxx.o(RESET) refers to stm32f4xx_it.o(.text.EXTI2_IRQHandler) for EXTI2_IRQHandler
    startup_stm32f40_41xxx.o(RESET) refers to stm32f4xx_it.o(.text.EXTI3_IRQHandler) for EXTI3_IRQHandler
    startup_stm32f40_41xxx.o(RESET) refers to stm32f4xx_it.o(.text.CAN1_RX0_IRQHandler) for CAN1_RX0_IRQHandler
    startup_stm32f40_41xxx.o(RESET) refers to stm32f4xx_it.o(.text.EXTI9_5_IRQHandler) for EXTI9_5_IRQHandler
    startup_stm32f40_41xxx.o(RESET) refers to stm32f4xx_it.o(.text.TIM1_UP_TIM10_IRQHandler) for TIM1_UP_TIM10_IRQHandler
    startup_stm32f40_41xxx.o(.text) refers (Special) to heapauxi.o(.text) for __use_two_region_memory
    startup_stm32f40_41xxx.o(.text) refers to system_stm32f4xx.o(.text.SystemInit) for SystemInit
    startup_stm32f40_41xxx.o(.text) refers to __main.o(!!!main) for __main
    startup_stm32f40_41xxx.o(.text) refers to startup_stm32f40_41xxx.o(HEAP) for Heap_Mem
    startup_stm32f40_41xxx.o(.text) refers to startup_stm32f40_41xxx.o(STACK) for Stack_Mem
    system_stm32f4xx.o(.text.SystemInit) refers to system_stm32f4xx.o(.text.SetSysClock) for SetSysClock
    system_stm32f4xx.o(.ARM.exidx.text.SystemInit) refers to system_stm32f4xx.o(.text.SystemInit) for [Anonymous Symbol]
    system_stm32f4xx.o(.ARM.exidx.text.SetSysClock) refers to system_stm32f4xx.o(.text.SetSysClock) for [Anonymous Symbol]
    system_stm32f4xx.o(.text.SystemCoreClockUpdate) refers to system_stm32f4xx.o(.data.SystemCoreClock) for SystemCoreClock
    system_stm32f4xx.o(.text.SystemCoreClockUpdate) refers to system_stm32f4xx.o(.rodata.AHBPrescTable) for AHBPrescTable
    system_stm32f4xx.o(.ARM.exidx.text.SystemCoreClockUpdate) refers to system_stm32f4xx.o(.text.SystemCoreClockUpdate) for [Anonymous Symbol]
    stm32f4xx_it.o(.ARM.exidx.text.NMI_Handler) refers to stm32f4xx_it.o(.text.NMI_Handler) for [Anonymous Symbol]
    stm32f4xx_it.o(.ARM.exidx.text.HardFault_Handler) refers to stm32f4xx_it.o(.text.HardFault_Handler) for [Anonymous Symbol]
    stm32f4xx_it.o(.ARM.exidx.text.MemManage_Handler) refers to stm32f4xx_it.o(.text.MemManage_Handler) for [Anonymous Symbol]
    stm32f4xx_it.o(.ARM.exidx.text.BusFault_Handler) refers to stm32f4xx_it.o(.text.BusFault_Handler) for [Anonymous Symbol]
    stm32f4xx_it.o(.ARM.exidx.text.UsageFault_Handler) refers to stm32f4xx_it.o(.text.UsageFault_Handler) for [Anonymous Symbol]
    stm32f4xx_it.o(.ARM.exidx.text.DebugMon_Handler) refers to stm32f4xx_it.o(.text.DebugMon_Handler) for [Anonymous Symbol]
    stm32f4xx_it.o(.text.EXTI2_IRQHandler) refers to remote.o(.text.Remote_EXTI2_IRQHandler) for Remote_EXTI2_IRQHandler
    stm32f4xx_it.o(.ARM.exidx.text.EXTI2_IRQHandler) refers to stm32f4xx_it.o(.text.EXTI2_IRQHandler) for [Anonymous Symbol]
    stm32f4xx_it.o(.text.EXTI0_IRQHandler) refers to remote.o(.text.Remote_EXTI0_IRQHandler) for Remote_EXTI0_IRQHandler
    stm32f4xx_it.o(.ARM.exidx.text.EXTI0_IRQHandler) refers to stm32f4xx_it.o(.text.EXTI0_IRQHandler) for [Anonymous Symbol]
    stm32f4xx_it.o(.text.EXTI3_IRQHandler) refers to remote.o(.text.Remote_EXTI3_IRQHandler) for Remote_EXTI3_IRQHandler
    stm32f4xx_it.o(.ARM.exidx.text.EXTI3_IRQHandler) refers to stm32f4xx_it.o(.text.EXTI3_IRQHandler) for [Anonymous Symbol]
    stm32f4xx_it.o(.text.EXTI9_5_IRQHandler) refers to remote.o(.text.Remote_EXTI9_5_IRQHandler) for Remote_EXTI9_5_IRQHandler
    stm32f4xx_it.o(.ARM.exidx.text.EXTI9_5_IRQHandler) refers to stm32f4xx_it.o(.text.EXTI9_5_IRQHandler) for [Anonymous Symbol]
[...]
    __rt_SIGRTMEM_inner                      0x08001dd1   Thumb Code    22  defsig_rtmem_inner.o(.text)
    ADC_Cmd                                  0x08001e21   Thumb Code    44  stm32f4xx_adc.o(.text.ADC_Cmd)
    ADC_CommonInit                           0x08001e4d   Thumb Code    68  stm32f4xx_adc.o(.text.ADC_CommonInit)
    ADC_CommonStructInit                     0x08001e91   Thumb Code    26  stm32f4xx_adc.o(.text.ADC_CommonStructInit)
    ADC_GetConversionValue                   0x08001ead   Thumb Code    14  stm32f4xx_adc.o(.text.ADC_GetConversionValue)
    ADC_GetFlagStatus                        0x08001ebd   Thumb Code    52  stm32f4xx_adc.o(.text.ADC_GetFlagStatus)
    ADC_Init                                 0x08001ef1   Thumb Code   158  stm32f4xx_adc.o(.text.ADC_Init)
    ADC_RegularChannelConfig                 0x08001f91   Thumb Code   380  stm32f4xx_adc.o(.text.ADC_RegularChannelConfig)
    ADC_SoftwareStartConv                    0x0800210d   Thumb Code    18  stm32f4xx_adc.o(.text.ADC_SoftwareStartConv)
    ADC_StructInit                           0x08002121   Thumb Code    40  stm32f4xx_adc.o(.text.ADC_StructInit)
    Actuator_Init                            0x080021e1   Thumb Code    20  actuator.o(.text.Actuator_Init)
    Actuator_OnUserStart                     0x080021f5   Thumb Code    72  actuator.o(.text.Actuator_OnUserStart)
    Actuator_Task                            0x0800223d   Thumb Code   340  actuator.o(.text.Actuator_Task)
    Actuator_UpdateFromRC                    0x08002391   Thumb Code  1092  actuator.o(.text.Actuator_UpdateFromRC)
    BusFault_Handler                         0x080027d5   Thumb Code     4  stm32f4xx_it.o(.text.BusFault_Handler)
    CAN1_RX0_IRQHandler                      0x080027d9   Thumb Code     8  stm32f4xx_it.o(.text.CAN1_RX0_IRQHandler)
    CAN_ClearITPendingBit                    0x080027e1   Thumb Code   238  stm32f4xx_can.o(.text.CAN_ClearITPendingBit)
    CAN_DeInit                               0x080028d1   Thumb Code    70  stm32f4xx_can.o(.text.CAN_DeInit)
    CAN_FilterInit                           0x08002919   Thumb Code   346  stm32f4xx_can.o(.text.CAN_FilterInit)
    CAN_GetITStatus                          0x08002a75   Thumb Code   412  stm32f4xx_can.o(.text.CAN_GetITStatus)
    CAN_ITConfig                             0x08002c11   Thumb Code    46  stm32f4xx_can.o(.text.CAN_ITConfig)
    CAN_Init                                 0x08002c41   Thumb Code   446  stm32f4xx_can.o(.text.CAN_Init)
    CAN_MessagePending                       0x08002e01   Thumb Code    78  stm32f4xx_can.o(.text.CAN_MessagePending)
    CAN_Receive                              0x08002e51   Thumb Code   340  stm32f4xx_can.o(.text.CAN_Receive)
    CAN_StructInit                           0x08002fa5   Thumb Code    60  stm32f4xx_can.o(.text.CAN_StructInit)
    CAN_Transmit                             0x08002fe1   Thumb Code   322  stm32f4xx_can.o(.text.CAN_Transmit)
    CAN_TransmitStatus                       0x08003125   Thumb Code   248  stm32f4xx_can.o(.text.CAN_TransmitStatus)
    DebugMon_Handler                         0x0800324d   Thumb Code     2  stm32f4xx_it.o(.text.DebugMon_Handler)
    EXTI0_IRQHandler                         0x080033a5   Thumb Code     8  stm32f4xx_it.o(.text.EXTI0_IRQHandler)
    EXTI2_IRQHandler                         0x080033ad   Thumb Code     8  stm32f4xx_it.o(.text.EXTI2_IRQHandler)
    EXTI3_IRQHandler                         0x080033b5   Thumb Code     8  stm32f4xx_it.o(.text.EXTI3_IRQHandler)
    EXTI9_5_IRQHandler                       0x080033bd   Thumb Code     8  stm32f4xx_it.o(.text.EXTI9_5_IRQHandler)
    EXTI_ClearITPendingBit                   0x080033c5   Thumb Code    20  stm32f4xx_exti.o(.text.EXTI_ClearITPendingBit)
    EXTI_GetITStatus                         0x080033d9   Thumb Code    52  stm32f4xx_exti.o(.text.EXTI_GetITStatus)
    EXTI_Init                                0x0800340d   Thumb Code   234  stm32f4xx_exti.o(.text.EXTI_Init)
    GPIO_Init                                0x08003b29   Thumb Code   246  stm32f4xx_gpio.o(.text.GPIO_Init)
    GPIO_PinAFConfig                         0x08003c21   Thumb Code   114  stm32f4xx_gpio.o(.text.GPIO_PinAFConfig)
    GPIO_ReadInputDataBit                    0x08003c95   Thumb Code    52  stm32f4xx_gpio.o(.text.GPIO_ReadInputDataBit)
    GPIO_ResetBits                           0x08003cc9   Thumb Code    20  stm32f4xx_gpio.o(.text.GPIO_ResetBits)
    GPIO_SetBits                             0x08003cdd   Thumb Code    20  stm32f4xx_gpio.o(.text.GPIO_SetBits)
    HardFault_Handler                        0x08003cf1   Thumb Code     4  stm32f4xx_it.o(.text.HardFault_Handler)
    Imu_GetYawDeg10                          0x08003d25   Thumb Code    12  imu_icm20948.o(.text.Imu_GetYawDeg10)
    Imu_GetYawDeltaDeg10                     0x08003d31   Thumb Code    28  imu_icm20948.o(.text.Imu_GetYawDeltaDeg10)
    Imu_Init                                 0x08003fd1   Thumb Code   326  imu_icm20948.o(.text.Imu_Init)
    Imu_Task                                 0x08004365   Thumb Code   190  imu_icm20948.o(.text.Imu_Task)
    LineFollow_Init                          0x08004699   Thumb Code     8  line_follow.o(.text.LineFollow_Init)
    LineFollow_IsEnabled                     0x080046a1   Thumb Code    12  line_follow.o(.text.LineFollow_IsEnabled)
    LineFollow_SetEnabled                    0x08004add   Thumb Code   204  line_follow.o(.text.LineFollow_SetEnabled)
    LineFollow_Task                          0x08004d09   Thumb Code  1104  line_follow.o(.text.LineFollow_Task)
    MemManage_Handler                        0x08005159   Thumb Code     4  stm32f4xx_it.o(.text.MemManage_Handler)
    NMI_Handler                              0x0800515d   Thumb Code     2  stm32f4xx_it.o(.text.NMI_Handler)
    NVIC_Init                                0x08005161   Thumb Code   202  misc.o(.text.NVIC_Init)
    NVIC_PriorityGroupConfig                 0x0800522d   Thumb Code    28  misc.o(.text.NVIC_PriorityGroupConfig)
    RCC_AHB1PeriphClockCmd                   0x08005249   Thumb Code    56  stm32f4xx_rcc.o(.text.RCC_AHB1PeriphClockCmd)
    RCC_APB1PeriphClockCmd                   0x08005281   Thumb Code    56  stm32f4xx_rcc.o(.text.RCC_APB1PeriphClockCmd)
    RCC_APB1PeriphResetCmd                   0x080052b9   Thumb Code    56  stm32f4xx_rcc.o(.text.RCC_APB1PeriphResetCmd)
    RCC_APB2PeriphClockCmd                   0x080052f1   Thumb Code    56  stm32f4xx_rcc.o(.text.RCC_APB2PeriphClockCmd)
    RCC_GetClocksFreq                        0x08005329   Thumb Code   354  stm32f4xx_rcc.o(.text.RCC_GetClocksFreq)
    Remote_EXTI0_IRQHandler                  0x08005709   Thumb Code    10  remote.o(.text.Remote_EXTI0_IRQHandler)
    Remote_EXTI2_IRQHandler                  0x08005715   Thumb Code    10  remote.o(.text.Remote_EXTI2_IRQHandler)
    Remote_EXTI3_IRQHandler                  0x08005721   Thumb Code    10  remote.o(.text.Remote_EXTI3_IRQHandler)
    Remote_EXTI9_5_IRQHandler                0x0800572d   Thumb Code    22  remote.o(.text.Remote_EXTI9_5_IRQHandler)
    Remote_GetUs                             0x08005861   Thumb Code    76  remote.o(.text.Remote_GetUs)
    Remote_Init                              0x080059f1   Thumb Code    16  remote.o(.text.Remote_Init)
    Remote_TIM10_IRQHandler                  0x08005ac9   Thumb Code    54  remote.o(.text.Remote_TIM10_IRQHandler)
    SYSCFG_EXTILineConfig                    0x08005b9d   Thumb Code    86  stm32f4xx_syscfg.o(.text.SYSCFG_EXTILineConfig)
    SystemCoreClockUpdate                    0x08005ddd   Thumb Code   302  system_stm32f4xx.o(.text.SystemCoreClockUpdate)
    SystemInit                               0x08005f0d   Thumb Code   116  system_stm32f4xx.o(.text.SystemInit)
    TIM1_UP_TIM10_IRQHandler                 0x08005f81   Thumb Code     8  stm32f4xx_it.o(.text.TIM1_UP_TIM10_IRQHandler)
    TIM_ARRPreloadConfig                     0x08005f89   Thumb Code    44  stm32f4xx_tim.o(.text.TIM_ARRPreloadConfig)
    TIM_ClearFlag                            0x08005fb5   Thumb Code    22  stm32f4xx_tim.o(.text.TIM_ClearFlag)
    TIM_ClearITPendingBit                    0x08005fcd   Thumb Code    22  stm32f4xx_tim.o(.text.TIM_ClearITPendingBit)
    TIM_Cmd                                  0x08005fe5   Thumb Code    44  stm32f4xx_tim.o(.text.TIM_Cmd)
    TIM_GetITStatus                          0x08006011   Thumb Code    90  stm32f4xx_tim.o(.text.TIM_GetITStatus)
    TIM_ITConfig                             0x0800606d   Thumb Code    52  stm32f4xx_tim.o(.text.TIM_ITConfig)
    TIM_OC1Init                              0x080060a1   Thumb Code   304  stm32f4xx_tim.o(.text.TIM_OC1Init)
    TIM_OC1PreloadConfig                     0x080061d1   Thumb Code    60  stm32f4xx_tim.o(.text.TIM_OC1PreloadConfig)
    TIM_TimeBaseInit                         0x0800620d   Thumb Code   270  stm32f4xx_tim.o(.text.TIM_TimeBaseInit)
    TIM_TimeBaseStructInit                   0x0800631d   Thumb Code    34  stm32f4xx_tim.o(.text.TIM_TimeBaseStructInit)
    USART_Cmd                                0x08006341   Thumb Code    44  stm32f4xx_usart.o(.text.USART_Cmd)
    USART_GetFlagStatus                      0x0800636d   Thumb Code    68  stm32f4xx_usart.o(.text.USART_GetFlagStatus)
    USART_Init                               0x080063b1   Thumb Code   354  stm32f4xx_usart.o(.text.USART_Init)
    USART_SendData                           0x08006515   Thumb Code    24  stm32f4xx_usart.o(.text.USART_SendData)
    UsageFault_Handler                       0x0800652d   Thumb Code     4  stm32f4xx_it.o(.text.UsageFault_Handler)
    VescCan_DebugPoll                        0x08006531   Thumb Code     8  vesc_can.o(.text.VescCan_DebugPoll)
    VescCan_Init                             0x080065cd   Thumb Code   132  vesc_can.o(.text.VescCan_Init)
    VescCan_RX0_IRQHandler                   0x08006675   Thumb Code   308  vesc_can.o(.text.VescCan_RX0_IRQHandler)
    VescCan_SetBrakeCurrent                  0x080068c9   Thumb Code    28  vesc_can.o(.text.VescCan_SetBrakeCurrent)
    VescCan_SetRpm                           0x080068e5   Thumb Code    78  vesc_can.o(.text.VescCan_SetRpm)
    fputc                                    0x080069cd   Thumb Code    52  main.o(.text.fputc)
    main                                     0x08006a01   Thumb Code   466  main.o(.text.main)
    _btod_d2e                                0x08006bd3   Thumb Code    62  btod.o(CL$$btod_d2e)
    _d2e_denorm_low                          0x08006c11   Thumb Code    70  btod.o(CL$$btod_d2e_denorm_low)
    _d2e_norm_op1                            0x08006c57   Thumb Code    96  btod.o(CL$$btod_d2e_norm_op1)
    __btod_div_common                        0x08006cb9   Thumb Code   696  btod.o(CL$$btod_div_common)
    _e2e                                     0x08006ff1   Thumb Code   220  btod.o(CL$$btod_e2e)
    _btod_ediv                               0x080070cd   Thumb Code    42  btod.o(CL$$btod_ediv)
    _btod_emul                               0x080070f7   Thumb Code    42  btod.o(CL$$btod_emul)
    __btod_mult_common                       0x08007121   Thumb Code   580  btod.o(CL$$btod_mult_common)
    __ARM_fpclassify                         0x08007365   Thumb Code    48  fpclassify.o(i.__ARM_fpclassify)
    _is_digit                                0x08007395   Thumb Code    14  __printf_wp.o(i._is_digit)
    _get_lc_numeric                          0x080073a5   Thumb Code    44  lc_numeric_c.o(locale$$code)
    _get_lc_ctype                            0x080073d1   Thumb Code    44  lc_ctype_c.o(locale$$code)
    _fp_init                                 0x080073fd   Thumb Code    26  fpinit.o(x$fpl$fpinit)
    __fplib_config_fpu_vfp                   0x08007415   Thumb Code     0  fpinit.o(x$fpl$fpinit)
    __fplib_config_pureend_doubles           0x08007415   Thumb Code     0  fpinit.o(x$fpl$fpinit)
    _printf_fp_dec                           0x08007417   Thumb Code     4  printf1.o(x$fpl$printf1)
    _printf_fp_hex                           0x0800741b   Thumb Code     4  printf2.o(x$fpl$printf2)
    __I$use$fp                               0x0800741e   Number         0  usenofp.o(x$fpl$usenofp)
    __stdin_name                             0x08007487   Data           4  sys_io_names.o(.constdata)
    __stdout_name                            0x0800748b   Data           4  sys_io_names.o(.constdata)
    __stderr_name                            0x0800748f   Data           4  sys_io_names.o(.constdata)
    AHBPrescTable                            0x08007528   Data          16  system_stm32f4xx.o(.rodata.AHBPrescTable)
    Region$$Table$$Base                      0x080075c8   Number         0  anon$$obj.o(Region$$Table)
    Region$$Table$$Limit                     0x080075e8   Number         0  anon$$obj.o(Region$$Table)
    __ctype                                  0x08007611   Data           0  lc_ctype_c.o(locale$$data)
    __aeabi_stdin                            0x20000000   Data           4  stdio_streams.o(.data)
    __aeabi_stdout                           0x20000004   Data           4  stdio_streams.o(.data)
    __aeabi_stderr                           0x20000008   Data           4  stdio_streams.o(.data)
    Act_Emm5LastTxStatus                     0x2000000c   Data           1  actuator.o(.data.Act_Emm5LastTxStatus)
    Act_GripperMode                          0x2000000d   Data           1  actuator.o(.data.Act_GripperMode)
    Act_GripperPulse                         0x2000000e   Data           2  actuator.o(.data.Act_GripperPulse)
    Act_LiftPulseCount                       0x20000010   Data           2  actuator.o(.data.Act_LiftPulseCount)
    Act_VescEnable                           0x20000012   Data           1  actuator.o(.data.Act_VescEnable)
    LineFollow_Center                        0x20000014   Data           2  line_follow.o(.data.LineFollow_Center)
    LineFollow_Lost                          0x20000016   Data           1  line_follow.o(.data.LineFollow_Lost)
    SystemCoreClock                          0x20000018   Data           4  system_stm32f4xx.o(.data.SystemCoreClock)
    VescCan_LastMailbox                      0x2000001c   Data           1  vesc_can.o(.data.VescCan_LastMailbox)
    VescCan_LastTxStatus                     0x2000001d   Data           1  vesc_can.o(.data.VescCan_LastTxStatus)
    __stdin                                  0x20000028   Data          84  stdio_streams.o(.bss)
    __stdout                                 0x2000007c   Data          84  stdio_streams.o(.bss)
    __stderr                                 0x200000d0   Data          84  stdio_streams.o(.bss)
    __libspace_start                         0x20000124   Data          96  libspace.o(.bss)
    Act_DriveIdle                            0x20000184   Data           1  actuator.o(.bss.Act_DriveIdle)
    __temporary_stack_top$libspace           0x20000184   Data           0  libspace.o(.bss)
    Act_Emm5Enabled                          0x20000185   Data           1  actuator.o(.bss.Act_Emm5Enabled)
    Act_Emm5LastCmd                          0x20000186   Data           1  actuator.o(.bss.Act_Emm5LastCmd)
    Act_Emm5LastExtId                        0x20000188   Data           4  actuator.o(.bss.Act_Emm5LastExtId)
    Act_Emm5LastLen                          0x2000018c   Data           1  actuator.o(.bss.Act_Emm5LastLen)
    Act_Emm5TxCount                          0x20000190   Data           4  actuator.o(.bss.Act_Emm5TxCount)
    Act_Emm5TxFailCount                      0x20000194   Data           4  actuator.o(.bss.Act_Emm5TxFailCount)
    Act_Emm5TxNoMailboxCount                 0x20000198   Data           4  actuator.o(.bss.Act_Emm5TxNoMailboxCount)
    Act_Emm5TxOkCount                        0x2000019c   Data           4  actuator.o(.bss.Act_Emm5TxOkCount)
    Act_Emm5TxTimeoutCount                   0x200001a0   Data           4  actuator.o(.bss.Act_Emm5TxTimeoutCount)
    Act_LeftMotor                            0x200001a4   Data           2  actuator.o(.bss.Act_LeftMotor)
    Act_LiftAutoApplyCount                   0x200001a8   Data           4  actuator.o(.bss.Act_LiftAutoApplyCount)
    Act_LiftMode                             0x200001ac   Data           1  actuator.o(.bss.Act_LiftMode)
    Act_LiftSpeed                            0x200001ae   Data           2  actuator.o(.bss.Act_LiftSpeed)
    Act_LiftStopCount                        0x200001b0   Data           4  actuator.o(.bss.Act_LiftStopCount)
    Act_LiftTargetPulse                      0x200001b4   Data           4  actuator.o(.bss.Act_LiftTargetPulse)
    Act_LiftTriggerCount                     0x200001b8   Data           4  actuator.o(.bss.Act_LiftTriggerCount)
    Act_LiftTrimState                        0x200001bc   Data           1  actuator.o(.bss.Act_LiftTrimState)
    Act_MoveCmd                              0x200001be   Data           2  actuator.o(.bss.Act_MoveCmd)
    Act_RightMotor                           0x200001c0   Data           2  actuator.o(.bss.Act_RightMotor)
    Act_SpeedScale                           0x200001c2   Data           2  actuator.o(.bss.Act_SpeedScale)
    Act_TurnCmd                              0x200001c4   Data           2  actuator.o(.bss.Act_TurnCmd)
    Act_VescSendMode                         0x200001c6   Data           1  actuator.o(.bss.Act_VescSendMode)
    DEBUG_AliveCount                         0x200001c8   Data           4  main.o(.bss.DEBUG_AliveCount)
    DEBUG_BootCFGR                           0x200001cc   Data           4  main.o(.bss.DEBUG_BootCFGR)
    DEBUG_BootCR                             0x200001d0   Data           4  main.o(.bss.DEBUG_BootCR)
    DEBUG_BootSystemCoreClock                0x200001d4   Data           4  main.o(.bss.DEBUG_BootSystemCoreClock)
    DEBUG_DWT_Alive                          0x200001d8   Data           1  main.o(.bss.DEBUG_DWT_Alive)
    DEBUG_DWT_TestDelta                      0x200001dc   Data           4  main.o(.bss.DEBUG_DWT_TestDelta)
    DEBUG_HSERdy                             0x200001e0   Data           1  main.o(.bss.DEBUG_HSERdy)
    DEBUG_LineFollowEndUs                    0x200001e4   Data           4  main.o(.bss.DEBUG_LineFollowEndUs)
    DEBUG_LineFollowState                    0x200001e8   Data           1  main.o(.bss.DEBUG_LineFollowState)
    DEBUG_PA2_Level                          0x200001e9   Data           1  main.o(.bss.DEBUG_PA2_Level)
    DEBUG_PLLRdy                             0x200001ea   Data           1  main.o(.bss.DEBUG_PLLRdy)
    DEBUG_SysclkSource                       0x200001eb   Data           1  main.o(.bss.DEBUG_SysclkSource)
    Imu_FrameCount                           0x200001ec   Data           4  imu_icm20948.o(.bss.Imu_FrameCount)
    Imu_GyroZOffset                          0x200001f0   Data           2  imu_icm20948.o(.bss.Imu_GyroZOffset)
    Imu_GyroZRaw                             0x200001f2   Data           2  imu_icm20948.o(.bss.Imu_GyroZRaw)
    Imu_InitFailCode                         0x200001f4   Data           1  imu_icm20948.o(.bss.Imu_InitFailCode)
    Imu_Ready                                0x200001f5   Data           1  imu_icm20948.o(.bss.Imu_Ready)
    Imu_Type                                 0x200001f6   Data           1  imu_icm20948.o(.bss.Imu_Type)
    Imu_YawDeg10                             0x200001f8   Data           4  imu_icm20948.o(.bss.Imu_YawDeg10)
    LineFollow_Cross                         0x200001fc   Data           1  line_follow.o(.bss.LineFollow_Cross)
    LineFollow_CrossCount                    0x20000200   Data           4  line_follow.o(.bss.LineFollow_CrossCount)
    LineFollow_Enabled                       0x20000204   Data           1  line_follow.o(.bss.LineFollow_Enabled)
    LineFollow_FrameCount                    0x20000208   Data           4  line_follow.o(.bss.LineFollow_FrameCount)
    LineFollow_KeyToggleCount                0x2000020c   Data           4  line_follow.o(.bss.LineFollow_KeyToggleCount)
    LineFollow_LeftCmdErpm                   0x20000210   Data           2  line_follow.o(.bss.LineFollow_LeftCmdErpm)
    LineFollow_Mode                          0x20000212   Data           1  line_follow.o(.bss.LineFollow_Mode)
    LineFollow_Position                      0x20000214   Data           2  line_follow.o(.bss.LineFollow_Position)
    LineFollow_Reverse                       0x20000216   Data           1  line_follow.o(.bss.LineFollow_Reverse)
    LineFollow_RightCmdErpm                  0x20000218   Data           2  line_follow.o(.bss.LineFollow_RightCmdErpm)
    LineFollow_RouteSide                     0x2000021a   Data           1  line_follow.o(.bss.LineFollow_RouteSide)
    LineFollow_Threshold                     0x2000021c   Data           2  line_follow.o(.bss.LineFollow_Threshold)
    LineFollow_TurnDir                       0x2000021e   Data           1  line_follow.o(.bss.LineFollow_TurnDir)
    LineFollow_TurnDoneCount                 0x20000220   Data           4  line_follow.o(.bss.LineFollow_TurnDoneCount)
    LineFollow_TurnIndex                     0x20000224   Data           1  line_follow.o(.bss.LineFollow_TurnIndex)
    LineFollow_TurnYawDeltaDeg10             0x20000226   Data           2  line_follow.o(.bss.LineFollow_TurnYawDeltaDeg10)
    LineFollow_Width                         0x20000228   Data           2  line_follow.o(.bss.LineFollow_Width)
    LineFollow_YawCorrectionErpm             0x2000022a   Data           2  line_follow.o(.bss.LineFollow_YawCorrectionErpm)
    RC_CH                                    0x2000022c   Data          12  remote.o(.bss.RC_CH)
    RC_CH1_EdgeCount                         0x20000238   Data           4  remote.o(.bss.RC_CH1_EdgeCount)
    RC_CH1_FallCount                         0x2000023c   Data           4  remote.o(.bss.RC_CH1_FallCount)
    RC_CH1_Level                             0x20000240   Data           1  remote.o(.bss.RC_CH1_Level)
    RC_CH1_Pulse                             0x20000242   Data           2  remote.o(.bss.RC_CH1_Pulse)
    RC_CH1_RiseCount                         0x20000244   Data           4  remote.o(.bss.RC_CH1_RiseCount)
    RC_CH1_Updated                           0x20000248   Data           1  remote.o(.bss.RC_CH1_Updated)
    RC_CH_EdgeCount                          0x2000024c   Data          24  remote.o(.bss.RC_CH_EdgeCount)
    RC_CH_FallCount                          0x20000264   Data          24  remote.o(.bss.RC_CH_FallCount)
    RC_CH_Level                              0x2000027c   Data           6  remote.o(.bss.RC_CH_Level)
    RC_CH_RiseCount                          0x20000284   Data          24  remote.o(.bss.RC_CH_RiseCount)
    RC_CH_Updated                            0x2000029c   Data           6  remote.o(.bss.RC_CH_Updated)
    VescCan_BusOff                           0x200002a2   Data           1  vesc_can.o(.bss.VescCan_BusOff)
    VescCan_ErrorPassive                     0x200002a3   Data           1  vesc_can.o(.bss.VescCan_ErrorPassive)
    VescCan_ErrorWarning                     0x200002a4   Data           1  vesc_can.o(.bss.VescCan_ErrorWarning)
    VescCan_InitOk                           0x200002a5   Data           1  vesc_can.o(.bss.VescCan_InitOk)
    VescCan_LastESR                          0x200002a8   Data           4  vesc_can.o(.bss.VescCan_LastESR)
    VescCan_LastErrorCode                    0x200002ac   Data           1  vesc_can.o(.bss.VescCan_LastErrorCode)
    VescCan_LastMSR                          0x200002b0   Data           4  vesc_can.o(.bss.VescCan_LastMSR)
    VescCan_LastStatusId                     0x200002b4   Data           1  vesc_can.o(.bss.VescCan_LastStatusId)
    VescCan_LastTSR                          0x200002b8   Data           4  vesc_can.o(.bss.VescCan_LastTSR)
    VescCan_LeftLastErpm                     0x200002bc   Data           4  vesc_can.o(.bss.VescCan_LeftLastErpm)
    VescCan_LeftStatusCurrent_dA             0x200002c0   Data           2  vesc_can.o(.bss.VescCan_LeftStatusCurrent_dA)
    VescCan_LeftStatusDuty_milli             0x200002c2   Data           2  vesc_can.o(.bss.VescCan_LeftStatusDuty_milli)
    VescCan_LeftStatusErpm                   0x200002c4   Data           4  vesc_can.o(.bss.VescCan_LeftStatusErpm)
    VescCan_LeftStatusSeen                   0x200002c8   Data           1  vesc_can.o(.bss.VescCan_LeftStatusSeen)
    VescCan_RightLastErpm                    0x200002cc   Data           4  vesc_can.o(.bss.VescCan_RightLastErpm)
    VescCan_RightStatusCurrent_dA            0x200002d0   Data           2  vesc_can.o(.bss.VescCan_RightStatusCurrent_dA)
    VescCan_RightStatusDuty_milli            0x200002d2   Data           2  vesc_can.o(.bss.VescCan_RightStatusDuty_milli)
    VescCan_RightStatusErpm                  0x200002d4   Data           4  vesc_can.o(.bss.VescCan_RightStatusErpm)
    VescCan_RightStatusSeen                  0x200002d8   Data           1  vesc_can.o(.bss.VescCan_RightStatusSeen)
    VescCan_RxCount                          0x200002dc   Data           4  vesc_can.o(.bss.VescCan_RxCount)
    VescCan_RxFifo0Pending                   0x200002e0   Data           1  vesc_can.o(.bss.VescCan_RxFifo0Pending)
    VescCan_TxCount                          0x200002e4   Data           4  vesc_can.o(.bss.VescCan_TxCount)
    VescCan_TxFailCount                      0x200002e8   Data           4  vesc_can.o(.bss.VescCan_TxFailCount)
    VescCan_TxNoMailboxCount                 0x200002ec   Data           4  vesc_can.o(.bss.VescCan_TxNoMailboxCount)
    VescCan_TxOkCount                        0x200002f0   Data           4  vesc_can.o(.bss.VescCan_TxOkCount)



==============================================================================

Memory Map of the image

  Image Entry point : 0x08000189

  Load Region LR_IROM1 (Base: 0x08000000, Size: 0x00007740, Max: 0x00080000, ABSOLUTE)

    Execution Region ER_IROM1 (Exec base: 0x08000000, Load base: 0x08000000, Size: 0x00007714, Max: 0x00080000, ABSOLUTE)

    Exec Addr    Load Addr    Size         Type   Attr      Idx    E Section Name        Object

    0x08000000   0x08000000   0x00000188   Data   RO            3    RESET               startup_stm32f40_41xxx.o
    0x08000188   0x08000188   0x00000008   Code   RO         1023  * !!!main             c_w.l(__main.o)
    0x08000190   0x08000190   0x0000005c   Code   RO         1529    !!!scatter          c_w.l(__scatter.o)
    0x080001ec   0x080001ec   0x0000001a   Code   RO         1533    !!handler_copy      c_w.l(__scatter_copy.o)
    0x08000206   0x08000206   0x00000002   PAD
    0x08000208   0x08000208   0x00000002   Code   RO         1530    !!handler_null      c_w.l(__scatter.o)
    0x0800020a   0x0800020a   0x00000002   PAD
    0x0800020c   0x0800020c   0x0000001c   Code   RO         1535    !!handler_zi        c_w.l(__scatter_zi.o)
    0x08000228   0x08000228   0x00000000   Code   RO         1111    .ARM.Collect$$_printf_percent$$00000000  c_w.l(_printf_percent.o)
    0x08000228   0x08000228   0x00000006   Code   RO         1100    .ARM.Collect$$_printf_percent$$00000001  c_w.l(_printf_n.o)
    0x0800022e   0x0800022e   0x00000006   Code   RO         1102    .ARM.Collect$$_printf_percent$$00000002  c_w.l(_printf_p.o)
    0x08000234   0x08000234   0x00000006   Code   RO         1107    .ARM.Collect$$_printf_percent$$00000003  c_w.l(_printf_f.o)
    0x0800023a   0x0800023a   0x00000006   Code   RO         1108    .ARM.Collect$$_printf_percent$$00000004  c_w.l(_printf_e.o)
    0x08000240   0x08000240   0x00000006   Code   RO         1109    .ARM.Collect$$_printf_percent$$00000005  c_w.l(_printf_g.o)
    0x08000246   0x08000246   0x00000006   Code   RO         1110    .ARM.Collect$$_printf_percent$$00000006  c_w.l(_printf_a.o)
    0x0800024c   0x0800024c   0x0000000a   Code   RO         1115    .ARM.Collect$$_printf_percent$$00000007  c_w.l(_printf_ll.o)
    0x08000256   0x08000256   0x00000006   Code   RO         1104    .ARM.Collect$$_printf_percent$$00000008  c_w.l(_printf_i.o)
    0x0800025c   0x0800025c   0x00000006   Code   RO         1105    .ARM.Collect$$_printf_percent$$00000009  c_w.l(_printf_d.o)
    0x08000262   0x08000262   0x00000006   Code   RO         1106    .ARM.Collect$$_printf_percent$$0000000A  c_w.l(_printf_u.o)
    0x08000268   0x08000268   0x00000006   Code   RO         1103    .ARM.Collect$$_printf_percent$$0000000B  c_w.l(_printf_o.o)
    0x0800026e   0x0800026e   0x00000006   Code   RO         1101    .ARM.Collect$$_printf_percent$$0000000C  c_w.l(_printf_x.o)
    0x08000274   0x08000274   0x00000006   Code   RO         1112    .ARM.Collect$$_printf_percent$$0000000D  c_w.l(_printf_lli.o)
    0x0800027a   0x0800027a   0x00000006   Code   RO         1113    .ARM.Collect$$_printf_percent$$0000000E  c_w.l(_printf_lld.o)
    0x08000280   0x08000280   0x00000006   Code   RO         1114    .ARM.Collect$$_printf_percent$$0000000F  c_w.l(_printf_llu.o)
    0x08000286   0x08000286   0x00000006   Code   RO         1119    .ARM.Collect$$_printf_percent$$00000010  c_w.l(_printf_llo.o)
    0x0800028c   0x0800028c   0x00000006   Code   RO         1120    .ARM.Collect$$_printf_percent$$00000011  c_w.l(_printf_llx.o)
    0x08000292   0x08000292   0x0000000a   Code   RO         1116    .ARM.Collect$$_printf_percent$$00000012  c_w.l(_printf_l.o)
    0x0800029c   0x0800029c   0x00000006   Code   RO         1098    .ARM.Collect$$_printf_percent$$00000013  c_w.l(_printf_c.o)
    0x080002a2   0x080002a2   0x00000006   Code   RO         1099    .ARM.Collect$$_printf_percent$$00000014  c_w.l(_printf_s.o)
    0x080002a8   0x080002a8   0x00000006   Code   RO         1117    .ARM.Collect$$_printf_percent$$00000015  c_w.l(_printf_lc.o)
    0x080002ae   0x080002ae   0x00000006   Code   RO         1118    .ARM.Collect$$_printf_percent$$00000016  c_w.l(_printf_ls.o)
    0x080002b4   0x080002b4   0x00000004   Code   RO         1169    .ARM.Collect$$_printf_percent$$00000017  c_w.l(_printf_percent_end.o)
    0x080002b8   0x080002b8   0x00000002   Code   RO         1312    .ARM.Collect$$libinit$$00000000  c_w.l(libinit.o)
    0x080002ba   0x080002ba   0x00000004   Code   RO         1313    .ARM.Collect$$libinit$$00000001  c_w.l(libinit2.o)
    0x080002be   0x080002be   0x00000000   Code   RO         1316    .ARM.Collect$$libinit$$00000004  c_w.l(libinit2.o)
    0x080002be   0x080002be   0x00000000   Code   RO         1318    .ARM.Collect$$libinit$$00000006  c_w.l(libinit2.o)
    0x080002be   0x080002be   0x00000008   Code   RO         1319    .ARM.Collect$$libinit$$00000007  c_w.l(libinit2.o)
    0x080002c6   0x080002c6   0x00000000   Code   RO         1321    .ARM.Collect$$libinit$$0000000C  c_w.l(libinit2.o)
    0x080002c6   0x080002c6   0x00000000   Code   RO         1323    .ARM.Collect$$libinit$$0000000E  c_w.l(libinit2.o)
    0x080002c6   0x080002c6   0x00000000   Code   RO         1325    .ARM.Collect$$libinit$$00000010  c_w.l(libinit2.o)
    0x080002c6   0x080002c6   0x00000006   Code   RO         1326    .ARM.Collect$$libinit$$00000011  c_w.l(libinit2.o)
    0x080002cc   0x080002cc   0x00000000   Code   RO         1328    .ARM.Collect$$libinit$$00000013  c_w.l(libinit2.o)
    0x080002cc   0x080002cc   0x0000000c   Code   RO         1329    .ARM.Collect$$libinit$$00000014  c_w.l(libinit2.o)
    0x080002d8   0x080002d8   0x00000000   Code   RO         1330    .ARM.Collect$$libinit$$00000015  c_w.l(libinit2.o)
    0x080002d8   0x080002d8   0x00000000   Code   RO         1332    .ARM.Collect$$libinit$$00000017  c_w.l(libinit2.o)
    0x080002d8   0x080002d8   0x0000000a   Code   RO         1333    .ARM.Collect$$libinit$$00000018  c_w.l(libinit2.o)
    0x080002e2   0x080002e2   0x00000000   Code   RO         1334    .ARM.Collect$$libinit$$00000019  c_w.l(libinit2.o)
    0x080002e2   0x080002e2   0x00000000   Code   RO         1336    .ARM.Collect$$libinit$$0000001B  c_w.l(libinit2.o)
    0x080002e2   0x080002e2   0x00000000   Code   RO         1338    .ARM.Collect$$libinit$$0000001D  c_w.l(libinit2.o)
    0x080002e2   0x080002e2   0x00000000   Code   RO         1340    .ARM.Collect$$libinit$$0000001F  c_w.l(libinit2.o)
    0x080002e2   0x080002e2   0x00000000   Code   RO         1342    .ARM.Collect$$libinit$$00000021  c_w.l(libinit2.o)
    0x080002e2   0x080002e2   0x00000000   Code   RO         1344    .ARM.Collect$$libinit$$00000023  c_w.l(libinit2.o)
    0x080002e2   0x080002e2   0x00000000   Code   RO         1346    .ARM.Collect$$libinit$$00000025  c_w.l(libinit2.o)
    0x080002e2   0x080002e2   0x00000004   Code   RO         1347    .ARM.Collect$$libinit$$00000026  c_w.l(libinit2.o)
    0x080002e6   0x080002e6   0x00000000   Code   RO         1348    .ARM.Collect$$libinit$$00000027  c_w.l(libinit2.o)
    0x080002e6   0x080002e6   0x00000000   Code   RO         1352    .ARM.Collect$$libinit$$0000002E  c_w.l(libinit2.o)
    0x080002e6   0x080002e6   0x00000000   Code   RO         1354    .ARM.Collect$$libinit$$00000030  c_w.l(libinit2.o)
    0x080002e6   0x080002e6   0x00000000   Code   RO         1356    .ARM.Collect$$libinit$$00000032  c_w.l(libinit2.o)
    0x080002e6   0x080002e6   0x00000000   Code   RO         1358    .ARM.Collect$$libinit$$00000034  c_w.l(libinit2.o)
    0x080002e6   0x080002e6   0x00000002   Code   RO         1359    .ARM.Collect$$libinit$$00000035  c_w.l(libinit2.o)
    0x080002e8   0x080002e8   0x00000002   Code   RO         1510    .ARM.Collect$$libshutdown$$00000000  c_w.l(libshutdown.o)
    0x080002ea   0x080002ea   0x00000000   Code   RO         1361    .ARM.Collect$$libshutdown$$00000002  c_w.l(libshutdown2.o)
    0x080002ea   0x080002ea   0x00000004   Code   RO         1362    .ARM.Collect$$libshutdown$$00000003  c_w.l(libshutdown2.o)
    0x080002ee   0x080002ee   0x00000000   Code   RO         1363    .ARM.Collect$$libshutdown$$00000004  c_w.l(libshutdown2.o)
    0x080002ee   0x080002ee   0x00000000   Code   RO         1366    .ARM.Collect$$libshutdown$$00000007  c_w.l(libshutdown2.o)
    0x080002ee   0x080002ee   0x00000000   Code   RO         1369    .ARM.Collect$$libshutdown$$0000000A  c_w.l(libshutdown2.o)
    0x080002ee   0x080002ee   0x00000000   Code   RO         1371    .ARM.Collect$$libshutdown$$0000000C  c_w.l(libshutdown2.o)
    0x080002ee   0x080002ee   0x00000000   Code   RO         1374    .ARM.Collect$$libshutdown$$0000000F  c_w.l(libshutdown2.o)
    0x080002ee   0x080002ee   0x00000002   Code   RO         1375    .ARM.Collect$$libshutdown$$00000010  c_w.l(libshutdown2.o)
    0x080002f0   0x080002f0   0x00000000   Code   RO         1025    .ARM.Collect$$rtentry$$00000000  c_w.l(__rtentry.o)
    0x080002f0   0x080002f0   0x00000000   Code   RO         1136    .ARM.Collect$$rtentry$$00000002  c_w.l(__rtentry2.o)
    0x080002f0   0x080002f0   0x00000006   Code   RO         1148    .ARM.Collect$$rtentry$$00000004  c_w.l(__rtentry4.o)
    0x080002f6   0x080002f6   0x00000000   Code   RO         1138    .ARM.Collect$$rtentry$$00000009  c_w.l(__rtentry2.o)
    0x080002f6   0x080002f6   0x00000004   Code   RO         1139    .ARM.Collect$$rtentry$$0000000A  c_w.l(__rtentry2.o)
    0x080002fa   0x080002fa   0x00000000   Code   RO         1141    .ARM.Collect$$rtentry$$0000000C  c_w.l(__rtentry2.o)
    0x080002fa   0x080002fa   0x00000008   Code   RO         1142    .ARM.Collect$$rtentry$$0000000D  c_w.l(__rtentry2.o)
    0x08000302   0x08000302   0x00000002   Code   RO         1388    .ARM.Collect$$rtexit$$00000000  c_w.l(rtexit.o)
    0x08000304   0x08000304   0x00000000   Code   RO         1448    .ARM.Collect$$rtexit$$00000002  c_w.l(rtexit2.o)
    0x08000304   0x08000304   0x00000004   Code   RO         1449    .ARM.Collect$$rtexit$$00000003  c_w.l(rtexit2.o)
    0x08000308   0x08000308   0x00000006   Code   RO         1450    .ARM.Collect$$rtexit$$00000004  c_w.l(rtexit2.o)
    0x0800030e   0x0800030e   0x00000002   PAD
    0x08000310   0x08000310   0x00000040   Code   RO            4    .text               startup_stm32f40_41xxx.o
    0x08000350   0x08000350   0x00000074   Code   RO         1017    .text               c_w.l(llsdiv.o)
    0x080003c4   0x080003c4   0x00000018   Code   RO         1019    .text               c_w.l(printf.o)
    0x080003dc   0x080003dc   0x00000006   Code   RO         1021    .text               c_w.l(heapauxi.o)
    0x080003e2   0x080003e2   0x000000f0   Code   RO         1030    .text               c_w.l(lludivv7m.o)
    0x080004d2   0x080004d2   0x0000004e   Code   RO         1034    .text               c_w.l(_printf_pad.o)
    0x08000520   0x08000520   0x00000024   Code   RO         1036    .text               c_w.l(_printf_truncate.o)
    0x08000544   0x08000544   0x00000052   Code   RO         1038    .text               c_w.l(_printf_str.o)
    0x08000596   0x08000596   0x00000002   PAD
    0x08000598   0x08000598   0x00000078   Code   RO         1040    .text               c_w.l(_printf_dec.o)
    0x08000610   0x08000610   0x00000028   Code   RO         1042    .text               c_w.l(_printf_charcount.o)
    0x08000638   0x08000638   0x00000024   Code   RO         1044    .text               c_w.l(_printf_char_file.o)
    0x0800065c   0x0800065c   0x000000bc   Code   RO         1046    .text               c_w.l(_printf_wctomb.o)
    0x08000718   0x08000718   0x0000007c   Code   RO         1049    .text               c_w.l(_printf_longlong_dec.o)
    0x08000794   0x08000794   0x00000070   Code   RO         1055    .text               c_w.l(_printf_oct_int_ll.o)
    0x08000804   0x08000804   0x00000094   Code   RO         1075    .text               c_w.l(_printf_hex_int_ll_ptr.o)
    0x08000898   0x08000898   0x00000188   Code   RO         1095    .text               c_w.l(__printf_flags_ss_wp.o)
    0x08000a20   0x08000a20   0x0000008a   Code   RO         1152    .text               c_w.l(lludiv10.o)
    0x08000aaa   0x08000aaa   0x000000b2   Code   RO         1154    .text               c_w.l(_printf_intcommon.o)
    0x08000b5c   0x08000b5c   0x0000041c   Code   RO         1156    .text               c_w.l(_printf_fp_dec.o)
    0x08000f78   0x08000f78   0x000002fc   Code   RO         1160    .text               c_w.l(_printf_fp_hex.o)
    0x08001274   0x08001274   0x00000030   Code   RO         1163    .text               c_w.l(_printf_char_common.o)
    0x080012a4   0x080012a4   0x0000002c   Code   RO         1165    .text               c_w.l(_printf_char.o)
    0x080012d0   0x080012d0   0x0000002c   Code   RO         1167    .text               c_w.l(_printf_wchar.o)
    0x080012fc   0x080012fc   0x00000008   Code   RO         1170    .text               c_w.l(ferror.o)
    0x08001304   0x08001304   0x00000138   Code   RO         1172    .text               c_w.l(initio.o)
    0x0800143c   0x0800143c   0x00000048   Code   RO         1178    .text               c_w.l(_c16rtomb.o)
    0x08001484   0x08001484   0x0000004a   Code   RO         1185    .text               c_w.l(sys_stackheap_outer.o)
    0x080014ce   0x080014ce   0x00000002   PAD
    0x080014d0   0x080014d0   0x00000010   Code   RO         1187    .text               c_w.l(rt_ctype_table.o)
    0x080014e0   0x080014e0   0x00000008   Code   RO         1192    .text               c_w.l(rt_locale_intlibspace.o)
    0x080014e8   0x080014e8   0x0000004e   Code   RO         1196    .text               c_w.l(h1_free.o)
    0x08001536   0x08001536   0x00000002   PAD
    0x08001538   0x08001538   0x00000080   Code   RO         1250    .text               c_w.l(_printf_fp_infnan.o)
    0x080015b8   0x080015b8   0x000000e4   Code   RO         1254    .text               c_w.l(bigflt0.o)
    0x0800169c   0x0800169c   0x00000046   Code   RO         1281    .text               c_w.l(setvbuf.o)
    0x080016e2   0x080016e2   0x00000002   PAD
    0x080016e4   0x080016e4   0x000000f0   Code   RO         1284    .text               c_w.l(fopen.o)
    0x080017d4   0x080017d4   0x0000004c   Code   RO         1286    .text               c_w.l(fclose.o)
    0x08001820   0x08001820   0x00000012   Code   RO         1295    .text               c_w.l(exit.o)
    0x08001832   0x08001832   0x0000000e   Code   RO         1301    .text               c_w.l(defsig_rtred_outer.o)
    0x08001840   0x08001840   0x0000004e   Code   RO         1305    .text               c_w.l(rt_memclr_w.o)
    0x0800188e   0x0800188e   0x00000066   Code   RO         1381    .text               c_w.l(sys_io.o)
    0x080018f4   0x080018f4   0x00000008   Code   RO         1385    .text               c_w.l(libspace.o)
    0x080018fc   0x080018fc   0x00000008   Code   RO         1395    .text               c_w.l(rt_heap_descriptor_intlibspace.o)
    0x08001904   0x08001904   0x00000004   Code   RO         1397    .text               c_w.l(hguard.o)
    0x08001908   0x08001908   0x0000008a   Code   RO         1399    .text               c_w.l(init_alloc.o)
    0x08001992   0x08001992   0x0000005e   Code   RO         1405    .text               c_w.l(h1_alloc.o)
    0x080019f0   0x080019f0   0x000000f8   Code   RO         1419    .text               c_w.l(fseek.o)
    0x08001ae8   0x08001ae8   0x00000108   Code   RO         1421    .text               c_w.l(stdio.o)
    0x08001bf0   0x08001bf0   0x0000000a   Code   RO         1426    .text               c_w.l(defsig_exit.o)
    0x08001bfa   0x08001bfa   0x00000002   PAD
    0x08001bfc   0x08001bfc   0x00000034   Code   RO         1430    .text               c_w.l(defsig_rtred_inner.o)
    0x08001c30   0x08001c30   0x0000007c   Code   RO         1434    .text               c_w.l(strcmpv7em.o)
    0x08001cac   0x08001cac   0x0000000c   Code   RO         1440    .text               c_w.l(sys_exit.o)
    0x08001cb8   0x08001cb8   0x00000002   Code   RO         1444    .text               c_w.l(use_no_semi.o)
    0x08001cba   0x08001cba   0x00000000   Code   RO         1446    .text               c_w.l(indicate_semi.o)
    0x08001cba   0x08001cba   0x00000000   Code   RO         1454    .text               c_w.l(maybetermalloc1.o)
    0x08001cba   0x08001cba   0x0000000c   Code   RO         1456    .text               c_w.l(h1_init.o)
    0x08001cc6   0x08001cc6   0x00000034   Code   RO         1458    .text               c_w.l(h1_extend.o)
    0x08001cfa   0x08001cfa   0x00000042   Code   RO         1466    .text               c_w.l(ftell.o)
    0x08001d3c   0x08001d3c   0x00000032   Code   RO         1470    .text               c_w.l(defsig_general.o)
    0x08001d6e   0x08001d6e   0x0000000e   Code   RO         1472    .text               c_w.l(defsig_rtmem_outer.o)
    0x08001d7c   0x08001d7c   0x0000003e   Code   RO         1476    .text               c_w.l(strlen.o)
    0x08001dba   0x08001dba   0x0000000e   Code   RO         1487    .text               c_w.l(sys_wrch.o)
    0x08001dc8   0x08001dc8   0x00000008   Code   RO         1498    .text               c_w.l(rt_errno_addr_intlibspace.o)
    0x08001dd0   0x08001dd0   0x00000050   Code   RO         1504    .text               c_w.l(defsig_rtmem_inner.o)
    0x08001e20   0x08001e20   0x0000002c   Code   RO          943    .text.ADC_Cmd       stm32f4xx_adc.o
    0x08001e4c   0x08001e4c   0x00000044   Code   RO          939    .text.ADC_CommonInit  stm32f4xx_adc.o
    0x08001e90   0x08001e90   0x0000001a   Code   RO          941    .text.ADC_CommonStructInit  stm32f4xx_adc.o
    0x08001eaa   0x08001eaa   0x00000002   PAD
    0x08001eac   0x08001eac   0x0000000e   Code   RO          969    .text.ADC_GetConversionValue  stm32f4xx_adc.o
    0x08001eba   0x08001eba   0x00000002   PAD
    0x08001ebc   0x08001ebc   0x00000034   Code   RO         1001    .text.ADC_GetFlagStatus  stm32f4xx_adc.o
    0x08001ef0   0x08001ef0   0x0000009e   Code   RO          935    .text.ADC_Init      stm32f4xx_adc.o
    0x08001f8e   0x08001f8e   0x00000002   PAD
    0x08001f90   0x08001f90   0x0000017c   Code   RO          955    .text.ADC_RegularChannelConfig  stm32f4xx_adc.o
    0x0800210c   0x0800210c   0x00000012   Code   RO          957    .text.ADC_SoftwareStartConv  stm32f4xx_adc.o
    0x0800211e   0x0800211e   0x00000002   PAD
    0x08002120   0x08002120   0x00000028   Code   RO          937    .text.ADC_StructInit  stm32f4xx_adc.o
    0x08002148   0x08002148   0x00000042   Code   RO          423    .text.Actuator_ApplyLiftSwitch  actuator.o
    0x0800218a   0x0800218a   0x00000002   PAD
    0x0800218c   0x0800218c   0x00000024   Code   RO          455    .text.Actuator_ClampLiftTarget  actuator.o
    0x080021b0   0x080021b0   0x0000002e   Code   RO          443    .text.Actuator_DelayMs  actuator.o
    0x080021de   0x080021de   0x00000002   PAD
    0x080021e0   0x080021e0   0x00000014   Code   RO          413    .text.Actuator_Init  actuator.o
    0x080021f4   0x080021f4   0x00000048   Code   RO          419    .text.Actuator_OnUserStart  actuator.o
    0x0800223c   0x0800223c   0x00000154   Code   RO          441    .text.Actuator_Task  actuator.o
    0x08002390   0x08002390   0x00000444   Code   RO          425    .text.Actuator_UpdateFromRC  actuator.o
    0x080027d4   0x080027d4   0x00000004   Code   RO           32    .text.BusFault_Handler  stm32f4xx_it.o
    0x080027d8   0x080027d8   0x00000008   Code   RO           46    .text.CAN1_RX0_IRQHandler  stm32f4xx_it.o
    0x080027e0   0x080027e0   0x000000ee   Code   RO          924    .text.CAN_ClearITPendingBit  stm32f4xx_can.o
    0x080028ce   0x080028ce   0x00000002   PAD
    0x080028d0   0x080028d0   0x00000046   Code   RO          876    .text.CAN_DeInit    stm32f4xx_can.o
    0x08002916   0x08002916   0x00000002   PAD
    0x08002918   0x08002918   0x0000015a   Code   RO          880    .text.CAN_FilterInit  stm32f4xx_can.o
    0x08002a72   0x08002a72   0x00000002   PAD
    0x08002a74   0x08002a74   0x0000019c   Code   RO          920    .text.CAN_GetITStatus  stm32f4xx_can.o
    0x08002c10   0x08002c10   0x0000002e   Code   RO          914    .text.CAN_ITConfig  stm32f4xx_can.o
    0x08002c3e   0x08002c3e   0x00000002   PAD
    0x08002c40   0x08002c40   0x000001be   Code   RO          878    .text.CAN_Init      stm32f4xx_can.o
    0x08002dfe   0x08002dfe   0x00000002   PAD
    0x08002e00   0x08002e00   0x0000004e   Code   RO          900    .text.CAN_MessagePending  stm32f4xx_can.o
    0x08002e4e   0x08002e4e   0x00000002   PAD
    0x08002e50   0x08002e50   0x00000154   Code   RO          896    .text.CAN_Receive   stm32f4xx_can.o
    0x08002fa4   0x08002fa4   0x0000003c   Code   RO          882    .text.CAN_StructInit  stm32f4xx_can.o
    0x08002fe0   0x08002fe0   0x00000142   Code   RO          890    .text.CAN_Transmit  stm32f4xx_can.o
    0x08003122   0x08003122   0x00000002   PAD
    0x08003124   0x08003124   0x000000f8   Code   RO          892    .text.CAN_TransmitStatus  stm32f4xx_can.o
    0x0800321c   0x0800321c   0x0000002e   Code   RO          922    .text.CheckITStatus  stm32f4xx_can.o
    0x0800324a   0x0800324a   0x00000002   PAD
    0x0800324c   0x0800324c   0x00000002   Code   RO           36    .text.DebugMon_Handler  stm32f4xx_it.o
    0x0800324e   0x0800324e   0x00000002   PAD
    0x08003250   0x08003250   0x000000c0   Code   RO           63    .text.Debug_CaptureBootState  main.o
    0x08003310   0x08003310   0x00000092   Code   RO           61    .text.Debug_USART1_Init  main.o
    0x080033a2   0x080033a2   0x00000002   PAD
    0x080033a4   0x080033a4   0x00000008   Code   RO           40    .text.EXTI0_IRQHandler  stm32f4xx_it.o
    0x080033ac   0x080033ac   0x00000008   Code   RO           38    .text.EXTI2_IRQHandler  stm32f4xx_it.o
    0x080033b4   0x080033b4   0x00000008   Code   RO           42    .text.EXTI3_IRQHandler  stm32f4xx_it.o
    0x080033bc   0x080033bc   0x00000008   Code   RO           44    .text.EXTI9_5_IRQHandler  stm32f4xx_it.o
    0x080033c4   0x080033c4   0x00000014   Code   RO          339    .text.EXTI_ClearITPendingBit  stm32f4xx_exti.o
    0x080033d8   0x080033d8   0x00000034   Code   RO          337    .text.EXTI_GetITStatus  stm32f4xx_exti.o
    0x0800340c   0x0800340c   0x000000ea   Code   RO          327    .text.EXTI_Init     stm32f4xx_exti.o
    0x080034f6   0x080034f6   0x00000002   PAD
    0x080034f8   0x080034f8   0x00000058   Code   RO          445    .text.Emm5_Enable   actuator.o
    0x08003550   0x08003550   0x00000046   Code   RO          417    .text.Emm5_Init     actuator.o
    0x08003596   0x08003596   0x00000002   PAD
    0x08003598   0x08003598   0x00000014   Code   RO          453    .text.Emm5_MoveAbsolute  actuator.o
    0x080035ac   0x080035ac   0x000000bc   Code   RO          437    .text.Emm5_MoveAbsoluteWithSpeed  actuator.o
    0x08003668   0x08003668   0x0000007c   Code   RO          457    .text.Emm5_PosControl  actuator.o
    0x080036e4   0x080036e4   0x00000028   Code   RO          447    .text.Emm5_ResetZero  actuator.o
    0x0800370c   0x0800370c   0x0000019e   Code   RO          449    .text.Emm5_SendCmdExt  actuator.o
    0x080038aa   0x080038aa   0x00000002   PAD
    0x080038ac   0x080038ac   0x00000234   Code   RO          451    .text.Emm5_SendFrame  actuator.o
    0x08003ae0   0x08003ae0   0x00000048   Code   RO          439    .text.Emm5_Stop     actuator.o
    0x08003b28   0x08003b28   0x000000f6   Code   RO          157    .text.GPIO_Init     stm32f4xx_gpio.o
    0x08003c1e   0x08003c1e   0x00000002   PAD
    0x08003c20   0x08003c20   0x00000072   Code   RO          181    .text.GPIO_PinAFConfig  stm32f4xx_gpio.o
    0x08003c92   0x08003c92   0x00000002   PAD
    0x08003c94   0x08003c94   0x00000034   Code   RO          163    .text.GPIO_ReadInputDataBit  stm32f4xx_gpio.o
    0x08003cc8   0x08003cc8   0x00000014   Code   RO          173    .text.GPIO_ResetBits  stm32f4xx_gpio.o
    0x08003cdc   0x08003cdc   0x00000014   Code   RO          171    .text.GPIO_SetBits  stm32f4xx_gpio.o
    0x08003cf0   0x08003cf0   0x00000004   Code   RO           28    .text.HardFault_Handler  stm32f4xx_it.o
    0x08003cf4   0x08003cf4   0x0000002e   Code   RO          815    .text.Imu_DelayMs   imu_icm20948.o
    0x08003d22   0x08003d22   0x00000002   PAD
    0x08003d24   0x08003d24   0x0000000c   Code   RO          831    .text.Imu_GetYawDeg10  imu_icm20948.o
    0x08003d30   0x08003d30   0x0000001c   Code   RO          833    .text.Imu_GetYawDeltaDeg10  imu_icm20948.o
    0x08003d4c   0x08003d4c   0x0000003a   Code   RO          859    .text.Imu_I2cAck    imu_icm20948.o
    0x08003d86   0x08003d86   0x00000002   PAD
    0x08003d88   0x08003d88   0x00000020   Code   RO          851    .text.Imu_I2cDelay  imu_icm20948.o
    0x08003da8   0x08003da8   0x00000074   Code   RO          813    .text.Imu_I2cGpioInit  imu_icm20948.o
    0x08003e1c   0x08003e1c   0x0000007e   Code   RO          847    .text.Imu_I2cReadByte  imu_icm20948.o
    0x08003e9a   0x08003e9a   0x00000002   PAD
    0x08003e9c   0x08003e9c   0x00000030   Code   RO          841    .text.Imu_I2cStart  imu_icm20948.o
    0x08003ecc   0x08003ecc   0x00000034   Code   RO          845    .text.Imu_I2cStop   imu_icm20948.o
    0x08003f00   0x08003f00   0x00000066   Code   RO          853    .text.Imu_I2cWaitAck  imu_icm20948.o
    0x08003f66   0x08003f66   0x00000002   PAD
    0x08003f68   0x08003f68   0x00000068   Code   RO          843    .text.Imu_I2cWriteByte  imu_icm20948.o
    0x08003fd0   0x08003fd0   0x00000146   Code   RO          811    .text.Imu_Init      imu_icm20948.o
    0x08004116   0x08004116   0x00000002   PAD
    0x08004118   0x08004118   0x00000036   Code   RO          827    .text.Imu_NormalizeYawDeg10  imu_icm20948.o
    0x0800414e   0x0800414e   0x00000002   PAD
    0x08004150   0x08004150   0x00000048   Code   RO          823    .text.Imu_ReadGyroZ  imu_icm20948.o
    0x08004198   0x08004198   0x00000024   Code   RO          819    .text.Imu_ReadReg   imu_icm20948.o
    0x080041bc   0x080041bc   0x000000d4   Code   RO          839    .text.Imu_ReadRegs  imu_icm20948.o
    0x08004290   0x08004290   0x0000001a   Code   RO          857    .text.Imu_ReadSda   imu_icm20948.o
    0x080042aa   0x080042aa   0x00000002   PAD
    0x080042ac   0x080042ac   0x00000038   Code   RO          835    .text.Imu_Scl       imu_icm20948.o
    0x080042e4   0x080042e4   0x00000038   Code   RO          837    .text.Imu_Sda       imu_icm20948.o
    0x0800431c   0x0800431c   0x00000012   Code   RO          855    .text.Imu_SdaIn     imu_icm20948.o
    0x0800432e   0x0800432e   0x00000002   PAD
    0x08004330   0x08004330   0x0000001a   Code   RO          849    .text.Imu_SdaOut    imu_icm20948.o
    0x0800434a   0x0800434a   0x00000002   PAD
    0x0800434c   0x0800434c   0x00000016   Code   RO          817    .text.Imu_SelectBank  imu_icm20948.o
    0x08004362   0x08004362   0x00000002   PAD
    0x08004364   0x08004364   0x000000be   Code   RO          825    .text.Imu_Task      imu_icm20948.o
    0x08004422   0x08004422   0x00000002   PAD
    0x08004424   0x08004424   0x0000005c   Code   RO          821    .text.Imu_WriteReg  imu_icm20948.o
    0x08004480   0x08004480   0x00000022   Code   RO          763    .text.LineFollow_Abs32  line_follow.o
    0x080044a2   0x080044a2   0x00000002   PAD
    0x080044a4   0x080044a4   0x00000110   Code   RO          749    .text.LineFollow_CCD_Init  line_follow.o
    0x080045b4   0x080045b4   0x000000ae   Code   RO          757    .text.LineFollow_CaptureFrame  line_follow.o
    0x08004662   0x08004662   0x00000002   PAD
    0x08004664   0x08004664   0x00000034   Code   RO          767    .text.LineFollow_Clamp32  line_follow.o
    0x08004698   0x08004698   0x00000008   Code   RO          747    .text.LineFollow_Init  line_follow.o
    0x080046a0   0x080046a0   0x0000000c   Code   RO          751    .text.LineFollow_IsEnabled  line_follow.o
    0x080046ac   0x080046ac   0x000003ea   Code   RO          759    .text.LineFollow_ProcessFrame  line_follow.o
    0x08004a96   0x08004a96   0x00000002   PAD
    0x08004a98   0x08004a98   0x00000044   Code   RO          771    .text.LineFollow_ReadAdc  line_follow.o
    0x08004adc   0x08004adc   0x000000cc   Code   RO          753    .text.LineFollow_SetEnabled  line_follow.o
    0x08004ba8   0x08004ba8   0x00000020   Code   RO          769    .text.LineFollow_SmallDelay  line_follow.o
    0x08004bc8   0x08004bc8   0x000000ba   Code   RO          761    .text.LineFollow_StartTurn  line_follow.o
    0x08004c82   0x08004c82   0x00000002   PAD
    0x08004c84   0x08004c84   0x00000084   Code   RO          765    .text.LineFollow_StopTurn  line_follow.o
    0x08004d08   0x08004d08   0x00000450   Code   RO          755    .text.LineFollow_Task  line_follow.o
    0x08005158   0x08005158   0x00000004   Code   RO           30    .text.MemManage_Handler  stm32f4xx_it.o
    0x0800515c   0x0800515c   0x00000002   Code   RO           26    .text.NMI_Handler   stm32f4xx_it.o
    0x0800515e   0x0800515e   0x00000002   PAD
    0x08005160   0x08005160   0x000000ca   Code   RO          140    .text.NVIC_Init     misc.o
    0x0800522a   0x0800522a   0x00000002   PAD
    0x0800522c   0x0800522c   0x0000001c   Code   RO          138    .text.NVIC_PriorityGroupConfig  misc.o
    0x08005248   0x08005248   0x00000038   Code   RO          256    .text.RCC_AHB1PeriphClockCmd  stm32f4xx_rcc.o
    0x08005280   0x08005280   0x00000038   Code   RO          262    .text.RCC_APB1PeriphClockCmd  stm32f4xx_rcc.o
    0x080052b8   0x080052b8   0x00000038   Code   RO          272    .text.RCC_APB1PeriphResetCmd  stm32f4xx_rcc.o
    0x080052f0   0x080052f0   0x00000038   Code   RO          264    .text.RCC_APB2PeriphClockCmd  stm32f4xx_rcc.o
    0x08005328   0x08005328   0x00000162   Code   RO          234    .text.RCC_GetClocksFreq  stm32f4xx_rcc.o
    0x0800548a   0x0800548a   0x00000002   PAD
    0x0800548c   0x0800548c   0x00000064   Code   RO          429    .text.RC_IsNearCenter  actuator.o
    0x080054f0   0x080054f0   0x0000009e   Code   RO          427    .text.RC_ToCenteredSigned  actuator.o
    0x0800558e   0x0800558e   0x00000002   PAD
    0x08005590   0x08005590   0x00000046   Code   RO          435    .text.RC_ToServoPulse  actuator.o
    0x080055d6   0x080055d6   0x00000002   PAD
    0x080055d8   0x080055d8   0x00000080   Code   RO          431    .text.RC_ToSpeedScale  actuator.o
    0x08005658   0x08005658   0x00000064   Code   RO          433    .text.RC_ToThreePosition  actuator.o
    0x080056bc   0x080056bc   0x0000004c   Code   RO          421    .text.RC_ToTwoPosition  actuator.o
    0x08005708   0x08005708   0x0000000a   Code   RO           98    .text.Remote_EXTI0_IRQHandler  remote.o
    0x08005712   0x08005712   0x00000002   PAD
    0x08005714   0x08005714   0x0000000a   Code   RO          102    .text.Remote_EXTI2_IRQHandler  remote.o
    0x0800571e   0x0800571e   0x00000002   PAD
    0x08005720   0x08005720   0x0000000a   Code   RO          104    .text.Remote_EXTI3_IRQHandler  remote.o
    0x0800572a   0x0800572a   0x00000002   PAD
    0x0800572c   0x0800572c   0x00000016   Code   RO          106    .text.Remote_EXTI9_5_IRQHandler  remote.o
    0x08005742   0x08005742   0x00000002   PAD
    0x08005744   0x08005744   0x000000c0   Code   RO           92    .text.Remote_GPIO_EXTI_Init  remote.o
    0x08005804   0x08005804   0x0000005a   Code   RO          112    .text.Remote_GetAPB2TimerClock  remote.o
    0x0800585e   0x0800585e   0x00000002   PAD
    0x08005860   0x08005860   0x0000004c   Code   RO           86    .text.Remote_GetUs  remote.o
    0x080058ac   0x080058ac   0x00000142   Code   RO          100    .text.Remote_HandleChannel  remote.o
    0x080059ee   0x080059ee   0x00000002   PAD
    0x080059f0   0x080059f0   0x00000010   Code   RO           88    .text.Remote_Init   remote.o
    0x08005a00   0x08005a00   0x0000004a   Code   RO           94    .text.Remote_NVIC_Init  remote.o
    0x08005a4a   0x08005a4a   0x00000002   PAD
    0x08005a4c   0x08005a4c   0x0000007a   Code   RO          114    .text.Remote_SyncCH1Debug  remote.o
    0x08005ac6   0x08005ac6   0x00000002   PAD
    0x08005ac8   0x08005ac8   0x00000036   Code   RO          108    .text.Remote_TIM10_IRQHandler  remote.o
    0x08005afe   0x08005afe   0x00000002   PAD
    0x08005b00   0x08005b00   0x0000009c   Code   RO           90    .text.Remote_Timebase_Init  remote.o
    0x08005b9c   0x08005b9c   0x00000056   Code   RO          310    .text.SYSCFG_EXTILineConfig  stm32f4xx_syscfg.o
    0x08005bf2   0x08005bf2   0x00000002   PAD
    0x08005bf4   0x08005bf4   0x000000b4   Code   RO          415    .text.Servo_PWM_Init  actuator.o
    0x08005ca8   0x08005ca8   0x00000134   Code   RO           13    .text.SetSysClock   system_stm32f4xx.o
    0x08005ddc   0x08005ddc   0x0000012e   Code   RO           15    .text.SystemCoreClockUpdate  system_stm32f4xx.o
    0x08005f0a   0x08005f0a   0x00000002   PAD
    0x08005f0c   0x08005f0c   0x00000074   Code   RO           11    .text.SystemInit    system_stm32f4xx.o
    0x08005f80   0x08005f80   0x00000008   Code   RO           48    .text.TIM1_UP_TIM10_IRQHandler  stm32f4xx_it.o
    0x08005f88   0x08005f88   0x0000002c   Code   RO          524    .text.TIM_ARRPreloadConfig  stm32f4xx_tim.o
    0x08005fb4   0x08005fb4   0x00000016   Code   RO          648    .text.TIM_ClearFlag  stm32f4xx_tim.o
    0x08005fca   0x08005fca   0x00000002   PAD
    0x08005fcc   0x08005fcc   0x00000016   Code   RO          652    .text.TIM_ClearITPendingBit  stm32f4xx_tim.o
    0x08005fe2   0x08005fe2   0x00000002   PAD
    0x08005fe4   0x08005fe4   0x0000002c   Code   RO          530    .text.TIM_Cmd       stm32f4xx_tim.o
    0x08006010   0x08006010   0x0000005a   Code   RO          650    .text.TIM_GetITStatus  stm32f4xx_tim.o
    0x0800606a   0x0800606a   0x00000002   PAD
    0x0800606c   0x0800606c   0x00000034   Code   RO          642    .text.TIM_ITConfig  stm32f4xx_tim.o
    0x080060a0   0x080060a0   0x00000130   Code   RO          532    .text.TIM_OC1Init   stm32f4xx_tim.o
    0x080061d0   0x080061d0   0x0000003c   Code   RO          560    .text.TIM_OC1PreloadConfig  stm32f4xx_tim.o
    0x0800620c   0x0800620c   0x0000010e   Code   RO          504    .text.TIM_TimeBaseInit  stm32f4xx_tim.o
    0x0800631a   0x0800631a   0x00000002   PAD
    0x0800631c   0x0800631c   0x00000022   Code   RO          506    .text.TIM_TimeBaseStructInit  stm32f4xx_tim.o
    0x0800633e   0x0800633e   0x00000002   PAD
    0x08006340   0x08006340   0x0000002c   Code   RO          358    .text.USART_Cmd     stm32f4xx_usart.o
    0x0800636c   0x0800636c   0x00000044   Code   RO          398    .text.USART_GetFlagStatus  stm32f4xx_usart.o
    0x080063b0   0x080063b0   0x00000162   Code   RO          350    .text.USART_Init    stm32f4xx_usart.o
    0x08006512   0x08006512   0x00000002   PAD
    0x08006514   0x08006514   0x00000018   Code   RO          366    .text.USART_SendData  stm32f4xx_usart.o
    0x0800652c   0x0800652c   0x00000004   Code   RO           34    .text.UsageFault_Handler  stm32f4xx_it.o
    0x08006530   0x08006530   0x00000008   Code   RO          711    .text.VescCan_DebugPoll  vesc_can.o
    0x08006538   0x08006538   0x00000038   Code   RO          699    .text.VescCan_Filter_Init  vesc_can.o
    0x08006570   0x08006570   0x0000005c   Code   RO          695    .text.VescCan_GPIO_Init  vesc_can.o
    0x080065cc   0x080065cc   0x00000084   Code   RO          693    .text.VescCan_Init  vesc_can.o
    0x08006650   0x08006650   0x00000024   Code   RO          697    .text.VescCan_NVIC_Init  vesc_can.o
    0x08006674   0x08006674   0x00000134   Code   RO          709    .text.VescCan_RX0_IRQHandler  vesc_can.o
    0x080067a8   0x080067a8   0x00000120   Code   RO          705    .text.VescCan_SendInt32Packet  vesc_can.o
    0x080068c8   0x080068c8   0x0000001c   Code   RO          707    .text.VescCan_SetBrakeCurrent  vesc_can.o
    0x080068e4   0x080068e4   0x0000004e   Code   RO          703    .text.VescCan_SetRpm  vesc_can.o
    0x08006932   0x08006932   0x00000002   PAD
    0x08006934   0x08006934   0x00000098   Code   RO          701    .text.VescCan_UpdateRegs  vesc_can.o
    0x080069cc   0x080069cc   0x00000034   Code   RO           57    .text.fputc         main.o
    0x08006a00   0x08006a00   0x000001d2   Code   RO           59    .text.main          main.o
    0x08006bd2   0x08006bd2   0x0000003e   Code   RO         1257    CL$$btod_d2e        c_w.l(btod.o)
    0x08006c10   0x08006c10   0x00000046   Code   RO         1259    CL$$btod_d2e_denorm_low  c_w.l(btod.o)
    0x08006c56   0x08006c56   0x00000060   Code   RO         1258    CL$$btod_d2e_norm_op1  c_w.l(btod.o)
    0x08006cb6   0x08006cb6   0x00000002   PAD
    0x08006cb8   0x08006cb8   0x00000338   Code   RO         1267    CL$$btod_div_common  c_w.l(btod.o)
    0x08006ff0   0x08006ff0   0x000000dc   Code   RO         1264    CL$$btod_e2e        c_w.l(btod.o)
    0x080070cc   0x080070cc   0x0000002a   Code   RO         1261    CL$$btod_ediv       c_w.l(btod.o)
    0x080070f6   0x080070f6   0x0000002a   Code   RO         1260    CL$$btod_emul       c_w.l(btod.o)
    0x08007120   0x08007120   0x00000244   Code   RO         1266    CL$$btod_mult_common  c_w.l(btod.o)
    0x08007364   0x08007364   0x00000030   Code   RO         1379    i.__ARM_fpclassify  m_wm.l(fpclassify.o)
    0x08007394   0x08007394   0x0000000e   Code   RO         1088    i._is_digit         c_w.l(__printf_wp.o)
    0x080073a2   0x080073a2   0x00000002   PAD
    0x080073a4   0x080073a4   0x0000002c   Code   RO         1293    locale$$code        c_w.l(lc_numeric_c.o)
    0x080073d0   0x080073d0   0x0000002c   Code   RO         1424    locale$$code        c_w.l(lc_ctype_c.o)
    0x080073fc   0x080073fc   0x0000001a   Code   RO         1438    x$fpl$fpinit        fz_wm.l(fpinit.o)
    0x08007416   0x08007416   0x00000004   Code   RO         1127    x$fpl$printf1       fz_wm.l(printf1.o)
    0x0800741a   0x0800741a   0x00000004   Code   RO         1129    x$fpl$printf2       fz_wm.l(printf2.o)
    0x0800741e   0x0800741e   0x00000000   Code   RO         1378    x$fpl$usenofp       fz_wm.l(usenofp.o)
    0x0800741e   0x0800741e   0x00000002   PAD
    0x08007420   0x08007420   0x00000008   Data   RO         1047    .constdata          c_w.l(_printf_wctomb.o)
    0x08007428   0x08007428   0x00000028   Data   RO         1076    .constdata          c_w.l(_printf_hex_int_ll_ptr.o)
    0x08007450   0x08007450   0x00000011   Data   RO         1096    .constdata          c_w.l(__printf_flags_ss_wp.o)
    0x08007461   0x08007461   0x00000026   Data   RO         1161    .constdata          c_w.l(_printf_fp_hex.o)
    0x08007487   0x08007487   0x00000004   Data   RO         1180    .constdata          c_w.l(sys_io_names.o)
    0x0800748b   0x0800748b   0x00000004   Data   RO         1181    .constdata          c_w.l(sys_io_names.o)
    0x0800748f   0x0800748f   0x00000004   Data   RO         1182    .constdata          c_w.l(sys_io_names.o)
    0x08007493   0x08007493   0x00000001   PAD
    0x08007494   0x08007494   0x00000094   Data   RO         1255    .constdata          c_w.l(bigflt0.o)
    0x08007528   0x08007528   0x00000010   Data   RO           18    .rodata.AHBPrescTable  system_stm32f4xx.o
    0x08007538   0x08007538   0x00000010   Data   RO          296    .rodata.APBAHBPrescTable  stm32f4xx_rcc.o
    0x08007548   0x08007548   0x00000003   Data   RO          803    .rodata.linefollow_route_left_start  line_follow.o
    0x0800754b   0x0800754b   0x00000003   Data   RO          802    .rodata.linefollow_route_right_start  line_follow.o
    0x0800754e   0x0800754e   0x00000002   PAD
    0x08007550   0x08007550   0x00000048   Data   RO          129    .rodata.rc_inputs   remote.o
    0x08007598   0x08007598   0x0000002d   Data   RO           77    .rodata.str1.1      main.o
    0x080075c5   0x080075c5   0x00000003   PAD
    0x080075c8   0x080075c8   0x00000020   Data   RO         1528    Region$$Table       anon$$obj.o
    0x080075e8   0x080075e8   0x0000001c   Data   RO         1292    locale$$data        c_w.l(lc_numeric_c.o)
    0x08007604   0x08007604   0x00000110   Data   RO         1423    locale$$data        c_w.l(lc_ctype_c.o)


    Execution Region RW_IRAM1 (Exec base: 0x20000000, Load base: 0x08007718, Size: 0x00000b48, Max: 0x00020000, ABSOLUTE)

    Exec Addr    Load Addr    Size         Type   Attr      Idx    E Section Name        Object

    0x20000000   0x08007718   0x00000004   Data   RW         1124    .data               c_w.l(stdio_streams.o)
    0x20000004   0x0800771c   0x00000004   Data   RW         1125    .data               c_w.l(stdio_streams.o)
    0x20000008   0x08007720   0x00000004   Data   RW         1126    .data               c_w.l(stdio_streams.o)
    0x2000000c   0x08007724   0x00000001   Data   RW          481    .data.Act_Emm5LastTxStatus  actuator.o
    0x2000000d   0x08007725   0x00000001   Data   RW          466    .data.Act_GripperMode  actuator.o
    0x2000000e   0x08007726   0x00000002   Data   RW          464    .data.Act_GripperPulse  actuator.o
    0x20000010   0x08007728   0x00000002   Data   RW          468    .data.Act_LiftPulseCount  actuator.o
    0x20000012   0x0800772a   0x00000001   Data   RW          470    .data.Act_VescEnable  actuator.o
    0x20000013   0x0800772b   0x00000001   PAD
    0x20000014   0x0800772c   0x00000002   Data   RW          774    .data.LineFollow_Center  line_follow.o
    0x20000016   0x0800772e   0x00000001   Data   RW          779    .data.LineFollow_Lost  line_follow.o
    0x20000017   0x0800772f   0x00000001   PAD
    0x20000018   0x08007730   0x00000004   Data   RW           17    .data.SystemCoreClock  system_stm32f4xx.o
    0x2000001c   0x08007734   0x00000001   Data   RW          719    .data.VescCan_LastMailbox  vesc_can.o
    0x2000001d   0x08007735   0x00000001   Data   RW          720    .data.VescCan_LastTxStatus  vesc_can.o
    0x2000001e   0x08007736   0x00000001   Data   RW          489    .data.drive_stop_latched  actuator.o
    0x2000001f   0x08007737   0x00000001   Data   RW          487    .data.lift_last_pos  actuator.o
    0x20000020   0x08007738   0x00000001   Data   RW          490    .data.lift_trim_last_pos  actuator.o
    0x20000021   0x08007739   0x00000007   PAD
    0x20000028        -       0x00000054   Zero   RW         1121    .bss                c_w.l(stdio_streams.o)
    0x2000007c        -       0x00000054   Zero   RW         1122    .bss                c_w.l(stdio_streams.o)
    0x200000d0        -       0x00000054   Zero   RW         1123    .bss                c_w.l(stdio_streams.o)
    0x20000124        -       0x00000060   Zero   RW         1386    .bss                c_w.l(libspace.o)
    0x20000184        -       0x00000001   Zero   RW          471    .bss.Act_DriveIdle  actuator.o
    0x20000185        -       0x00000001   Zero   RW          483    .bss.Act_Emm5Enabled  actuator.o
    0x20000186        -       0x00000001   Zero   RW          482    .bss.Act_Emm5LastCmd  actuator.o
    0x20000187   0x08007739   0x00000001   PAD
    0x20000188        -       0x00000004   Zero   RW          479    .bss.Act_Emm5LastExtId  actuator.o
    0x2000018c        -       0x00000001   Zero   RW          480    .bss.Act_Emm5LastLen  actuator.o
    0x2000018d   0x08007739   0x00000003   PAD
    0x20000190        -       0x00000004   Zero   RW          474    .bss.Act_Emm5TxCount  actuator.o
    0x20000194        -       0x00000004   Zero   RW          476    .bss.Act_Emm5TxFailCount  actuator.o
    0x20000198        -       0x00000004   Zero   RW          477    .bss.Act_Emm5TxNoMailboxCount  actuator.o
    0x2000019c        -       0x00000004   Zero   RW          475    .bss.Act_Emm5TxOkCount  actuator.o
    0x200001a0        -       0x00000004   Zero   RW          478    .bss.Act_Emm5TxTimeoutCount  actuator.o
    0x200001a4        -       0x00000002   Zero   RW          459    .bss.Act_LeftMotor  actuator.o
    0x200001a6   0x08007739   0x00000002   PAD
    0x200001a8        -       0x00000004   Zero   RW          484    .bss.Act_LiftAutoApplyCount  actuator.o
    0x200001ac        -       0x00000001   Zero   RW          467    .bss.Act_LiftMode   actuator.o
    0x200001ad   0x08007739   0x00000001   PAD
    0x200001ae        -       0x00000002   Zero   RW          461    .bss.Act_LiftSpeed  actuator.o
    0x200001b0        -       0x00000004   Zero   RW          486    .bss.Act_LiftStopCount  actuator.o
    0x200001b4        -       0x00000004   Zero   RW          473    .bss.Act_LiftTargetPulse  actuator.o
    0x200001b8        -       0x00000004   Zero   RW          469    .bss.Act_LiftTriggerCount  actuator.o
    0x200001bc        -       0x00000001   Zero   RW          485    .bss.Act_LiftTrimState  actuator.o
    0x200001bd   0x08007739   0x00000001   PAD
    0x200001be        -       0x00000002   Zero   RW          462    .bss.Act_MoveCmd    actuator.o
    0x200001c0        -       0x00000002   Zero   RW          460    .bss.Act_RightMotor  actuator.o
    0x200001c2        -       0x00000002   Zero   RW          465    .bss.Act_SpeedScale  actuator.o
    0x200001c4        -       0x00000002   Zero   RW          463    .bss.Act_TurnCmd    actuator.o
    0x200001c6        -       0x00000001   Zero   RW          472    .bss.Act_VescSendMode  actuator.o
    0x200001c7   0x08007739   0x00000001   PAD
    0x200001c8        -       0x00000004   Zero   RW           65    .bss.DEBUG_AliveCount  main.o
    0x200001cc        -       0x00000004   Zero   RW           67    .bss.DEBUG_BootCFGR  main.o
    0x200001d0        -       0x00000004   Zero   RW           68    .bss.DEBUG_BootCR   main.o
    0x200001d4        -       0x00000004   Zero   RW           69    .bss.DEBUG_BootSystemCoreClock  main.o
    0x200001d8        -       0x00000001   Zero   RW           73    .bss.DEBUG_DWT_Alive  main.o
    0x200001d9   0x08007739   0x00000003   PAD
    0x200001dc        -       0x00000004   Zero   RW           74    .bss.DEBUG_DWT_TestDelta  main.o
    0x200001e0        -       0x00000001   Zero   RW           71    .bss.DEBUG_HSERdy   main.o
    0x200001e1   0x08007739   0x00000003   PAD
    0x200001e4        -       0x00000004   Zero   RW           76    .bss.DEBUG_LineFollowEndUs  main.o
    0x200001e8        -       0x00000001   Zero   RW           75    .bss.DEBUG_LineFollowState  main.o
    0x200001e9        -       0x00000001   Zero   RW           66    .bss.DEBUG_PA2_Level  main.o
    0x200001ea        -       0x00000001   Zero   RW           72    .bss.DEBUG_PLLRdy   main.o
    0x200001eb        -       0x00000001   Zero   RW           70    .bss.DEBUG_SysclkSource  main.o
    0x200001ec        -       0x00000004   Zero   RW          864    .bss.Imu_FrameCount  imu_icm20948.o
    0x200001f0        -       0x00000002   Zero   RW          866    .bss.Imu_GyroZOffset  imu_icm20948.o
    0x200001f2        -       0x00000002   Zero   RW          865    .bss.Imu_GyroZRaw   imu_icm20948.o
    0x200001f4        -       0x00000001   Zero   RW          863    .bss.Imu_InitFailCode  imu_icm20948.o
    0x200001f5        -       0x00000001   Zero   RW          862    .bss.Imu_Ready      imu_icm20948.o
    0x200001f6        -       0x00000001   Zero   RW          861    .bss.Imu_Type       imu_icm20948.o
    0x200001f7   0x08007739   0x00000001   PAD
    0x200001f8        -       0x00000004   Zero   RW          867    .bss.Imu_YawDeg10   imu_icm20948.o
    0x200001fc        -       0x00000001   Zero   RW          778    .bss.LineFollow_Cross  line_follow.o
    0x200001fd   0x08007739   0x00000003   PAD
    0x20000200        -       0x00000004   Zero   RW          783    .bss.LineFollow_CrossCount  line_follow.o
    0x20000204        -       0x00000001   Zero   RW          773    .bss.LineFollow_Enabled  line_follow.o
    0x20000205   0x08007739   0x00000003   PAD
    0x20000208        -       0x00000004   Zero   RW          782    .bss.LineFollow_FrameCount  line_follow.o
    0x2000020c        -       0x00000004   Zero   RW          784    .bss.LineFollow_KeyToggleCount  line_follow.o
    0x20000210        -       0x00000002   Zero   RW          780    .bss.LineFollow_LeftCmdErpm  line_follow.o
    0x20000212        -       0x00000001   Zero   RW          786    .bss.LineFollow_Mode  line_follow.o
    0x20000213   0x08007739   0x00000001   PAD
    0x20000214        -       0x00000002   Zero   RW          777    .bss.LineFollow_Position  line_follow.o
    0x20000216        -       0x00000001   Zero   RW          785    .bss.LineFollow_Reverse  line_follow.o
    0x20000217   0x08007739   0x00000001   PAD
    0x20000218        -       0x00000002   Zero   RW          781    .bss.LineFollow_RightCmdErpm  line_follow.o
    0x2000021a        -       0x00000001   Zero   RW          792    .bss.LineFollow_RouteSide  line_follow.o
    0x2000021b   0x08007739   0x00000001   PAD
    0x2000021c        -       0x00000002   Zero   RW          775    .bss.LineFollow_Threshold  line_follow.o
    0x2000021e        -       0x00000001   Zero   RW          788    .bss.LineFollow_TurnDir  line_follow.o
    0x2000021f   0x08007739   0x00000001   PAD
    0x20000220        -       0x00000004   Zero   RW          791    .bss.LineFollow_TurnDoneCount  line_follow.o
    0x20000224        -       0x00000001   Zero   RW          789    .bss.LineFollow_TurnIndex  line_follow.o
    0x20000225   0x08007739   0x00000001   PAD
    0x20000226        -       0x00000002   Zero   RW          790    .bss.LineFollow_TurnYawDeltaDeg10  line_follow.o
    0x20000228        -       0x00000002   Zero   RW          776    .bss.LineFollow_Width  line_follow.o
    0x2000022a        -       0x00000002   Zero   RW          787    .bss.LineFollow_YawCorrectionErpm  line_follow.o
    0x2000022c        -       0x0000000c   Zero   RW          116    .bss.RC_CH          remote.o
    0x20000238        -       0x00000004   Zero   RW          125    .bss.RC_CH1_EdgeCount  remote.o
    0x2000023c        -       0x00000004   Zero   RW          127    .bss.RC_CH1_FallCount  remote.o
    0x20000240        -       0x00000001   Zero   RW          124    .bss.RC_CH1_Level   remote.o
    0x20000241   0x08007739   0x00000001   PAD
    0x20000242        -       0x00000002   Zero   RW          122    .bss.RC_CH1_Pulse   remote.o
    0x20000244        -       0x00000004   Zero   RW          126    .bss.RC_CH1_RiseCount  remote.o
    0x20000248        -       0x00000001   Zero   RW          123    .bss.RC_CH1_Updated  remote.o
    0x20000249   0x08007739   0x00000003   PAD
    0x2000024c        -       0x00000018   Zero   RW          119    .bss.RC_CH_EdgeCount  remote.o
    0x20000264        -       0x00000018   Zero   RW          121    .bss.RC_CH_FallCount  remote.o
    0x2000027c        -       0x00000006   Zero   RW          118    .bss.RC_CH_Level    remote.o
    0x20000282   0x08007739   0x00000002   PAD
    0x20000284        -       0x00000018   Zero   RW          120    .bss.RC_CH_RiseCount  remote.o
    0x2000029c        -       0x00000006   Zero   RW          117    .bss.RC_CH_Updated  remote.o
    0x200002a2        -       0x00000001   Zero   RW          725    .bss.VescCan_BusOff  vesc_can.o
    0x200002a3        -       0x00000001   Zero   RW          726    .bss.VescCan_ErrorPassive  vesc_can.o
    0x200002a4        -       0x00000001   Zero   RW          727    .bss.VescCan_ErrorWarning  vesc_can.o
    0x200002a5        -       0x00000001   Zero   RW          713    .bss.VescCan_InitOk  vesc_can.o
    0x200002a6   0x08007739   0x00000002   PAD
    0x200002a8        -       0x00000004   Zero   RW          722    .bss.VescCan_LastESR  vesc_can.o
    0x200002ac        -       0x00000001   Zero   RW          724    .bss.VescCan_LastErrorCode  vesc_can.o
    0x200002ad   0x08007739   0x00000003   PAD
    0x200002b0        -       0x00000004   Zero   RW          723    .bss.VescCan_LastMSR  vesc_can.o
    0x200002b4        -       0x00000001   Zero   RW          731    .bss.VescCan_LastStatusId  vesc_can.o
    0x200002b5   0x08007739   0x00000003   PAD
    0x200002b8        -       0x00000004   Zero   RW          721    .bss.VescCan_LastTSR  vesc_can.o
    0x200002bc        -       0x00000004   Zero   RW          729    .bss.VescCan_LeftLastErpm  vesc_can.o
    0x200002c0        -       0x00000002   Zero   RW          734    .bss.VescCan_LeftStatusCurrent_dA  vesc_can.o
    0x200002c2        -       0x00000002   Zero   RW          736    .bss.VescCan_LeftStatusDuty_milli  vesc_can.o
    0x200002c4        -       0x00000004   Zero   RW          732    .bss.VescCan_LeftStatusErpm  vesc_can.o
    0x200002c8        -       0x00000001   Zero   RW          738    .bss.VescCan_LeftStatusSeen  vesc_can.o
    0x200002c9   0x08007739   0x00000003   PAD
    0x200002cc        -       0x00000004   Zero   RW          730    .bss.VescCan_RightLastErpm  vesc_can.o
    0x200002d0        -       0x00000002   Zero   RW          735    .bss.VescCan_RightStatusCurrent_dA  vesc_can.o
    0x200002d2        -       0x00000002   Zero   RW          737    .bss.VescCan_RightStatusDuty_milli  vesc_can.o
    0x200002d4        -       0x00000004   Zero   RW          733    .bss.VescCan_RightStatusErpm  vesc_can.o
    0x200002d8        -       0x00000001   Zero   RW          739    .bss.VescCan_RightStatusSeen  vesc_can.o
    0x200002d9   0x08007739   0x00000003   PAD
    0x200002dc        -       0x00000004   Zero   RW          715    .bss.VescCan_RxCount  vesc_can.o
    0x200002e0        -       0x00000001   Zero   RW          728    .bss.VescCan_RxFifo0Pending  vesc_can.o
    0x200002e1   0x08007739   0x00000003   PAD
    0x200002e4        -       0x00000004   Zero   RW          714    .bss.VescCan_TxCount  vesc_can.o
    0x200002e8        -       0x00000004   Zero   RW          717    .bss.VescCan_TxFailCount  vesc_can.o
    0x200002ec        -       0x00000004   Zero   RW          718    .bss.VescCan_TxNoMailboxCount  vesc_can.o
    0x200002f0        -       0x00000004   Zero   RW          716    .bss.VescCan_TxOkCount  vesc_can.o
    0x200002f4        -       0x00000100   Zero   RW          796    .bss.ccd_pixels     line_follow.o
    0x200003f4        -       0x00000100   Zero   RW          797    .bss.ccd_pixels_flipped  line_follow.o
    0x200004f4        -       0x00000004   Zero   RW          493    .bss.drive_idle_start_us  actuator.o
    0x200004f8        -       0x00000001   Zero   RW          494    .bss.emm5_enabled   actuator.o
    0x200004f9   0x08007739   0x00000003   PAD
    0x200004fc        -       0x00000004   Zero   RW          868    .bss.imu_last_update_us  imu_icm20948.o
    0x20000500        -       0x00000004   Zero   RW          795    .bss.last_capture_us  line_follow.o
    0x20000504        -       0x00000004   Zero   RW          798    .bss.last_cross_us  line_follow.o
    0x20000508        -       0x00000002   Zero   RW          794    .bss.last_position  line_follow.o
    0x2000050a   0x08007739   0x00000002   PAD
    0x2000050c        -       0x00000004   Zero   RW          799    .bss.last_turn_us   line_follow.o
    0x20000510        -       0x00000001   Zero   RW          488    .bss.lift_switch_ready  actuator.o
    0x20000511   0x08007739   0x00000003   PAD
    0x20000514        -       0x00000004   Zero   RW          491    .bss.lift_trim_last_us  actuator.o
    0x20000518        -       0x00000018   Zero   RW          130    .bss.rc_rise_us     remote.o
    0x20000530        -       0x00000004   Zero   RW          128    .bss.remote_timebase_us_high  remote.o
    0x20000534        -       0x00000004   Zero   RW          801    .bss.turn_start_us  line_follow.o
    0x20000538        -       0x00000004   Zero   RW          800    .bss.turn_start_yaw_deg10  line_follow.o
    0x2000053c        -       0x00000004   Zero   RW          492    .bss.vesc_last_tx_us  actuator.o
    0x20000540        -       0x00000004   Zero   RW          793    .bss.yaw_ref_deg10  line_follow.o
    0x20000544   0x08007739   0x00000004   PAD
    0x20000548        -       0x00000200   Zero   RW            2    HEAP                startup_stm32f40_41xxx.o
    0x20000748        -       0x00000400   Zero   RW            1    STACK               startup_stm32f40_41xxx.o


==============================================================================

Image component sizes


      Code (inc. data)   RO Data    RW Data    ZI Data      Debug   Object Name

      4064          0          0         10         73      11389   actuator.o
      1910          0          0          0         19       6185   imu_icm20948.o
      3280          0          6          3        575       7838   line_follow.o
       856          0         45          0         30       4725   main.o
       230          0          0          0          0       2907   misc.o
      1154          0         72          0        140       8982   remote.o
        64         26        392          0       1536        840   startup_stm32f40_41xxx.o
       800          0          0          0          0       9069   stm32f4xx_adc.o
      2652          0          0          0          0       9635   stm32f4xx_can.o
       306          0          0          0          0       2612   stm32f4xx_exti.o
       452          0          0          0          0       4470   stm32f4xx_gpio.o
        68          0          0          0          0       1279   stm32f4xx_it.o
       578          0         16          0          0      10579   stm32f4xx_rcc.o
        86          0          0          0          0       2019   stm32f4xx_syscfg.o
       942          0          0          0          0      19748   stm32f4xx_tim.o
       490          0          0          0          0       7207   stm32f4xx_usart.o
       726          0         16          4          0       3170   system_stm32f4xx.o
      1178          0          0          2         65       8993   vesc_can.o

    ----------------------------------------------------------------------
     19954         26        584         24       2504     121647   Object Totals
         0          0         32          0          0          0   (incl. Generated)
       118          0          5          5         66          0   (incl. Padding)

    ----------------------------------------------------------------------

      Code (inc. data)   RO Data    RW Data    ZI Data      Debug   Library Member Name

         8          0          0          0          0         68   __main.o
       392          4         17          0          0         92   __printf_flags_ss_wp.o
        14          0          0          0          0         68   __printf_wp.o
         0          0          0          0          0          0   __rtentry.o
        12          0          0          0          0          0   __rtentry2.o
         6          0          0          0          0          0   __rtentry4.o
        94          8          0          0          0          0   __scatter.o
        26          0          0          0          0          0   __scatter_copy.o
        28          0          0          0          0          0   __scatter_zi.o
        72          0          0          0          0         96   _c16rtomb.o
         6          0          0          0          0          0   _printf_a.o
         6          0          0          0          0          0   _printf_c.o
        44          0          0          0          0        108   _printf_char.o
        48          6          0          0          0         96   _printf_char_common.o
        36          4          0          0          0         80   _printf_char_file.o
        40          0          0          0          0         68   _printf_charcount.o
         6          0          0          0          0          0   _printf_d.o
       120         16          0          0          0         92   _printf_dec.o
         6          0          0          0          0          0   _printf_e.o
         6          0          0          0          0          0   _printf_f.o
      1052          0          0          0          0        148   _printf_fp_dec.o
       764          8         38          0          0        100   _printf_fp_hex.o
       128         16          0          0          0         84   _printf_fp_infnan.o
         6          0          0          0          0          0   _printf_g.o
       148          4         40          0          0        160   _printf_hex_int_ll_ptr.o
         6          0          0          0          0          0   _printf_i.o
       178          0          0          0          0         88   _printf_intcommon.o
        10          0          0          0          0          0   _printf_l.o
         6          0          0          0          0          0   _printf_lc.o
        10          0          0          0          0          0   _printf_ll.o
         6          0          0          0          0          0   _printf_lld.o
         6          0          0          0          0          0   _printf_lli.o
         6          0          0          0          0          0   _printf_llo.o
         6          0          0          0          0          0   _printf_llu.o
         6          0          0          0          0          0   _printf_llx.o
       124         16          0          0          0         92   _printf_longlong_dec.o
         6          0          0          0          0          0   _printf_ls.o
         6          0          0          0          0          0   _printf_n.o
         6          0          0          0          0          0   _printf_o.o
       112          8          0          0          0        124   _printf_oct_int_ll.o
         6          0          0          0          0          0   _printf_p.o
        78          0          0          0          0        108   _printf_pad.o
         0          0          0          0          0          0   _printf_percent.o
         4          0          0          0          0          0   _printf_percent_end.o
         6          0          0          0          0          0   _printf_s.o
        82          0          0          0          0         80   _printf_str.o
        36          0          0          0          0         84   _printf_truncate.o
         6          0          0          0          0          0   _printf_u.o
        44          0          0          0          0        108   _printf_wchar.o
       188          6          8          0          0         92   _printf_wctomb.o
         6          0          0          0          0          0   _printf_x.o
       228          4        148          0          0         96   bigflt0.o
      1936        128          0          0          0        668   btod.o
        10          0          0          0          0         68   defsig_exit.o
        50          0          0          0          0         88   defsig_general.o
        80         58          0          0          0         76   defsig_rtmem_inner.o
        14          0          0          0          0         80   defsig_rtmem_outer.o
        52         38          0          0          0         76   defsig_rtred_inner.o
        14          0          0          0          0         80   defsig_rtred_outer.o
        18          0          0          0          0         80   exit.o
        76          0          0          0          0         88   fclose.o
         8          0          0          0          0         68   ferror.o
       240          6          0          0          0        128   fopen.o
       248          6          0          0          0         84   fseek.o
        66          0          0          0          0         76   ftell.o
        94          0          0          0          0         80   h1_alloc.o
        52          0          0          0          0         68   h1_extend.o
        78          0          0          0          0         80   h1_free.o
        12          0          0          0          0         84   h1_init.o
         6          0          0          0          0        152   heapauxi.o
         4          0          0          0          0        136   hguard.o
         0          0          0          0          0          0   indicate_semi.o
       138          0          0          0          0        168   init_alloc.o
       312         46          0          0          0        112   initio.o
        44         10        272          0          0         76   lc_ctype_c.o
        44         10         28          0          0         76   lc_numeric_c.o
         2          0          0          0          0          0   libinit.o
        46          0          0          0          0          0   libinit2.o
         2          0          0          0          0          0   libshutdown.o
         6          0          0          0          0          0   libshutdown2.o
         8          4          0          0         96         68   libspace.o
       116          0          0          0          0         84   llsdiv.o
       138          0          0          0          0         80   lludiv10.o
       240          0          0          0          0        100   lludivv7m.o
         0          0          0          0          0          0   maybetermalloc1.o
        24          4          0          0          0         84   printf.o
        16          4          0          0          0         76   rt_ctype_table.o
         8          4          0          0          0         68   rt_errno_addr_intlibspace.o
         8          4          0          0          0         68   rt_heap_descriptor_intlibspace.o
         8          4          0          0          0         68   rt_locale_intlibspace.o
        78          0          0          0          0         80   rt_memclr_w.o
         2          0          0          0          0          0   rtexit.o
        10          0          0          0          0          0   rtexit2.o
        70          0          0          0          0         80   setvbuf.o
       264          6          0          0          0        160   stdio.o
         0          0          0         12        252          0   stdio_streams.o
       124          0          0          0          0         88   strcmpv7em.o
        62          0          0          0          0         76   strlen.o
        12          4          0          0          0         68   sys_exit.o
       102          0          0          0          0        240   sys_io.o
         0          0         12          0          0          0   sys_io_names.o
        74          0          0          0          0         80   sys_stackheap_outer.o
        14          0          0          0          0         76   sys_wrch.o
         2          0          0          0          0         68   use_no_semi.o
        26          0          0          0          0        116   fpinit.o
         4          0          0          0          0        116   printf1.o
         4          0          0          0          0        116   printf2.o
         0          0          0          0          0          0   usenofp.o
        48          0          0          0          0        124   fpclassify.o

    ----------------------------------------------------------------------
      9382        436        564         12        348       7008   Library Totals
        22          0          1          0          0          0   (incl. Padding)

    ----------------------------------------------------------------------

      Code (inc. data)   RO Data    RW Data    ZI Data      Debug   Library Name

      9278        436        563         12        348       6536   c_w.l
        34          0          0          0          0        348   fz_wm.l
        48          0          0          0          0        124   m_wm.l

    ----------------------------------------------------------------------
      9382        436        564         12        348       7008   Library Totals

    ----------------------------------------------------------------------

==============================================================================


      Code (inc. data)   RO Data    RW Data    ZI Data      Debug   

     29336        462       1148         36       2852     124667   Grand Totals
     29336        462       1148         36       2852     124667   ELF Image Totals
     29336        462       1148         36          0          0   ROM Totals

==============================================================================

    Total RO  Size (Code + RO Data)                30484 (  29.77kB)
    Total RW  Size (RW Data + ZI Data)              2888 (   2.82kB)
    Total ROM Size (Code + RO Data + RW Data)      30520 (  29.80kB)

==============================================================================

